<!doctype html public "-//w3c//dtd html 4.0 transitional//en">
<html><head>
<title>Static Call Graph - [.\obj\ece353_base_project.axf]</title></head>
<body><HR>
<H1>Static Call Graph for image .\obj\ece353_base_project.axf</H1><HR>
<BR><P>#&#060CALLGRAPH&#062# ARM Linker, 5040049: Last Updated: Wed May 04 14:43:25 2016
<BR><P>
<H3>Maximum Stack Usage =        400 bytes + Unknown(Cycles, Untraceable Function Pointers)</H3><H3>
Call chain for Maximum Stack Depth:</H3>
main &rArr; start_game &rArr; dwn_pressed &rArr; prompt3 &rArr; __0scanf &rArr; __vfscanf_char_file &rArr; __vfscanf_char &rArr; __vfscanf &rArr; _scanf_string
<P>
<H3>
Mutually Recursive functions
</H3> <LI><a href="#[1]">NMI_Handler</a>&nbsp;&nbsp;&nbsp;&rArr;&nbsp;&nbsp;&nbsp;<a href="#[1]">NMI_Handler</a><BR>
 <LI><a href="#[2]">HardFault_Handler</a>&nbsp;&nbsp;&nbsp;&rArr;&nbsp;&nbsp;&nbsp;<a href="#[2]">HardFault_Handler</a><BR>
 <LI><a href="#[3]">MemManage_Handler</a>&nbsp;&nbsp;&nbsp;&rArr;&nbsp;&nbsp;&nbsp;<a href="#[3]">MemManage_Handler</a><BR>
 <LI><a href="#[4]">BusFault_Handler</a>&nbsp;&nbsp;&nbsp;&rArr;&nbsp;&nbsp;&nbsp;<a href="#[4]">BusFault_Handler</a><BR>
 <LI><a href="#[5]">UsageFault_Handler</a>&nbsp;&nbsp;&nbsp;&rArr;&nbsp;&nbsp;&nbsp;<a href="#[5]">UsageFault_Handler</a><BR>
 <LI><a href="#[6]">SVC_Handler</a>&nbsp;&nbsp;&nbsp;&rArr;&nbsp;&nbsp;&nbsp;<a href="#[6]">SVC_Handler</a><BR>
 <LI><a href="#[7]">DebugMon_Handler</a>&nbsp;&nbsp;&nbsp;&rArr;&nbsp;&nbsp;&nbsp;<a href="#[7]">DebugMon_Handler</a><BR>
 <LI><a href="#[8]">PendSV_Handler</a>&nbsp;&nbsp;&nbsp;&rArr;&nbsp;&nbsp;&nbsp;<a href="#[8]">PendSV_Handler</a><BR>
 <LI><a href="#[a]">GPIOA_Handler</a>&nbsp;&nbsp;&nbsp;&rArr;&nbsp;&nbsp;&nbsp;<a href="#[a]">GPIOA_Handler</a><BR>
 <LI><a href="#[b]">GPIOB_Handler</a>&nbsp;&nbsp;&nbsp;&rArr;&nbsp;&nbsp;&nbsp;<a href="#[b]">GPIOB_Handler</a><BR>
 <LI><a href="#[c]">GPIOC_Handler</a>&nbsp;&nbsp;&nbsp;&rArr;&nbsp;&nbsp;&nbsp;<a href="#[c]">GPIOC_Handler</a><BR>
 <LI><a href="#[e]">GPIOE_Handler</a>&nbsp;&nbsp;&nbsp;&rArr;&nbsp;&nbsp;&nbsp;<a href="#[e]">GPIOE_Handler</a><BR>
 <LI><a href="#[10]">UART1_Handler</a>&nbsp;&nbsp;&nbsp;&rArr;&nbsp;&nbsp;&nbsp;<a href="#[10]">UART1_Handler</a><BR>
 <LI><a href="#[11]">SSI0_Handler</a>&nbsp;&nbsp;&nbsp;&rArr;&nbsp;&nbsp;&nbsp;<a href="#[11]">SSI0_Handler</a><BR>
 <LI><a href="#[12]">I2C0_Handler</a>&nbsp;&nbsp;&nbsp;&rArr;&nbsp;&nbsp;&nbsp;<a href="#[12]">I2C0_Handler</a><BR>
 <LI><a href="#[13]">PMW0_FAULT_Handler</a>&nbsp;&nbsp;&nbsp;&rArr;&nbsp;&nbsp;&nbsp;<a href="#[13]">PMW0_FAULT_Handler</a><BR>
 <LI><a href="#[14]">PWM0_0_Handler</a>&nbsp;&nbsp;&nbsp;&rArr;&nbsp;&nbsp;&nbsp;<a href="#[14]">PWM0_0_Handler</a><BR>
 <LI><a href="#[15]">PWM0_1_Handler</a>&nbsp;&nbsp;&nbsp;&rArr;&nbsp;&nbsp;&nbsp;<a href="#[15]">PWM0_1_Handler</a><BR>
 <LI><a href="#[16]">PWM0_2_Handler</a>&nbsp;&nbsp;&nbsp;&rArr;&nbsp;&nbsp;&nbsp;<a href="#[16]">PWM0_2_Handler</a><BR>
 <LI><a href="#[17]">QEI0_Handler</a>&nbsp;&nbsp;&nbsp;&rArr;&nbsp;&nbsp;&nbsp;<a href="#[17]">QEI0_Handler</a><BR>
 <LI><a href="#[19]">ADC0SS1_Handler</a>&nbsp;&nbsp;&nbsp;&rArr;&nbsp;&nbsp;&nbsp;<a href="#[19]">ADC0SS1_Handler</a><BR>
 <LI><a href="#[1a]">ADC0SS2_Handler</a>&nbsp;&nbsp;&nbsp;&rArr;&nbsp;&nbsp;&nbsp;<a href="#[1a]">ADC0SS2_Handler</a><BR>
 <LI><a href="#[1b]">ADC0SS3_Handler</a>&nbsp;&nbsp;&nbsp;&rArr;&nbsp;&nbsp;&nbsp;<a href="#[1b]">ADC0SS3_Handler</a><BR>
 <LI><a href="#[1e]">TIMER0B_Handler</a>&nbsp;&nbsp;&nbsp;&rArr;&nbsp;&nbsp;&nbsp;<a href="#[1e]">TIMER0B_Handler</a><BR>
 <LI><a href="#[20]">TIMER1B_Handler</a>&nbsp;&nbsp;&nbsp;&rArr;&nbsp;&nbsp;&nbsp;<a href="#[20]">TIMER1B_Handler</a><BR>
 <LI><a href="#[21]">TIMER2A_Handler</a>&nbsp;&nbsp;&nbsp;&rArr;&nbsp;&nbsp;&nbsp;<a href="#[21]">TIMER2A_Handler</a><BR>
 <LI><a href="#[22]">TIMER2B_Handler</a>&nbsp;&nbsp;&nbsp;&rArr;&nbsp;&nbsp;&nbsp;<a href="#[22]">TIMER2B_Handler</a><BR>
 <LI><a href="#[23]">COMP0_Handler</a>&nbsp;&nbsp;&nbsp;&rArr;&nbsp;&nbsp;&nbsp;<a href="#[23]">COMP0_Handler</a><BR>
 <LI><a href="#[24]">COMP1_Handler</a>&nbsp;&nbsp;&nbsp;&rArr;&nbsp;&nbsp;&nbsp;<a href="#[24]">COMP1_Handler</a><BR>
 <LI><a href="#[25]">COMP2_Handler</a>&nbsp;&nbsp;&nbsp;&rArr;&nbsp;&nbsp;&nbsp;<a href="#[25]">COMP2_Handler</a><BR>
 <LI><a href="#[26]">SYSCTL_Handler</a>&nbsp;&nbsp;&nbsp;&rArr;&nbsp;&nbsp;&nbsp;<a href="#[26]">SYSCTL_Handler</a><BR>
 <LI><a href="#[27]">FLASH_Handler</a>&nbsp;&nbsp;&nbsp;&rArr;&nbsp;&nbsp;&nbsp;<a href="#[27]">FLASH_Handler</a><BR>
 <LI><a href="#[28]">GPIOF_Handler</a>&nbsp;&nbsp;&nbsp;&rArr;&nbsp;&nbsp;&nbsp;<a href="#[28]">GPIOF_Handler</a><BR>
 <LI><a href="#[29]">GPIOG_Handler</a>&nbsp;&nbsp;&nbsp;&rArr;&nbsp;&nbsp;&nbsp;<a href="#[29]">GPIOG_Handler</a><BR>
 <LI><a href="#[2a]">GPIOH_Handler</a>&nbsp;&nbsp;&nbsp;&rArr;&nbsp;&nbsp;&nbsp;<a href="#[2a]">GPIOH_Handler</a><BR>
 <LI><a href="#[2b]">UART2_Handler</a>&nbsp;&nbsp;&nbsp;&rArr;&nbsp;&nbsp;&nbsp;<a href="#[2b]">UART2_Handler</a><BR>
 <LI><a href="#[2c]">SSI1_Handler</a>&nbsp;&nbsp;&nbsp;&rArr;&nbsp;&nbsp;&nbsp;<a href="#[2c]">SSI1_Handler</a><BR>
 <LI><a href="#[2d]">TIMER3A_Handler</a>&nbsp;&nbsp;&nbsp;&rArr;&nbsp;&nbsp;&nbsp;<a href="#[2d]">TIMER3A_Handler</a><BR>
 <LI><a href="#[2e]">TIMER3B_Handler</a>&nbsp;&nbsp;&nbsp;&rArr;&nbsp;&nbsp;&nbsp;<a href="#[2e]">TIMER3B_Handler</a><BR>
 <LI><a href="#[2f]">I2C1_Handler</a>&nbsp;&nbsp;&nbsp;&rArr;&nbsp;&nbsp;&nbsp;<a href="#[2f]">I2C1_Handler</a><BR>
 <LI><a href="#[30]">QEI1_Handler</a>&nbsp;&nbsp;&nbsp;&rArr;&nbsp;&nbsp;&nbsp;<a href="#[30]">QEI1_Handler</a><BR>
 <LI><a href="#[31]">CAN0_Handler</a>&nbsp;&nbsp;&nbsp;&rArr;&nbsp;&nbsp;&nbsp;<a href="#[31]">CAN0_Handler</a><BR>
 <LI><a href="#[32]">CAN1_Handler</a>&nbsp;&nbsp;&nbsp;&rArr;&nbsp;&nbsp;&nbsp;<a href="#[32]">CAN1_Handler</a><BR>
 <LI><a href="#[33]">CAN2_Handler</a>&nbsp;&nbsp;&nbsp;&rArr;&nbsp;&nbsp;&nbsp;<a href="#[33]">CAN2_Handler</a><BR>
 <LI><a href="#[34]">HIB_Handler</a>&nbsp;&nbsp;&nbsp;&rArr;&nbsp;&nbsp;&nbsp;<a href="#[34]">HIB_Handler</a><BR>
 <LI><a href="#[35]">USB0_Handler</a>&nbsp;&nbsp;&nbsp;&rArr;&nbsp;&nbsp;&nbsp;<a href="#[35]">USB0_Handler</a><BR>
 <LI><a href="#[36]">PWM0_3_Handler</a>&nbsp;&nbsp;&nbsp;&rArr;&nbsp;&nbsp;&nbsp;<a href="#[36]">PWM0_3_Handler</a><BR>
 <LI><a href="#[37]">UDMA_Handler</a>&nbsp;&nbsp;&nbsp;&rArr;&nbsp;&nbsp;&nbsp;<a href="#[37]">UDMA_Handler</a><BR>
 <LI><a href="#[38]">UDMAERR_Handler</a>&nbsp;&nbsp;&nbsp;&rArr;&nbsp;&nbsp;&nbsp;<a href="#[38]">UDMAERR_Handler</a><BR>
 <LI><a href="#[39]">ADC1SS0_Handler</a>&nbsp;&nbsp;&nbsp;&rArr;&nbsp;&nbsp;&nbsp;<a href="#[39]">ADC1SS0_Handler</a><BR>
 <LI><a href="#[3a]">ADC1SS1_Handler</a>&nbsp;&nbsp;&nbsp;&rArr;&nbsp;&nbsp;&nbsp;<a href="#[3a]">ADC1SS1_Handler</a><BR>
 <LI><a href="#[3b]">ADC1SS2_Handler</a>&nbsp;&nbsp;&nbsp;&rArr;&nbsp;&nbsp;&nbsp;<a href="#[3b]">ADC1SS2_Handler</a><BR>
 <LI><a href="#[3d]">GPIOJ_Handler</a>&nbsp;&nbsp;&nbsp;&rArr;&nbsp;&nbsp;&nbsp;<a href="#[3d]">GPIOJ_Handler</a><BR>
 <LI><a href="#[3e]">GPIOK_Handler</a>&nbsp;&nbsp;&nbsp;&rArr;&nbsp;&nbsp;&nbsp;<a href="#[3e]">GPIOK_Handler</a><BR>
 <LI><a href="#[3f]">GPIOL_Handler</a>&nbsp;&nbsp;&nbsp;&rArr;&nbsp;&nbsp;&nbsp;<a href="#[3f]">GPIOL_Handler</a><BR>
 <LI><a href="#[40]">SSI2_Handler</a>&nbsp;&nbsp;&nbsp;&rArr;&nbsp;&nbsp;&nbsp;<a href="#[40]">SSI2_Handler</a><BR>
 <LI><a href="#[41]">SSI3_Handler</a>&nbsp;&nbsp;&nbsp;&rArr;&nbsp;&nbsp;&nbsp;<a href="#[41]">SSI3_Handler</a><BR>
 <LI><a href="#[42]">UART3_Handler</a>&nbsp;&nbsp;&nbsp;&rArr;&nbsp;&nbsp;&nbsp;<a href="#[42]">UART3_Handler</a><BR>
 <LI><a href="#[43]">UART4_Handler</a>&nbsp;&nbsp;&nbsp;&rArr;&nbsp;&nbsp;&nbsp;<a href="#[43]">UART4_Handler</a><BR>
 <LI><a href="#[44]">UART5_Handler</a>&nbsp;&nbsp;&nbsp;&rArr;&nbsp;&nbsp;&nbsp;<a href="#[44]">UART5_Handler</a><BR>
 <LI><a href="#[45]">UART6_Handler</a>&nbsp;&nbsp;&nbsp;&rArr;&nbsp;&nbsp;&nbsp;<a href="#[45]">UART6_Handler</a><BR>
 <LI><a href="#[46]">UART7_Handler</a>&nbsp;&nbsp;&nbsp;&rArr;&nbsp;&nbsp;&nbsp;<a href="#[46]">UART7_Handler</a><BR>
 <LI><a href="#[47]">I2C2_Handler</a>&nbsp;&nbsp;&nbsp;&rArr;&nbsp;&nbsp;&nbsp;<a href="#[47]">I2C2_Handler</a><BR>
 <LI><a href="#[48]">I2C3_Handler</a>&nbsp;&nbsp;&nbsp;&rArr;&nbsp;&nbsp;&nbsp;<a href="#[48]">I2C3_Handler</a><BR>
 <LI><a href="#[49]">TIMER4A_Handler</a>&nbsp;&nbsp;&nbsp;&rArr;&nbsp;&nbsp;&nbsp;<a href="#[49]">TIMER4A_Handler</a><BR>
 <LI><a href="#[4a]">TIMER4B_Handler</a>&nbsp;&nbsp;&nbsp;&rArr;&nbsp;&nbsp;&nbsp;<a href="#[4a]">TIMER4B_Handler</a><BR>
 <LI><a href="#[4b]">TIMER5A_Handler</a>&nbsp;&nbsp;&nbsp;&rArr;&nbsp;&nbsp;&nbsp;<a href="#[4b]">TIMER5A_Handler</a><BR>
 <LI><a href="#[4c]">TIMER5B_Handler</a>&nbsp;&nbsp;&nbsp;&rArr;&nbsp;&nbsp;&nbsp;<a href="#[4c]">TIMER5B_Handler</a><BR>
 <LI><a href="#[4d]">WTIMER0A_Handler</a>&nbsp;&nbsp;&nbsp;&rArr;&nbsp;&nbsp;&nbsp;<a href="#[4d]">WTIMER0A_Handler</a><BR>
 <LI><a href="#[4e]">WTIMER0B_Handler</a>&nbsp;&nbsp;&nbsp;&rArr;&nbsp;&nbsp;&nbsp;<a href="#[4e]">WTIMER0B_Handler</a><BR>
 <LI><a href="#[4f]">WTIMER1A_Handler</a>&nbsp;&nbsp;&nbsp;&rArr;&nbsp;&nbsp;&nbsp;<a href="#[4f]">WTIMER1A_Handler</a><BR>
 <LI><a href="#[50]">WTIMER1B_Handler</a>&nbsp;&nbsp;&nbsp;&rArr;&nbsp;&nbsp;&nbsp;<a href="#[50]">WTIMER1B_Handler</a><BR>
 <LI><a href="#[51]">WTIMER2A_Handler</a>&nbsp;&nbsp;&nbsp;&rArr;&nbsp;&nbsp;&nbsp;<a href="#[51]">WTIMER2A_Handler</a><BR>
 <LI><a href="#[52]">WTIMER2B_Handler</a>&nbsp;&nbsp;&nbsp;&rArr;&nbsp;&nbsp;&nbsp;<a href="#[52]">WTIMER2B_Handler</a><BR>
 <LI><a href="#[53]">WTIMER3A_Handler</a>&nbsp;&nbsp;&nbsp;&rArr;&nbsp;&nbsp;&nbsp;<a href="#[53]">WTIMER3A_Handler</a><BR>
 <LI><a href="#[54]">WTIMER3B_Handler</a>&nbsp;&nbsp;&nbsp;&rArr;&nbsp;&nbsp;&nbsp;<a href="#[54]">WTIMER3B_Handler</a><BR>
 <LI><a href="#[55]">WTIMER4A_Handler</a>&nbsp;&nbsp;&nbsp;&rArr;&nbsp;&nbsp;&nbsp;<a href="#[55]">WTIMER4A_Handler</a><BR>
 <LI><a href="#[56]">WTIMER4B_Handler</a>&nbsp;&nbsp;&nbsp;&rArr;&nbsp;&nbsp;&nbsp;<a href="#[56]">WTIMER4B_Handler</a><BR>
 <LI><a href="#[57]">WTIMER5A_Handler</a>&nbsp;&nbsp;&nbsp;&rArr;&nbsp;&nbsp;&nbsp;<a href="#[57]">WTIMER5A_Handler</a><BR>
 <LI><a href="#[58]">WTIMER5B_Handler</a>&nbsp;&nbsp;&nbsp;&rArr;&nbsp;&nbsp;&nbsp;<a href="#[58]">WTIMER5B_Handler</a><BR>
 <LI><a href="#[59]">FPU_Handler</a>&nbsp;&nbsp;&nbsp;&rArr;&nbsp;&nbsp;&nbsp;<a href="#[59]">FPU_Handler</a><BR>
 <LI><a href="#[5a]">I2C4_Handler</a>&nbsp;&nbsp;&nbsp;&rArr;&nbsp;&nbsp;&nbsp;<a href="#[5a]">I2C4_Handler</a><BR>
 <LI><a href="#[5b]">I2C5_Handler</a>&nbsp;&nbsp;&nbsp;&rArr;&nbsp;&nbsp;&nbsp;<a href="#[5b]">I2C5_Handler</a><BR>
 <LI><a href="#[5c]">GPIOM_Handler</a>&nbsp;&nbsp;&nbsp;&rArr;&nbsp;&nbsp;&nbsp;<a href="#[5c]">GPIOM_Handler</a><BR>
 <LI><a href="#[5d]">GPION_Handler</a>&nbsp;&nbsp;&nbsp;&rArr;&nbsp;&nbsp;&nbsp;<a href="#[5d]">GPION_Handler</a><BR>
 <LI><a href="#[5e]">QEI2_Handler</a>&nbsp;&nbsp;&nbsp;&rArr;&nbsp;&nbsp;&nbsp;<a href="#[5e]">QEI2_Handler</a><BR>
 <LI><a href="#[5f]">GPIOP0_Handler</a>&nbsp;&nbsp;&nbsp;&rArr;&nbsp;&nbsp;&nbsp;<a href="#[5f]">GPIOP0_Handler</a><BR>
 <LI><a href="#[60]">GPIOP1_Handler</a>&nbsp;&nbsp;&nbsp;&rArr;&nbsp;&nbsp;&nbsp;<a href="#[60]">GPIOP1_Handler</a><BR>
 <LI><a href="#[61]">GPIOP2_Handler</a>&nbsp;&nbsp;&nbsp;&rArr;&nbsp;&nbsp;&nbsp;<a href="#[61]">GPIOP2_Handler</a><BR>
 <LI><a href="#[62]">GPIOP3_Handler</a>&nbsp;&nbsp;&nbsp;&rArr;&nbsp;&nbsp;&nbsp;<a href="#[62]">GPIOP3_Handler</a><BR>
 <LI><a href="#[63]">GPIOP4_Handler</a>&nbsp;&nbsp;&nbsp;&rArr;&nbsp;&nbsp;&nbsp;<a href="#[63]">GPIOP4_Handler</a><BR>
 <LI><a href="#[64]">GPIOP5_Handler</a>&nbsp;&nbsp;&nbsp;&rArr;&nbsp;&nbsp;&nbsp;<a href="#[64]">GPIOP5_Handler</a><BR>
 <LI><a href="#[65]">GPIOP6_Handler</a>&nbsp;&nbsp;&nbsp;&rArr;&nbsp;&nbsp;&nbsp;<a href="#[65]">GPIOP6_Handler</a><BR>
 <LI><a href="#[66]">GPIOP7_Handler</a>&nbsp;&nbsp;&nbsp;&rArr;&nbsp;&nbsp;&nbsp;<a href="#[66]">GPIOP7_Handler</a><BR>
 <LI><a href="#[67]">GPIOQ0_Handler</a>&nbsp;&nbsp;&nbsp;&rArr;&nbsp;&nbsp;&nbsp;<a href="#[67]">GPIOQ0_Handler</a><BR>
 <LI><a href="#[68]">GPIOQ1_Handler</a>&nbsp;&nbsp;&nbsp;&rArr;&nbsp;&nbsp;&nbsp;<a href="#[68]">GPIOQ1_Handler</a><BR>
 <LI><a href="#[69]">GPIOQ2_Handler</a>&nbsp;&nbsp;&nbsp;&rArr;&nbsp;&nbsp;&nbsp;<a href="#[69]">GPIOQ2_Handler</a><BR>
 <LI><a href="#[6a]">GPIOQ3_Handler</a>&nbsp;&nbsp;&nbsp;&rArr;&nbsp;&nbsp;&nbsp;<a href="#[6a]">GPIOQ3_Handler</a><BR>
 <LI><a href="#[6b]">GPIOQ4_Handler</a>&nbsp;&nbsp;&nbsp;&rArr;&nbsp;&nbsp;&nbsp;<a href="#[6b]">GPIOQ4_Handler</a><BR>
 <LI><a href="#[6c]">GPIOQ5_Handler</a>&nbsp;&nbsp;&nbsp;&rArr;&nbsp;&nbsp;&nbsp;<a href="#[6c]">GPIOQ5_Handler</a><BR>
 <LI><a href="#[6d]">GPIOQ6_Handler</a>&nbsp;&nbsp;&nbsp;&rArr;&nbsp;&nbsp;&nbsp;<a href="#[6d]">GPIOQ6_Handler</a><BR>
 <LI><a href="#[6e]">GPIOQ7_Handler</a>&nbsp;&nbsp;&nbsp;&rArr;&nbsp;&nbsp;&nbsp;<a href="#[6e]">GPIOQ7_Handler</a><BR>
 <LI><a href="#[6f]">GPIOR_Handler</a>&nbsp;&nbsp;&nbsp;&rArr;&nbsp;&nbsp;&nbsp;<a href="#[6f]">GPIOR_Handler</a><BR>
 <LI><a href="#[70]">GPIOS_Handler</a>&nbsp;&nbsp;&nbsp;&rArr;&nbsp;&nbsp;&nbsp;<a href="#[70]">GPIOS_Handler</a><BR>
 <LI><a href="#[71]">PMW1_0_Handler</a>&nbsp;&nbsp;&nbsp;&rArr;&nbsp;&nbsp;&nbsp;<a href="#[71]">PMW1_0_Handler</a><BR>
 <LI><a href="#[72]">PWM1_1_Handler</a>&nbsp;&nbsp;&nbsp;&rArr;&nbsp;&nbsp;&nbsp;<a href="#[72]">PWM1_1_Handler</a><BR>
 <LI><a href="#[73]">PWM1_2_Handler</a>&nbsp;&nbsp;&nbsp;&rArr;&nbsp;&nbsp;&nbsp;<a href="#[73]">PWM1_2_Handler</a><BR>
 <LI><a href="#[74]">PWM1_3_Handler</a>&nbsp;&nbsp;&nbsp;&rArr;&nbsp;&nbsp;&nbsp;<a href="#[74]">PWM1_3_Handler</a><BR>
 <LI><a href="#[75]">PWM1_FAULT_Handler</a>&nbsp;&nbsp;&nbsp;&rArr;&nbsp;&nbsp;&nbsp;<a href="#[75]">PWM1_FAULT_Handler</a><BR>
</UL>
<P>
<H3>
Function Pointers
</H3><UL>
 <LI><a href="#[18]">ADC0SS0_Handler</a> from interrupts.o(.text) referenced from startup_tm4c123.o(RESET)
 <LI><a href="#[19]">ADC0SS1_Handler</a> from startup_tm4c123.o(.text) referenced from startup_tm4c123.o(RESET)
 <LI><a href="#[1a]">ADC0SS2_Handler</a> from startup_tm4c123.o(.text) referenced from startup_tm4c123.o(RESET)
 <LI><a href="#[1b]">ADC0SS3_Handler</a> from startup_tm4c123.o(.text) referenced from startup_tm4c123.o(RESET)
 <LI><a href="#[39]">ADC1SS0_Handler</a> from startup_tm4c123.o(.text) referenced from startup_tm4c123.o(RESET)
 <LI><a href="#[3a]">ADC1SS1_Handler</a> from startup_tm4c123.o(.text) referenced from startup_tm4c123.o(RESET)
 <LI><a href="#[3b]">ADC1SS2_Handler</a> from startup_tm4c123.o(.text) referenced from startup_tm4c123.o(RESET)
 <LI><a href="#[3c]">ADC1SS3_Handler</a> from interrupts.o(.text) referenced from startup_tm4c123.o(RESET)
 <LI><a href="#[4]">BusFault_Handler</a> from startup_tm4c123.o(.text) referenced from startup_tm4c123.o(RESET)
 <LI><a href="#[31]">CAN0_Handler</a> from startup_tm4c123.o(.text) referenced from startup_tm4c123.o(RESET)
 <LI><a href="#[32]">CAN1_Handler</a> from startup_tm4c123.o(.text) referenced from startup_tm4c123.o(RESET)
 <LI><a href="#[33]">CAN2_Handler</a> from startup_tm4c123.o(.text) referenced from startup_tm4c123.o(RESET)
 <LI><a href="#[23]">COMP0_Handler</a> from startup_tm4c123.o(.text) referenced from startup_tm4c123.o(RESET)
 <LI><a href="#[24]">COMP1_Handler</a> from startup_tm4c123.o(.text) referenced from startup_tm4c123.o(RESET)
 <LI><a href="#[25]">COMP2_Handler</a> from startup_tm4c123.o(.text) referenced from startup_tm4c123.o(RESET)
 <LI><a href="#[7]">DebugMon_Handler</a> from startup_tm4c123.o(.text) referenced from startup_tm4c123.o(RESET)
 <LI><a href="#[27]">FLASH_Handler</a> from startup_tm4c123.o(.text) referenced from startup_tm4c123.o(RESET)
 <LI><a href="#[59]">FPU_Handler</a> from startup_tm4c123.o(.text) referenced from startup_tm4c123.o(RESET)
 <LI><a href="#[a]">GPIOA_Handler</a> from startup_tm4c123.o(.text) referenced from startup_tm4c123.o(RESET)
 <LI><a href="#[b]">GPIOB_Handler</a> from startup_tm4c123.o(.text) referenced from startup_tm4c123.o(RESET)
 <LI><a href="#[c]">GPIOC_Handler</a> from startup_tm4c123.o(.text) referenced from startup_tm4c123.o(RESET)
 <LI><a href="#[d]">GPIOD_Handler</a> from interrupts.o(.text) referenced from startup_tm4c123.o(RESET)
 <LI><a href="#[e]">GPIOE_Handler</a> from startup_tm4c123.o(.text) referenced from startup_tm4c123.o(RESET)
 <LI><a href="#[28]">GPIOF_Handler</a> from startup_tm4c123.o(.text) referenced from startup_tm4c123.o(RESET)
 <LI><a href="#[29]">GPIOG_Handler</a> from startup_tm4c123.o(.text) referenced from startup_tm4c123.o(RESET)
 <LI><a href="#[2a]">GPIOH_Handler</a> from startup_tm4c123.o(.text) referenced from startup_tm4c123.o(RESET)
 <LI><a href="#[3d]">GPIOJ_Handler</a> from startup_tm4c123.o(.text) referenced from startup_tm4c123.o(RESET)
 <LI><a href="#[3e]">GPIOK_Handler</a> from startup_tm4c123.o(.text) referenced from startup_tm4c123.o(RESET)
 <LI><a href="#[3f]">GPIOL_Handler</a> from startup_tm4c123.o(.text) referenced from startup_tm4c123.o(RESET)
 <LI><a href="#[5c]">GPIOM_Handler</a> from startup_tm4c123.o(.text) referenced from startup_tm4c123.o(RESET)
 <LI><a href="#[5d]">GPION_Handler</a> from startup_tm4c123.o(.text) referenced from startup_tm4c123.o(RESET)
 <LI><a href="#[5f]">GPIOP0_Handler</a> from startup_tm4c123.o(.text) referenced from startup_tm4c123.o(RESET)
 <LI><a href="#[60]">GPIOP1_Handler</a> from startup_tm4c123.o(.text) referenced from startup_tm4c123.o(RESET)
 <LI><a href="#[61]">GPIOP2_Handler</a> from startup_tm4c123.o(.text) referenced from startup_tm4c123.o(RESET)
 <LI><a href="#[62]">GPIOP3_Handler</a> from startup_tm4c123.o(.text) referenced from startup_tm4c123.o(RESET)
 <LI><a href="#[63]">GPIOP4_Handler</a> from startup_tm4c123.o(.text) referenced from startup_tm4c123.o(RESET)
 <LI><a href="#[64]">GPIOP5_Handler</a> from startup_tm4c123.o(.text) referenced from startup_tm4c123.o(RESET)
 <LI><a href="#[65]">GPIOP6_Handler</a> from startup_tm4c123.o(.text) referenced from startup_tm4c123.o(RESET)
 <LI><a href="#[66]">GPIOP7_Handler</a> from startup_tm4c123.o(.text) referenced from startup_tm4c123.o(RESET)
 <LI><a href="#[67]">GPIOQ0_Handler</a> from startup_tm4c123.o(.text) referenced from startup_tm4c123.o(RESET)
 <LI><a href="#[68]">GPIOQ1_Handler</a> from startup_tm4c123.o(.text) referenced from startup_tm4c123.o(RESET)
 <LI><a href="#[69]">GPIOQ2_Handler</a> from startup_tm4c123.o(.text) referenced from startup_tm4c123.o(RESET)
 <LI><a href="#[6a]">GPIOQ3_Handler</a> from startup_tm4c123.o(.text) referenced from startup_tm4c123.o(RESET)
 <LI><a href="#[6b]">GPIOQ4_Handler</a> from startup_tm4c123.o(.text) referenced from startup_tm4c123.o(RESET)
 <LI><a href="#[6c]">GPIOQ5_Handler</a> from startup_tm4c123.o(.text) referenced from startup_tm4c123.o(RESET)
 <LI><a href="#[6d]">GPIOQ6_Handler</a> from startup_tm4c123.o(.text) referenced from startup_tm4c123.o(RESET)
 <LI><a href="#[6e]">GPIOQ7_Handler</a> from startup_tm4c123.o(.text) referenced from startup_tm4c123.o(RESET)
 <LI><a href="#[6f]">GPIOR_Handler</a> from startup_tm4c123.o(.text) referenced from startup_tm4c123.o(RESET)
 <LI><a href="#[70]">GPIOS_Handler</a> from startup_tm4c123.o(.text) referenced from startup_tm4c123.o(RESET)
 <LI><a href="#[34]">HIB_Handler</a> from startup_tm4c123.o(.text) referenced from startup_tm4c123.o(RESET)
 <LI><a href="#[2]">HardFault_Handler</a> from startup_tm4c123.o(.text) referenced from startup_tm4c123.o(RESET)
 <LI><a href="#[12]">I2C0_Handler</a> from startup_tm4c123.o(.text) referenced from startup_tm4c123.o(RESET)
 <LI><a href="#[2f]">I2C1_Handler</a> from startup_tm4c123.o(.text) referenced from startup_tm4c123.o(RESET)
 <LI><a href="#[47]">I2C2_Handler</a> from startup_tm4c123.o(.text) referenced from startup_tm4c123.o(RESET)
 <LI><a href="#[48]">I2C3_Handler</a> from startup_tm4c123.o(.text) referenced from startup_tm4c123.o(RESET)
 <LI><a href="#[5a]">I2C4_Handler</a> from startup_tm4c123.o(.text) referenced from startup_tm4c123.o(RESET)
 <LI><a href="#[5b]">I2C5_Handler</a> from startup_tm4c123.o(.text) referenced from startup_tm4c123.o(RESET)
 <LI><a href="#[3]">MemManage_Handler</a> from startup_tm4c123.o(.text) referenced from startup_tm4c123.o(RESET)
 <LI><a href="#[1]">NMI_Handler</a> from startup_tm4c123.o(.text) referenced from startup_tm4c123.o(RESET)
 <LI><a href="#[13]">PMW0_FAULT_Handler</a> from startup_tm4c123.o(.text) referenced from startup_tm4c123.o(RESET)
 <LI><a href="#[71]">PMW1_0_Handler</a> from startup_tm4c123.o(.text) referenced from startup_tm4c123.o(RESET)
 <LI><a href="#[14]">PWM0_0_Handler</a> from startup_tm4c123.o(.text) referenced from startup_tm4c123.o(RESET)
 <LI><a href="#[15]">PWM0_1_Handler</a> from startup_tm4c123.o(.text) referenced from startup_tm4c123.o(RESET)
 <LI><a href="#[16]">PWM0_2_Handler</a> from startup_tm4c123.o(.text) referenced from startup_tm4c123.o(RESET)
 <LI><a href="#[36]">PWM0_3_Handler</a> from startup_tm4c123.o(.text) referenced from startup_tm4c123.o(RESET)
 <LI><a href="#[72]">PWM1_1_Handler</a> from startup_tm4c123.o(.text) referenced from startup_tm4c123.o(RESET)
 <LI><a href="#[73]">PWM1_2_Handler</a> from startup_tm4c123.o(.text) referenced from startup_tm4c123.o(RESET)
 <LI><a href="#[74]">PWM1_3_Handler</a> from startup_tm4c123.o(.text) referenced from startup_tm4c123.o(RESET)
 <LI><a href="#[75]">PWM1_FAULT_Handler</a> from startup_tm4c123.o(.text) referenced from startup_tm4c123.o(RESET)
 <LI><a href="#[8]">PendSV_Handler</a> from startup_tm4c123.o(.text) referenced from startup_tm4c123.o(RESET)
 <LI><a href="#[17]">QEI0_Handler</a> from startup_tm4c123.o(.text) referenced from startup_tm4c123.o(RESET)
 <LI><a href="#[30]">QEI1_Handler</a> from startup_tm4c123.o(.text) referenced from startup_tm4c123.o(RESET)
 <LI><a href="#[5e]">QEI2_Handler</a> from startup_tm4c123.o(.text) referenced from startup_tm4c123.o(RESET)
 <LI><a href="#[7e]">Reset_Handler</a> from startup_tm4c123.o(.text) referenced from startup_tm4c123.o(RESET)
 <LI><a href="#[11]">SSI0_Handler</a> from startup_tm4c123.o(.text) referenced from startup_tm4c123.o(RESET)
 <LI><a href="#[2c]">SSI1_Handler</a> from startup_tm4c123.o(.text) referenced from startup_tm4c123.o(RESET)
 <LI><a href="#[40]">SSI2_Handler</a> from startup_tm4c123.o(.text) referenced from startup_tm4c123.o(RESET)
 <LI><a href="#[41]">SSI3_Handler</a> from startup_tm4c123.o(.text) referenced from startup_tm4c123.o(RESET)
 <LI><a href="#[6]">SVC_Handler</a> from startup_tm4c123.o(.text) referenced from startup_tm4c123.o(RESET)
 <LI><a href="#[26]">SYSCTL_Handler</a> from startup_tm4c123.o(.text) referenced from startup_tm4c123.o(RESET)
 <LI><a href="#[9]">SysTick_Handler</a> from interrupts.o(.text) referenced from startup_tm4c123.o(RESET)
 <LI><a href="#[77]">SystemInit</a> from system_tm4c123.o(.text) referenced from startup_tm4c123.o(.text)
 <LI><a href="#[1d]">TIMER0A_Handler</a> from interrupts.o(.text) referenced from startup_tm4c123.o(RESET)
 <LI><a href="#[1e]">TIMER0B_Handler</a> from startup_tm4c123.o(.text) referenced from startup_tm4c123.o(RESET)
 <LI><a href="#[1f]">TIMER1A_Handler</a> from interrupts.o(.text) referenced from startup_tm4c123.o(RESET)
 <LI><a href="#[20]">TIMER1B_Handler</a> from startup_tm4c123.o(.text) referenced from startup_tm4c123.o(RESET)
 <LI><a href="#[21]">TIMER2A_Handler</a> from startup_tm4c123.o(.text) referenced from startup_tm4c123.o(RESET)
 <LI><a href="#[22]">TIMER2B_Handler</a> from startup_tm4c123.o(.text) referenced from startup_tm4c123.o(RESET)
 <LI><a href="#[2d]">TIMER3A_Handler</a> from startup_tm4c123.o(.text) referenced from startup_tm4c123.o(RESET)
 <LI><a href="#[2e]">TIMER3B_Handler</a> from startup_tm4c123.o(.text) referenced from startup_tm4c123.o(RESET)
 <LI><a href="#[49]">TIMER4A_Handler</a> from startup_tm4c123.o(.text) referenced from startup_tm4c123.o(RESET)
 <LI><a href="#[4a]">TIMER4B_Handler</a> from startup_tm4c123.o(.text) referenced from startup_tm4c123.o(RESET)
 <LI><a href="#[4b]">TIMER5A_Handler</a> from startup_tm4c123.o(.text) referenced from startup_tm4c123.o(RESET)
 <LI><a href="#[4c]">TIMER5B_Handler</a> from startup_tm4c123.o(.text) referenced from startup_tm4c123.o(RESET)
 <LI><a href="#[f]">UART0_Handler</a> from interrupts.o(.text) referenced from startup_tm4c123.o(RESET)
 <LI><a href="#[10]">UART1_Handler</a> from startup_tm4c123.o(.text) referenced from startup_tm4c123.o(RESET)
 <LI><a href="#[2b]">UART2_Handler</a> from startup_tm4c123.o(.text) referenced from startup_tm4c123.o(RESET)
 <LI><a href="#[42]">UART3_Handler</a> from startup_tm4c123.o(.text) referenced from startup_tm4c123.o(RESET)
 <LI><a href="#[43]">UART4_Handler</a> from startup_tm4c123.o(.text) referenced from startup_tm4c123.o(RESET)
 <LI><a href="#[44]">UART5_Handler</a> from startup_tm4c123.o(.text) referenced from startup_tm4c123.o(RESET)
 <LI><a href="#[45]">UART6_Handler</a> from startup_tm4c123.o(.text) referenced from startup_tm4c123.o(RESET)
 <LI><a href="#[46]">UART7_Handler</a> from startup_tm4c123.o(.text) referenced from startup_tm4c123.o(RESET)
 <LI><a href="#[38]">UDMAERR_Handler</a> from startup_tm4c123.o(.text) referenced from startup_tm4c123.o(RESET)
 <LI><a href="#[37]">UDMA_Handler</a> from startup_tm4c123.o(.text) referenced from startup_tm4c123.o(RESET)
 <LI><a href="#[35]">USB0_Handler</a> from startup_tm4c123.o(.text) referenced from startup_tm4c123.o(RESET)
 <LI><a href="#[5]">UsageFault_Handler</a> from startup_tm4c123.o(.text) referenced from startup_tm4c123.o(RESET)
 <LI><a href="#[1c]">WDT0_Handler</a> from interrupts.o(.text) referenced from startup_tm4c123.o(RESET)
 <LI><a href="#[4d]">WTIMER0A_Handler</a> from startup_tm4c123.o(.text) referenced from startup_tm4c123.o(RESET)
 <LI><a href="#[4e]">WTIMER0B_Handler</a> from startup_tm4c123.o(.text) referenced from startup_tm4c123.o(RESET)
 <LI><a href="#[4f]">WTIMER1A_Handler</a> from startup_tm4c123.o(.text) referenced from startup_tm4c123.o(RESET)
 <LI><a href="#[50]">WTIMER1B_Handler</a> from startup_tm4c123.o(.text) referenced from startup_tm4c123.o(RESET)
 <LI><a href="#[51]">WTIMER2A_Handler</a> from startup_tm4c123.o(.text) referenced from startup_tm4c123.o(RESET)
 <LI><a href="#[52]">WTIMER2B_Handler</a> from startup_tm4c123.o(.text) referenced from startup_tm4c123.o(RESET)
 <LI><a href="#[53]">WTIMER3A_Handler</a> from startup_tm4c123.o(.text) referenced from startup_tm4c123.o(RESET)
 <LI><a href="#[54]">WTIMER3B_Handler</a> from startup_tm4c123.o(.text) referenced from startup_tm4c123.o(RESET)
 <LI><a href="#[55]">WTIMER4A_Handler</a> from startup_tm4c123.o(.text) referenced from startup_tm4c123.o(RESET)
 <LI><a href="#[56]">WTIMER4B_Handler</a> from startup_tm4c123.o(.text) referenced from startup_tm4c123.o(RESET)
 <LI><a href="#[57]">WTIMER5A_Handler</a> from startup_tm4c123.o(.text) referenced from startup_tm4c123.o(RESET)
 <LI><a href="#[58]">WTIMER5B_Handler</a> from startup_tm4c123.o(.text) referenced from startup_tm4c123.o(RESET)
 <LI><a href="#[7a]">__backspace</a> from fgetc_b.o(.text) referenced from scanf_char_file.o(.text)
 <LI><a href="#[78]">__main</a> from entry.o(.ARM.Collect$$$$00000000) referenced from startup_tm4c123.o(.text)
 <LI><a href="#[7b]">_scanf_char_input</a> from scanf_char.o(.text) referenced from scanf_char.o(.text)
 <LI><a href="#[79]">fgetc</a> from uart_irqs.o(.text) referenced from scanf_char_file.o(.text)
 <LI><a href="#[7d]">fputc</a> from uart_irqs.o(.text) referenced from printf8.o(i.__0printf$8)
 <LI><a href="#[7c]">isspace</a> from isspace_c.o(.text) referenced from scanf_char.o(.text)
 <LI><a href="#[76]">main</a> from main.o(.text) referenced from entry9a.o(.ARM.Collect$$$$0000000B)
</UL>
<P>
<H3>
Global Symbols
</H3>
<P><STRONG><a name="[78]"></a>__main</STRONG> (Thumb, 0 bytes, Stack size unknown bytes, entry.o(.ARM.Collect$$$$00000000))
<BR>[Address Reference Count : 1]<UL><LI> startup_tm4c123.o(.text)
</UL>
<P><STRONG><a name="[fb]"></a>_main_stk</STRONG> (Thumb, 0 bytes, Stack size unknown bytes, entry2.o(.ARM.Collect$$$$00000001))

<P><STRONG><a name="[7f]"></a>_main_scatterload</STRONG> (Thumb, 0 bytes, Stack size unknown bytes, entry5.o(.ARM.Collect$$$$00000004))
<BR><BR>[Calls]<UL><LI><a href="#[80]">&gt;&gt;</a>&nbsp;&nbsp;&nbsp;__scatterload
</UL>

<P><STRONG><a name="[f3]"></a>__main_after_scatterload</STRONG> (Thumb, 0 bytes, Stack size unknown bytes, entry5.o(.ARM.Collect$$$$00000004))
<BR><BR>[Called By]<UL><LI><a href="#[80]">&gt;&gt;</a>&nbsp;&nbsp;&nbsp;__scatterload
</UL>

<P><STRONG><a name="[fc]"></a>_main_clock</STRONG> (Thumb, 0 bytes, Stack size unknown bytes, entry7b.o(.ARM.Collect$$$$00000008))

<P><STRONG><a name="[fd]"></a>_main_cpp_init</STRONG> (Thumb, 0 bytes, Stack size unknown bytes, entry8b.o(.ARM.Collect$$$$0000000A))

<P><STRONG><a name="[fe]"></a>_main_init</STRONG> (Thumb, 0 bytes, Stack size unknown bytes, entry9a.o(.ARM.Collect$$$$0000000B))

<P><STRONG><a name="[ff]"></a>__rt_final_cpp</STRONG> (Thumb, 0 bytes, Stack size unknown bytes, entry10a.o(.ARM.Collect$$$$0000000D))

<P><STRONG><a name="[100]"></a>__rt_final_exit</STRONG> (Thumb, 0 bytes, Stack size unknown bytes, entry11a.o(.ARM.Collect$$$$0000000F))

<P><STRONG><a name="[8d]"></a>DisableInterrupts</STRONG> (Thumb, 4 bytes, Stack size 0 bytes, main.o(.text))
<BR><BR>[Called By]<UL><LI><a href="#[d7]">&gt;&gt;</a>&nbsp;&nbsp;&nbsp;uartTx
<LI><a href="#[d4]">&gt;&gt;</a>&nbsp;&nbsp;&nbsp;uartRx
<LI><a href="#[a8]">&gt;&gt;</a>&nbsp;&nbsp;&nbsp;end_game
<LI><a href="#[8c]">&gt;&gt;</a>&nbsp;&nbsp;&nbsp;initialize_board
</UL>

<P><STRONG><a name="[97]"></a>EnableInterrupts</STRONG> (Thumb, 4 bytes, Stack size 0 bytes, main.o(.text))
<BR><BR>[Called By]<UL><LI><a href="#[d7]">&gt;&gt;</a>&nbsp;&nbsp;&nbsp;uartTx
<LI><a href="#[d4]">&gt;&gt;</a>&nbsp;&nbsp;&nbsp;uartRx
<LI><a href="#[8c]">&gt;&gt;</a>&nbsp;&nbsp;&nbsp;initialize_board
</UL>

<P><STRONG><a name="[81]"></a>serialDebugInit</STRONG> (Thumb, 48 bytes, Stack size 8 bytes, main.o(.text))
<BR><BR>[Stack]<UL><LI>Max Depth = 32<LI>Call Chain = serialDebugInit &rArr; gpio_config_port_control
</UL>
<BR>[Calls]<UL><LI><a href="#[86]">&gt;&gt;</a>&nbsp;&nbsp;&nbsp;initialize_uart
<LI><a href="#[82]">&gt;&gt;</a>&nbsp;&nbsp;&nbsp;gpio_enable_port
<LI><a href="#[85]">&gt;&gt;</a>&nbsp;&nbsp;&nbsp;gpio_config_port_control
<LI><a href="#[83]">&gt;&gt;</a>&nbsp;&nbsp;&nbsp;gpio_config_digital_enable
<LI><a href="#[84]">&gt;&gt;</a>&nbsp;&nbsp;&nbsp;gpio_config_alternate_function
</UL>
<BR>[Called By]<UL><LI><a href="#[8c]">&gt;&gt;</a>&nbsp;&nbsp;&nbsp;initialize_board
</UL>

<P><STRONG><a name="[87]"></a>i2c_init</STRONG> (Thumb, 130 bytes, Stack size 8 bytes, main.o(.text))
<BR><BR>[Stack]<UL><LI>Max Depth = 32<LI>Call Chain = i2c_init &rArr; gpio_config_port_control
</UL>
<BR>[Calls]<UL><LI><a href="#[89]">&gt;&gt;</a>&nbsp;&nbsp;&nbsp;initializeI2CMaster
<LI><a href="#[82]">&gt;&gt;</a>&nbsp;&nbsp;&nbsp;gpio_enable_port
<LI><a href="#[85]">&gt;&gt;</a>&nbsp;&nbsp;&nbsp;gpio_config_port_control
<LI><a href="#[88]">&gt;&gt;</a>&nbsp;&nbsp;&nbsp;gpio_config_open_drain
<LI><a href="#[8b]">&gt;&gt;</a>&nbsp;&nbsp;&nbsp;gpio_config_falling_edge_irq
<LI><a href="#[8a]">&gt;&gt;</a>&nbsp;&nbsp;&nbsp;gpio_config_enable_input
<LI><a href="#[83]">&gt;&gt;</a>&nbsp;&nbsp;&nbsp;gpio_config_digital_enable
<LI><a href="#[84]">&gt;&gt;</a>&nbsp;&nbsp;&nbsp;gpio_config_alternate_function
</UL>
<BR>[Called By]<UL><LI><a href="#[8c]">&gt;&gt;</a>&nbsp;&nbsp;&nbsp;initialize_board
</UL>

<P><STRONG><a name="[8c]"></a>initialize_board</STRONG> (Thumb, 62 bytes, Stack size 8 bytes, main.o(.text))
<BR><BR>[Stack]<UL><LI>Max Depth = 56<LI>Call Chain = initialize_board &rArr; initializeTimer1A &rArr; gp_timer_config_16 &rArr; get_clock_masks
</UL>
<BR>[Calls]<UL><LI><a href="#[96]">&gt;&gt;</a>&nbsp;&nbsp;&nbsp;wireless_initialize
<LI><a href="#[95]">&gt;&gt;</a>&nbsp;&nbsp;&nbsp;lcd_screen_init
<LI><a href="#[94]">&gt;&gt;</a>&nbsp;&nbsp;&nbsp;lcd_pins_init
<LI><a href="#[98]">&gt;&gt;</a>&nbsp;&nbsp;&nbsp;ioExpanderInit
<LI><a href="#[92]">&gt;&gt;</a>&nbsp;&nbsp;&nbsp;initializeWatchDog
<LI><a href="#[91]">&gt;&gt;</a>&nbsp;&nbsp;&nbsp;initializeTimer1A
<LI><a href="#[90]">&gt;&gt;</a>&nbsp;&nbsp;&nbsp;initializeTimer0A
<LI><a href="#[93]">&gt;&gt;</a>&nbsp;&nbsp;&nbsp;initializeSystickTimer
<LI><a href="#[8e]">&gt;&gt;</a>&nbsp;&nbsp;&nbsp;hw3_gpio_init
<LI><a href="#[8f]">&gt;&gt;</a>&nbsp;&nbsp;&nbsp;hw3_adc_init
<LI><a href="#[87]">&gt;&gt;</a>&nbsp;&nbsp;&nbsp;i2c_init
<LI><a href="#[81]">&gt;&gt;</a>&nbsp;&nbsp;&nbsp;serialDebugInit
<LI><a href="#[97]">&gt;&gt;</a>&nbsp;&nbsp;&nbsp;EnableInterrupts
<LI><a href="#[8d]">&gt;&gt;</a>&nbsp;&nbsp;&nbsp;DisableInterrupts
</UL>
<BR>[Called By]<UL><LI><a href="#[76]">&gt;&gt;</a>&nbsp;&nbsp;&nbsp;main
</UL>

<P><STRONG><a name="[99]"></a>write_image</STRONG> (Thumb, 24 bytes, Stack size 8 bytes, main.o(.text))
<BR><BR>[Stack]<UL><LI>Max Depth = 48<LI>Call Chain = write_image &rArr; ledMatrixWriteData &rArr; i2cSendByte &rArr; I2CMasterBusy
</UL>
<BR>[Calls]<UL><LI><a href="#[9a]">&gt;&gt;</a>&nbsp;&nbsp;&nbsp;ledMatrixWriteData
</UL>
<BR>[Called By]<UL><LI><a href="#[9b]">&gt;&gt;</a>&nbsp;&nbsp;&nbsp;start_board
</UL>

<P><STRONG><a name="[9b]"></a>start_board</STRONG> (Thumb, 140 bytes, Stack size 176 bytes, main.o(.text))
<BR><BR>[Stack]<UL><LI>Max Depth = 240<LI>Call Chain = start_board &rArr; eeprom_byte_read &rArr; eeprom_wait_for_write &rArr; i2cSendByte &rArr; I2CMasterBusy
</UL>
<BR>[Calls]<UL><LI><a href="#[9c]">&gt;&gt;</a>&nbsp;&nbsp;&nbsp;eeprom_byte_read
<LI><a href="#[99]">&gt;&gt;</a>&nbsp;&nbsp;&nbsp;write_image
<LI><a href="#[9d]">&gt;&gt;</a>&nbsp;&nbsp;&nbsp;__2printf
</UL>
<BR>[Called By]<UL><LI><a href="#[76]">&gt;&gt;</a>&nbsp;&nbsp;&nbsp;main
</UL>

<P><STRONG><a name="[9e]"></a>prompt1</STRONG> (Thumb, 54 bytes, Stack size 8 bytes, main.o(.text))
<BR><BR>[Stack]<UL><LI>Max Depth = 208<LI>Call Chain = prompt1 &rArr; __0scanf &rArr; __vfscanf_char_file &rArr; __vfscanf_char &rArr; __vfscanf &rArr; _scanf_string
</UL>
<BR>[Calls]<UL><LI><a href="#[a0]">&gt;&gt;</a>&nbsp;&nbsp;&nbsp;eeprom_byte_write
<LI><a href="#[9f]">&gt;&gt;</a>&nbsp;&nbsp;&nbsp;__0scanf
<LI><a href="#[9d]">&gt;&gt;</a>&nbsp;&nbsp;&nbsp;__2printf
</UL>
<BR>[Called By]<UL><LI><a href="#[a3]">&gt;&gt;</a>&nbsp;&nbsp;&nbsp;dwn_pressed
</UL>

<P><STRONG><a name="[a1]"></a>prompt2</STRONG> (Thumb, 58 bytes, Stack size 8 bytes, main.o(.text))
<BR><BR>[Stack]<UL><LI>Max Depth = 208<LI>Call Chain = prompt2 &rArr; __0scanf &rArr; __vfscanf_char_file &rArr; __vfscanf_char &rArr; __vfscanf &rArr; _scanf_string
</UL>
<BR>[Calls]<UL><LI><a href="#[a0]">&gt;&gt;</a>&nbsp;&nbsp;&nbsp;eeprom_byte_write
<LI><a href="#[9f]">&gt;&gt;</a>&nbsp;&nbsp;&nbsp;__0scanf
<LI><a href="#[9d]">&gt;&gt;</a>&nbsp;&nbsp;&nbsp;__2printf
</UL>
<BR>[Called By]<UL><LI><a href="#[a3]">&gt;&gt;</a>&nbsp;&nbsp;&nbsp;dwn_pressed
</UL>

<P><STRONG><a name="[a2]"></a>prompt3</STRONG> (Thumb, 58 bytes, Stack size 8 bytes, main.o(.text))
<BR><BR>[Stack]<UL><LI>Max Depth = 208<LI>Call Chain = prompt3 &rArr; __0scanf &rArr; __vfscanf_char_file &rArr; __vfscanf_char &rArr; __vfscanf &rArr; _scanf_string
</UL>
<BR>[Calls]<UL><LI><a href="#[a0]">&gt;&gt;</a>&nbsp;&nbsp;&nbsp;eeprom_byte_write
<LI><a href="#[9f]">&gt;&gt;</a>&nbsp;&nbsp;&nbsp;__0scanf
<LI><a href="#[9d]">&gt;&gt;</a>&nbsp;&nbsp;&nbsp;__2printf
</UL>
<BR>[Called By]<UL><LI><a href="#[a3]">&gt;&gt;</a>&nbsp;&nbsp;&nbsp;dwn_pressed
</UL>

<P><STRONG><a name="[a3]"></a>dwn_pressed</STRONG> (Thumb, 150 bytes, Stack size 176 bytes, main.o(.text))
<BR><BR>[Stack]<UL><LI>Max Depth = 384<LI>Call Chain = dwn_pressed &rArr; prompt3 &rArr; __0scanf &rArr; __vfscanf_char_file &rArr; __vfscanf_char &rArr; __vfscanf &rArr; _scanf_string
</UL>
<BR>[Calls]<UL><LI><a href="#[9c]">&gt;&gt;</a>&nbsp;&nbsp;&nbsp;eeprom_byte_read
<LI><a href="#[a2]">&gt;&gt;</a>&nbsp;&nbsp;&nbsp;prompt3
<LI><a href="#[a1]">&gt;&gt;</a>&nbsp;&nbsp;&nbsp;prompt2
<LI><a href="#[9e]">&gt;&gt;</a>&nbsp;&nbsp;&nbsp;prompt1
<LI><a href="#[9d]">&gt;&gt;</a>&nbsp;&nbsp;&nbsp;__2printf
</UL>
<BR>[Called By]<UL><LI><a href="#[ae]">&gt;&gt;</a>&nbsp;&nbsp;&nbsp;start_game
</UL>

<P><STRONG><a name="[a4]"></a>boardTX</STRONG> (Thumb, 36 bytes, Stack size 16 bytes, main.o(.text))
<BR><BR>[Stack]<UL><LI>Max Depth = 104<LI>Call Chain = boardTX &rArr; wireless_send_32 &rArr; wireless_clear_max_rt &rArr; wireless_reg_write &rArr; spiTx
</UL>
<BR>[Calls]<UL><LI><a href="#[a5]">&gt;&gt;</a>&nbsp;&nbsp;&nbsp;wireless_send_32
</UL>
<BR>[Called By]<UL><LI><a href="#[ad]">&gt;&gt;</a>&nbsp;&nbsp;&nbsp;check_board
</UL>

<P><STRONG><a name="[a6]"></a>boardRX</STRONG> (Thumb, 28 bytes, Stack size 16 bytes, main.o(.text))
<BR><BR>[Stack]<UL><LI>Max Depth = 80<LI>Call Chain = boardRX &rArr; wireless_get_32 &rArr; wireless_rx_fifo_empty &rArr; wireless_reg_read &rArr; spiTx
</UL>
<BR>[Calls]<UL><LI><a href="#[a7]">&gt;&gt;</a>&nbsp;&nbsp;&nbsp;wireless_get_32
</UL>
<BR>[Called By]<UL><LI><a href="#[ad]">&gt;&gt;</a>&nbsp;&nbsp;&nbsp;check_board
</UL>

<P><STRONG><a name="[a8]"></a>end_game</STRONG> (Thumb, 14 bytes, Stack size 0 bytes, main.o(.text))
<BR><BR>[Stack]<UL><LI>Max Depth = 24<LI>Call Chain = end_game &rArr; __2printf
</UL>
<BR>[Calls]<UL><LI><a href="#[8d]">&gt;&gt;</a>&nbsp;&nbsp;&nbsp;DisableInterrupts
<LI><a href="#[9d]">&gt;&gt;</a>&nbsp;&nbsp;&nbsp;__2printf
</UL>
<BR>[Called By]<UL><LI><a href="#[ae]">&gt;&gt;</a>&nbsp;&nbsp;&nbsp;start_game
</UL>

<P><STRONG><a name="[a9]"></a>score</STRONG> (Thumb, 28 bytes, Stack size 8 bytes, main.o(.text))
<BR><BR>[Stack]<UL><LI>Max Depth = 72<LI>Call Chain = score &rArr; lcd_write_char_10pts &rArr; lcd_write_data &rArr; spiTx
</UL>
<BR>[Calls]<UL><LI><a href="#[aa]">&gt;&gt;</a>&nbsp;&nbsp;&nbsp;lcd_write_char_10pts
</UL>
<BR>[Called By]<UL><LI><a href="#[ab]">&gt;&gt;</a>&nbsp;&nbsp;&nbsp;test_lcd
</UL>

<P><STRONG><a name="[ab]"></a>test_lcd</STRONG> (Thumb, 66 bytes, Stack size 8 bytes, main.o(.text))
<BR><BR>[Stack]<UL><LI>Max Depth = 80<LI>Call Chain = test_lcd &rArr; score &rArr; lcd_write_char_10pts &rArr; lcd_write_data &rArr; spiTx
</UL>
<BR>[Calls]<UL><LI><a href="#[aa]">&gt;&gt;</a>&nbsp;&nbsp;&nbsp;lcd_write_char_10pts
<LI><a href="#[ac]">&gt;&gt;</a>&nbsp;&nbsp;&nbsp;lcd_clear
<LI><a href="#[a9]">&gt;&gt;</a>&nbsp;&nbsp;&nbsp;score
</UL>
<BR>[Called By]<UL><LI><a href="#[ae]">&gt;&gt;</a>&nbsp;&nbsp;&nbsp;start_game
</UL>

<P><STRONG><a name="[ad]"></a>check_board</STRONG> (Thumb, 52 bytes, Stack size 8 bytes, main.o(.text))
<BR><BR>[Stack]<UL><LI>Max Depth = 112<LI>Call Chain = check_board &rArr; boardTX &rArr; wireless_send_32 &rArr; wireless_clear_max_rt &rArr; wireless_reg_write &rArr; spiTx
</UL>
<BR>[Calls]<UL><LI><a href="#[a6]">&gt;&gt;</a>&nbsp;&nbsp;&nbsp;boardRX
<LI><a href="#[a4]">&gt;&gt;</a>&nbsp;&nbsp;&nbsp;boardTX
</UL>
<BR>[Called By]<UL><LI><a href="#[ae]">&gt;&gt;</a>&nbsp;&nbsp;&nbsp;start_game
</UL>

<P><STRONG><a name="[ae]"></a>start_game</STRONG> (Thumb, 720 bytes, Stack size 16 bytes, main.o(.text))
<BR><BR>[Stack]<UL><LI>Max Depth = 400<LI>Call Chain = start_game &rArr; dwn_pressed &rArr; prompt3 &rArr; __0scanf &rArr; __vfscanf_char_file &rArr; __vfscanf_char &rArr; __vfscanf &rArr; _scanf_string
</UL>
<BR>[Calls]<UL><LI><a href="#[ac]">&gt;&gt;</a>&nbsp;&nbsp;&nbsp;lcd_clear
<LI><a href="#[ad]">&gt;&gt;</a>&nbsp;&nbsp;&nbsp;check_board
<LI><a href="#[ab]">&gt;&gt;</a>&nbsp;&nbsp;&nbsp;test_lcd
<LI><a href="#[a8]">&gt;&gt;</a>&nbsp;&nbsp;&nbsp;end_game
<LI><a href="#[a3]">&gt;&gt;</a>&nbsp;&nbsp;&nbsp;dwn_pressed
<LI><a href="#[9d]">&gt;&gt;</a>&nbsp;&nbsp;&nbsp;__2printf
</UL>
<BR>[Called By]<UL><LI><a href="#[76]">&gt;&gt;</a>&nbsp;&nbsp;&nbsp;main
</UL>

<P><STRONG><a name="[76]"></a>main</STRONG> (Thumb, 62 bytes, Stack size 0 bytes, main.o(.text))
<BR><BR>[Stack]<UL><LI>Max Depth = 400<LI>Call Chain = main &rArr; start_game &rArr; dwn_pressed &rArr; prompt3 &rArr; __0scanf &rArr; __vfscanf_char_file &rArr; __vfscanf_char &rArr; __vfscanf &rArr; _scanf_string
</UL>
<BR>[Calls]<UL><LI><a href="#[b0]">&gt;&gt;</a>&nbsp;&nbsp;&nbsp;wireless_configure_device
<LI><a href="#[af]">&gt;&gt;</a>&nbsp;&nbsp;&nbsp;setup_eeprom
<LI><a href="#[aa]">&gt;&gt;</a>&nbsp;&nbsp;&nbsp;lcd_write_char_10pts
<LI><a href="#[ac]">&gt;&gt;</a>&nbsp;&nbsp;&nbsp;lcd_clear
<LI><a href="#[ae]">&gt;&gt;</a>&nbsp;&nbsp;&nbsp;start_game
<LI><a href="#[9b]">&gt;&gt;</a>&nbsp;&nbsp;&nbsp;start_board
<LI><a href="#[8c]">&gt;&gt;</a>&nbsp;&nbsp;&nbsp;initialize_board
</UL>
<BR>[Address Reference Count : 1]<UL><LI> entry9a.o(.ARM.Collect$$$$0000000B)
</UL>
<P><STRONG><a name="[b1]"></a>initializeADC</STRONG> (Thumb, 316 bytes, Stack size 24 bytes, adc.o(.text))
<BR><BR>[Stack]<UL><LI>Max Depth = 32<LI>Call Chain = initializeADC &rArr; NVIC_SetPriority
</UL>
<BR>[Calls]<UL><LI><a href="#[b3]">&gt;&gt;</a>&nbsp;&nbsp;&nbsp;NVIC_EnableIRQ
<LI><a href="#[b2]">&gt;&gt;</a>&nbsp;&nbsp;&nbsp;NVIC_SetPriority
</UL>
<BR>[Called By]<UL><LI><a href="#[8f]">&gt;&gt;</a>&nbsp;&nbsp;&nbsp;hw3_adc_init
</UL>

<P><STRONG><a name="[b4]"></a>initializeADC1</STRONG> (Thumb, 128 bytes, Stack size 24 bytes, adc.o(.text))
<BR><BR>[Stack]<UL><LI>Max Depth = 32<LI>Call Chain = initializeADC1 &rArr; NVIC_SetPriority
</UL>
<BR>[Calls]<UL><LI><a href="#[b3]">&gt;&gt;</a>&nbsp;&nbsp;&nbsp;NVIC_EnableIRQ
<LI><a href="#[b2]">&gt;&gt;</a>&nbsp;&nbsp;&nbsp;NVIC_SetPriority
</UL>
<BR>[Called By]<UL><LI><a href="#[8f]">&gt;&gt;</a>&nbsp;&nbsp;&nbsp;hw3_adc_init
</UL>

<P><STRONG><a name="[101]"></a>getADCValue</STRONG> (Thumb, 54 bytes, Stack size 8 bytes, adc.o(.text), UNUSED)

<P><STRONG><a name="[8f]"></a>hw3_adc_init</STRONG> (Thumb, 18 bytes, Stack size 8 bytes, adc.o(.text))
<BR><BR>[Stack]<UL><LI>Max Depth = 40<LI>Call Chain = hw3_adc_init &rArr; initializeADC1 &rArr; NVIC_SetPriority
</UL>
<BR>[Calls]<UL><LI><a href="#[b4]">&gt;&gt;</a>&nbsp;&nbsp;&nbsp;initializeADC1
<LI><a href="#[b1]">&gt;&gt;</a>&nbsp;&nbsp;&nbsp;initializeADC
</UL>
<BR>[Called By]<UL><LI><a href="#[8c]">&gt;&gt;</a>&nbsp;&nbsp;&nbsp;initialize_board
</UL>

<P><STRONG><a name="[82]"></a>gpio_enable_port</STRONG> (Thumb, 156 bytes, Stack size 8 bytes, gpio_port.o(.text))
<BR><BR>[Stack]<UL><LI>Max Depth = 8<LI>Call Chain = gpio_enable_port
</UL>
<BR>[Called By]<UL><LI><a href="#[96]">&gt;&gt;</a>&nbsp;&nbsp;&nbsp;wireless_initialize
<LI><a href="#[94]">&gt;&gt;</a>&nbsp;&nbsp;&nbsp;lcd_pins_init
<LI><a href="#[8e]">&gt;&gt;</a>&nbsp;&nbsp;&nbsp;hw3_gpio_init
<LI><a href="#[87]">&gt;&gt;</a>&nbsp;&nbsp;&nbsp;i2c_init
<LI><a href="#[81]">&gt;&gt;</a>&nbsp;&nbsp;&nbsp;serialDebugInit
</UL>

<P><STRONG><a name="[83]"></a>gpio_config_digital_enable</STRONG> (Thumb, 34 bytes, Stack size 16 bytes, gpio_port.o(.text))
<BR><BR>[Stack]<UL><LI>Max Depth = 16<LI>Call Chain = gpio_config_digital_enable
</UL>
<BR>[Calls]<UL><LI><a href="#[b5]">&gt;&gt;</a>&nbsp;&nbsp;&nbsp;verifyBaseAddr
</UL>
<BR>[Called By]<UL><LI><a href="#[96]">&gt;&gt;</a>&nbsp;&nbsp;&nbsp;wireless_initialize
<LI><a href="#[94]">&gt;&gt;</a>&nbsp;&nbsp;&nbsp;lcd_pins_init
<LI><a href="#[8e]">&gt;&gt;</a>&nbsp;&nbsp;&nbsp;hw3_gpio_init
<LI><a href="#[87]">&gt;&gt;</a>&nbsp;&nbsp;&nbsp;i2c_init
<LI><a href="#[81]">&gt;&gt;</a>&nbsp;&nbsp;&nbsp;serialDebugInit
</UL>

<P><STRONG><a name="[b6]"></a>gpio_config_enable_output</STRONG> (Thumb, 34 bytes, Stack size 16 bytes, gpio_port.o(.text))
<BR><BR>[Stack]<UL><LI>Max Depth = 16<LI>Call Chain = gpio_config_enable_output
</UL>
<BR>[Calls]<UL><LI><a href="#[b5]">&gt;&gt;</a>&nbsp;&nbsp;&nbsp;verifyBaseAddr
</UL>
<BR>[Called By]<UL><LI><a href="#[96]">&gt;&gt;</a>&nbsp;&nbsp;&nbsp;wireless_initialize
<LI><a href="#[94]">&gt;&gt;</a>&nbsp;&nbsp;&nbsp;lcd_pins_init
</UL>

<P><STRONG><a name="[8a]"></a>gpio_config_enable_input</STRONG> (Thumb, 34 bytes, Stack size 16 bytes, gpio_port.o(.text))
<BR><BR>[Stack]<UL><LI>Max Depth = 16<LI>Call Chain = gpio_config_enable_input
</UL>
<BR>[Calls]<UL><LI><a href="#[b5]">&gt;&gt;</a>&nbsp;&nbsp;&nbsp;verifyBaseAddr
</UL>
<BR>[Called By]<UL><LI><a href="#[8e]">&gt;&gt;</a>&nbsp;&nbsp;&nbsp;hw3_gpio_init
<LI><a href="#[87]">&gt;&gt;</a>&nbsp;&nbsp;&nbsp;i2c_init
</UL>

<P><STRONG><a name="[b7]"></a>gpio_config_enable_pullup</STRONG> (Thumb, 34 bytes, Stack size 16 bytes, gpio_port.o(.text))
<BR><BR>[Stack]<UL><LI>Max Depth = 16<LI>Call Chain = gpio_config_enable_pullup
</UL>
<BR>[Calls]<UL><LI><a href="#[b5]">&gt;&gt;</a>&nbsp;&nbsp;&nbsp;verifyBaseAddr
</UL>
<BR>[Called By]<UL><LI><a href="#[8e]">&gt;&gt;</a>&nbsp;&nbsp;&nbsp;hw3_gpio_init
</UL>

<P><STRONG><a name="[b8]"></a>gpio_config_enable_pulldown</STRONG> (Thumb, 34 bytes, Stack size 16 bytes, gpio_port.o(.text), UNUSED)
<BR><BR>[Calls]<UL><LI><a href="#[b5]">&gt;&gt;</a>&nbsp;&nbsp;&nbsp;verifyBaseAddr
</UL>

<P><STRONG><a name="[b9]"></a>gpio_config_analog_enable</STRONG> (Thumb, 16 bytes, Stack size 0 bytes, gpio_port.o(.text))
<BR><BR>[Called By]<UL><LI><a href="#[8e]">&gt;&gt;</a>&nbsp;&nbsp;&nbsp;hw3_gpio_init
</UL>

<P><STRONG><a name="[84]"></a>gpio_config_alternate_function</STRONG> (Thumb, 16 bytes, Stack size 0 bytes, gpio_port.o(.text))
<BR><BR>[Called By]<UL><LI><a href="#[96]">&gt;&gt;</a>&nbsp;&nbsp;&nbsp;wireless_initialize
<LI><a href="#[94]">&gt;&gt;</a>&nbsp;&nbsp;&nbsp;lcd_pins_init
<LI><a href="#[8e]">&gt;&gt;</a>&nbsp;&nbsp;&nbsp;hw3_gpio_init
<LI><a href="#[87]">&gt;&gt;</a>&nbsp;&nbsp;&nbsp;i2c_init
<LI><a href="#[81]">&gt;&gt;</a>&nbsp;&nbsp;&nbsp;serialDebugInit
</UL>

<P><STRONG><a name="[85]"></a>gpio_config_port_control</STRONG> (Thumb, 50 bytes, Stack size 24 bytes, gpio_port.o(.text))
<BR><BR>[Stack]<UL><LI>Max Depth = 24<LI>Call Chain = gpio_config_port_control
</UL>
<BR>[Calls]<UL><LI><a href="#[b5]">&gt;&gt;</a>&nbsp;&nbsp;&nbsp;verifyBaseAddr
</UL>
<BR>[Called By]<UL><LI><a href="#[96]">&gt;&gt;</a>&nbsp;&nbsp;&nbsp;wireless_initialize
<LI><a href="#[94]">&gt;&gt;</a>&nbsp;&nbsp;&nbsp;lcd_pins_init
<LI><a href="#[87]">&gt;&gt;</a>&nbsp;&nbsp;&nbsp;i2c_init
<LI><a href="#[81]">&gt;&gt;</a>&nbsp;&nbsp;&nbsp;serialDebugInit
</UL>

<P><STRONG><a name="[88]"></a>gpio_config_open_drain</STRONG> (Thumb, 18 bytes, Stack size 0 bytes, gpio_port.o(.text))
<BR><BR>[Called By]<UL><LI><a href="#[87]">&gt;&gt;</a>&nbsp;&nbsp;&nbsp;i2c_init
</UL>

<P><STRONG><a name="[8b]"></a>gpio_config_falling_edge_irq</STRONG> (Thumb, 82 bytes, Stack size 20 bytes, gpio_port.o(.text))
<BR><BR>[Stack]<UL><LI>Max Depth = 20<LI>Call Chain = gpio_config_falling_edge_irq
</UL>
<BR>[Called By]<UL><LI><a href="#[87]">&gt;&gt;</a>&nbsp;&nbsp;&nbsp;i2c_init
</UL>

<P><STRONG><a name="[8e]"></a>hw3_gpio_init</STRONG> (Thumb, 184 bytes, Stack size 8 bytes, gpio_port.o(.text))
<BR><BR>[Stack]<UL><LI>Max Depth = 24<LI>Call Chain = hw3_gpio_init &rArr; gpio_config_enable_pullup
</UL>
<BR>[Calls]<UL><LI><a href="#[b9]">&gt;&gt;</a>&nbsp;&nbsp;&nbsp;gpio_config_analog_enable
<LI><a href="#[b7]">&gt;&gt;</a>&nbsp;&nbsp;&nbsp;gpio_config_enable_pullup
<LI><a href="#[82]">&gt;&gt;</a>&nbsp;&nbsp;&nbsp;gpio_enable_port
<LI><a href="#[8a]">&gt;&gt;</a>&nbsp;&nbsp;&nbsp;gpio_config_enable_input
<LI><a href="#[83]">&gt;&gt;</a>&nbsp;&nbsp;&nbsp;gpio_config_digital_enable
<LI><a href="#[84]">&gt;&gt;</a>&nbsp;&nbsp;&nbsp;gpio_config_alternate_function
</UL>
<BR>[Called By]<UL><LI><a href="#[8c]">&gt;&gt;</a>&nbsp;&nbsp;&nbsp;initialize_board
</UL>

<P><STRONG><a name="[ba]"></a>gp_timer_wait</STRONG> (Thumb, 74 bytes, Stack size 16 bytes, timers.o(.text), UNUSED)
<BR><BR>[Calls]<UL><LI><a href="#[bb]">&gt;&gt;</a>&nbsp;&nbsp;&nbsp;verify_base_addr
</UL>

<P><STRONG><a name="[bc]"></a>gp_timer_config_32</STRONG> (Thumb, 146 bytes, Stack size 32 bytes, timers.o(.text), UNUSED)
<BR><BR>[Calls]<UL><LI><a href="#[bd]">&gt;&gt;</a>&nbsp;&nbsp;&nbsp;get_clock_masks
<LI><a href="#[bb]">&gt;&gt;</a>&nbsp;&nbsp;&nbsp;verify_base_addr
</UL>

<P><STRONG><a name="[be]"></a>gp_timer_config_16</STRONG> (Thumb, 106 bytes, Stack size 32 bytes, timers.o(.text))
<BR><BR>[Stack]<UL><LI>Max Depth = 40<LI>Call Chain = gp_timer_config_16 &rArr; get_clock_masks
</UL>
<BR>[Calls]<UL><LI><a href="#[bd]">&gt;&gt;</a>&nbsp;&nbsp;&nbsp;get_clock_masks
<LI><a href="#[bb]">&gt;&gt;</a>&nbsp;&nbsp;&nbsp;verify_base_addr
</UL>
<BR>[Called By]<UL><LI><a href="#[91]">&gt;&gt;</a>&nbsp;&nbsp;&nbsp;initializeTimer1A
<LI><a href="#[90]">&gt;&gt;</a>&nbsp;&nbsp;&nbsp;initializeTimer0A
</UL>

<P><STRONG><a name="[90]"></a>initializeTimer0A</STRONG> (Thumb, 90 bytes, Stack size 8 bytes, timers.o(.text))
<BR><BR>[Stack]<UL><LI>Max Depth = 48<LI>Call Chain = initializeTimer0A &rArr; gp_timer_config_16 &rArr; get_clock_masks
</UL>
<BR>[Calls]<UL><LI><a href="#[be]">&gt;&gt;</a>&nbsp;&nbsp;&nbsp;gp_timer_config_16
<LI><a href="#[bf]">&gt;&gt;</a>&nbsp;&nbsp;&nbsp;NVIC_EnableIRQ
<LI><a href="#[c0]">&gt;&gt;</a>&nbsp;&nbsp;&nbsp;NVIC_SetPriority
</UL>
<BR>[Called By]<UL><LI><a href="#[8c]">&gt;&gt;</a>&nbsp;&nbsp;&nbsp;initialize_board
</UL>

<P><STRONG><a name="[91]"></a>initializeTimer1A</STRONG> (Thumb, 74 bytes, Stack size 8 bytes, timers.o(.text))
<BR><BR>[Stack]<UL><LI>Max Depth = 48<LI>Call Chain = initializeTimer1A &rArr; gp_timer_config_16 &rArr; get_clock_masks
</UL>
<BR>[Calls]<UL><LI><a href="#[be]">&gt;&gt;</a>&nbsp;&nbsp;&nbsp;gp_timer_config_16
<LI><a href="#[bf]">&gt;&gt;</a>&nbsp;&nbsp;&nbsp;NVIC_EnableIRQ
<LI><a href="#[c0]">&gt;&gt;</a>&nbsp;&nbsp;&nbsp;NVIC_SetPriority
</UL>
<BR>[Called By]<UL><LI><a href="#[8c]">&gt;&gt;</a>&nbsp;&nbsp;&nbsp;initialize_board
</UL>

<P><STRONG><a name="[92]"></a>initializeWatchDog</STRONG> (Thumb, 70 bytes, Stack size 8 bytes, timers.o(.text))
<BR><BR>[Stack]<UL><LI>Max Depth = 16<LI>Call Chain = initializeWatchDog &rArr; NVIC_SetPriority
</UL>
<BR>[Calls]<UL><LI><a href="#[bf]">&gt;&gt;</a>&nbsp;&nbsp;&nbsp;NVIC_EnableIRQ
<LI><a href="#[c0]">&gt;&gt;</a>&nbsp;&nbsp;&nbsp;NVIC_SetPriority
</UL>
<BR>[Called By]<UL><LI><a href="#[8c]">&gt;&gt;</a>&nbsp;&nbsp;&nbsp;initialize_board
</UL>

<P><STRONG><a name="[93]"></a>initializeSystickTimer</STRONG> (Thumb, 48 bytes, Stack size 8 bytes, timers.o(.text))
<BR><BR>[Stack]<UL><LI>Max Depth = 16<LI>Call Chain = initializeSystickTimer &rArr; NVIC_SetPriority
</UL>
<BR>[Calls]<UL><LI><a href="#[c0]">&gt;&gt;</a>&nbsp;&nbsp;&nbsp;NVIC_SetPriority
</UL>
<BR>[Called By]<UL><LI><a href="#[8c]">&gt;&gt;</a>&nbsp;&nbsp;&nbsp;initialize_board
</UL>

<P><STRONG><a name="[a0]"></a>eeprom_byte_write</STRONG> (Thumb, 82 bytes, Stack size 24 bytes, eeprom.o(.text))
<BR><BR>[Stack]<UL><LI>Max Depth = 64<LI>Call Chain = eeprom_byte_write &rArr; eeprom_wait_for_write &rArr; i2cSendByte &rArr; I2CMasterBusy
</UL>
<BR>[Calls]<UL><LI><a href="#[c3]">&gt;&gt;</a>&nbsp;&nbsp;&nbsp;i2cSetSlaveAddr
<LI><a href="#[c4]">&gt;&gt;</a>&nbsp;&nbsp;&nbsp;i2cSendByte
<LI><a href="#[c5]">&gt;&gt;</a>&nbsp;&nbsp;&nbsp;I2CMasterBusy
<LI><a href="#[c1]">&gt;&gt;</a>&nbsp;&nbsp;&nbsp;eeprom_wait_for_write
</UL>
<BR>[Called By]<UL><LI><a href="#[c8]">&gt;&gt;</a>&nbsp;&nbsp;&nbsp;test_eeprom
<LI><a href="#[af]">&gt;&gt;</a>&nbsp;&nbsp;&nbsp;setup_eeprom
<LI><a href="#[a2]">&gt;&gt;</a>&nbsp;&nbsp;&nbsp;prompt3
<LI><a href="#[a1]">&gt;&gt;</a>&nbsp;&nbsp;&nbsp;prompt2
<LI><a href="#[9e]">&gt;&gt;</a>&nbsp;&nbsp;&nbsp;prompt1
</UL>

<P><STRONG><a name="[9c]"></a>eeprom_byte_read</STRONG> (Thumb, 94 bytes, Stack size 24 bytes, eeprom.o(.text))
<BR><BR>[Stack]<UL><LI>Max Depth = 64<LI>Call Chain = eeprom_byte_read &rArr; eeprom_wait_for_write &rArr; i2cSendByte &rArr; I2CMasterBusy
</UL>
<BR>[Calls]<UL><LI><a href="#[c3]">&gt;&gt;</a>&nbsp;&nbsp;&nbsp;i2cSetSlaveAddr
<LI><a href="#[c4]">&gt;&gt;</a>&nbsp;&nbsp;&nbsp;i2cSendByte
<LI><a href="#[c7]">&gt;&gt;</a>&nbsp;&nbsp;&nbsp;i2cGetByte
<LI><a href="#[c5]">&gt;&gt;</a>&nbsp;&nbsp;&nbsp;I2CMasterBusy
<LI><a href="#[c1]">&gt;&gt;</a>&nbsp;&nbsp;&nbsp;eeprom_wait_for_write
</UL>
<BR>[Called By]<UL><LI><a href="#[c8]">&gt;&gt;</a>&nbsp;&nbsp;&nbsp;test_eeprom
<LI><a href="#[a3]">&gt;&gt;</a>&nbsp;&nbsp;&nbsp;dwn_pressed
<LI><a href="#[9b]">&gt;&gt;</a>&nbsp;&nbsp;&nbsp;start_board
</UL>

<P><STRONG><a name="[c8]"></a>test_eeprom</STRONG> (Thumb, 124 bytes, Stack size 56 bytes, eeprom.o(.text), UNUSED)
<BR><BR>[Calls]<UL><LI><a href="#[a0]">&gt;&gt;</a>&nbsp;&nbsp;&nbsp;eeprom_byte_write
<LI><a href="#[9c]">&gt;&gt;</a>&nbsp;&nbsp;&nbsp;eeprom_byte_read
<LI><a href="#[9d]">&gt;&gt;</a>&nbsp;&nbsp;&nbsp;__2printf
</UL>

<P><STRONG><a name="[af]"></a>setup_eeprom</STRONG> (Thumb, 110 bytes, Stack size 176 bytes, eeprom.o(.text))
<BR><BR>[Stack]<UL><LI>Max Depth = 240<LI>Call Chain = setup_eeprom &rArr; eeprom_byte_write &rArr; eeprom_wait_for_write &rArr; i2cSendByte &rArr; I2CMasterBusy
</UL>
<BR>[Calls]<UL><LI><a href="#[c9]">&gt;&gt;</a>&nbsp;&nbsp;&nbsp;__aeabi_memcpy4
<LI><a href="#[a0]">&gt;&gt;</a>&nbsp;&nbsp;&nbsp;eeprom_byte_write
</UL>
<BR>[Called By]<UL><LI><a href="#[76]">&gt;&gt;</a>&nbsp;&nbsp;&nbsp;main
</UL>

<P><STRONG><a name="[89]"></a>initializeI2CMaster</STRONG> (Thumb, 160 bytes, Stack size 0 bytes, i2c.o(.text))
<BR><BR>[Called By]<UL><LI><a href="#[87]">&gt;&gt;</a>&nbsp;&nbsp;&nbsp;i2c_init
</UL>

<P><STRONG><a name="[c2]"></a>i2cVerifyBaseAddr</STRONG> (Thumb, 36 bytes, Stack size 0 bytes, i2c.o(.text))
<BR><BR>[Called By]<UL><LI><a href="#[cb]">&gt;&gt;</a>&nbsp;&nbsp;&nbsp;I2CMasterDatAck
<LI><a href="#[ca]">&gt;&gt;</a>&nbsp;&nbsp;&nbsp;i2cStop
<LI><a href="#[c3]">&gt;&gt;</a>&nbsp;&nbsp;&nbsp;i2cSetSlaveAddr
<LI><a href="#[c4]">&gt;&gt;</a>&nbsp;&nbsp;&nbsp;i2cSendByte
<LI><a href="#[c7]">&gt;&gt;</a>&nbsp;&nbsp;&nbsp;i2cGetByte
<LI><a href="#[c5]">&gt;&gt;</a>&nbsp;&nbsp;&nbsp;I2CMasterBusy
<LI><a href="#[c6]">&gt;&gt;</a>&nbsp;&nbsp;&nbsp;I2CMasterAdrAck
<LI><a href="#[c1]">&gt;&gt;</a>&nbsp;&nbsp;&nbsp;eeprom_wait_for_write
</UL>

<P><STRONG><a name="[c3]"></a>i2cSetSlaveAddr</STRONG> (Thumb, 30 bytes, Stack size 12 bytes, i2c.o(.text))
<BR><BR>[Stack]<UL><LI>Max Depth = 12<LI>Call Chain = i2cSetSlaveAddr
</UL>
<BR>[Calls]<UL><LI><a href="#[c2]">&gt;&gt;</a>&nbsp;&nbsp;&nbsp;i2cVerifyBaseAddr
</UL>
<BR>[Called By]<UL><LI><a href="#[c1]">&gt;&gt;</a>&nbsp;&nbsp;&nbsp;eeprom_wait_for_write
<LI><a href="#[9a]">&gt;&gt;</a>&nbsp;&nbsp;&nbsp;ledMatrixWriteData
<LI><a href="#[98]">&gt;&gt;</a>&nbsp;&nbsp;&nbsp;ioExpanderInit
<LI><a href="#[a0]">&gt;&gt;</a>&nbsp;&nbsp;&nbsp;eeprom_byte_write
<LI><a href="#[9c]">&gt;&gt;</a>&nbsp;&nbsp;&nbsp;eeprom_byte_read
</UL>

<P><STRONG><a name="[ca]"></a>i2cStop</STRONG> (Thumb, 26 bytes, Stack size 4 bytes, i2c.o(.text), UNUSED)
<BR><BR>[Calls]<UL><LI><a href="#[c2]">&gt;&gt;</a>&nbsp;&nbsp;&nbsp;i2cVerifyBaseAddr
</UL>

<P><STRONG><a name="[c5]"></a>I2CMasterBusy</STRONG> (Thumb, 34 bytes, Stack size 4 bytes, i2c.o(.text))
<BR><BR>[Stack]<UL><LI>Max Depth = 4<LI>Call Chain = I2CMasterBusy
</UL>
<BR>[Calls]<UL><LI><a href="#[c2]">&gt;&gt;</a>&nbsp;&nbsp;&nbsp;i2cVerifyBaseAddr
</UL>
<BR>[Called By]<UL><LI><a href="#[c4]">&gt;&gt;</a>&nbsp;&nbsp;&nbsp;i2cSendByte
<LI><a href="#[c7]">&gt;&gt;</a>&nbsp;&nbsp;&nbsp;i2cGetByte
<LI><a href="#[c1]">&gt;&gt;</a>&nbsp;&nbsp;&nbsp;eeprom_wait_for_write
<LI><a href="#[a0]">&gt;&gt;</a>&nbsp;&nbsp;&nbsp;eeprom_byte_write
<LI><a href="#[9c]">&gt;&gt;</a>&nbsp;&nbsp;&nbsp;eeprom_byte_read
</UL>

<P><STRONG><a name="[c6]"></a>I2CMasterAdrAck</STRONG> (Thumb, 34 bytes, Stack size 8 bytes, i2c.o(.text))
<BR><BR>[Stack]<UL><LI>Max Depth = 8<LI>Call Chain = I2CMasterAdrAck
</UL>
<BR>[Calls]<UL><LI><a href="#[c2]">&gt;&gt;</a>&nbsp;&nbsp;&nbsp;i2cVerifyBaseAddr
</UL>
<BR>[Called By]<UL><LI><a href="#[c1]">&gt;&gt;</a>&nbsp;&nbsp;&nbsp;eeprom_wait_for_write
</UL>

<P><STRONG><a name="[cb]"></a>I2CMasterDatAck</STRONG> (Thumb, 34 bytes, Stack size 8 bytes, i2c.o(.text), UNUSED)
<BR><BR>[Calls]<UL><LI><a href="#[c2]">&gt;&gt;</a>&nbsp;&nbsp;&nbsp;i2cVerifyBaseAddr
</UL>

<P><STRONG><a name="[c4]"></a>i2cSendByte</STRONG> (Thumb, 82 bytes, Stack size 20 bytes, i2c.o(.text))
<BR><BR>[Stack]<UL><LI>Max Depth = 24<LI>Call Chain = i2cSendByte &rArr; I2CMasterBusy
</UL>
<BR>[Calls]<UL><LI><a href="#[c2]">&gt;&gt;</a>&nbsp;&nbsp;&nbsp;i2cVerifyBaseAddr
<LI><a href="#[c5]">&gt;&gt;</a>&nbsp;&nbsp;&nbsp;I2CMasterBusy
</UL>
<BR>[Called By]<UL><LI><a href="#[c1]">&gt;&gt;</a>&nbsp;&nbsp;&nbsp;eeprom_wait_for_write
<LI><a href="#[9a]">&gt;&gt;</a>&nbsp;&nbsp;&nbsp;ledMatrixWriteData
<LI><a href="#[98]">&gt;&gt;</a>&nbsp;&nbsp;&nbsp;ioExpanderInit
<LI><a href="#[a0]">&gt;&gt;</a>&nbsp;&nbsp;&nbsp;eeprom_byte_write
<LI><a href="#[9c]">&gt;&gt;</a>&nbsp;&nbsp;&nbsp;eeprom_byte_read
</UL>

<P><STRONG><a name="[c7]"></a>i2cGetByte</STRONG> (Thumb, 60 bytes, Stack size 20 bytes, i2c.o(.text))
<BR><BR>[Stack]<UL><LI>Max Depth = 24<LI>Call Chain = i2cGetByte &rArr; I2CMasterBusy
</UL>
<BR>[Calls]<UL><LI><a href="#[c2]">&gt;&gt;</a>&nbsp;&nbsp;&nbsp;i2cVerifyBaseAddr
<LI><a href="#[c5]">&gt;&gt;</a>&nbsp;&nbsp;&nbsp;I2CMasterBusy
</UL>
<BR>[Called By]<UL><LI><a href="#[9c]">&gt;&gt;</a>&nbsp;&nbsp;&nbsp;eeprom_byte_read
</UL>

<P><STRONG><a name="[cc]"></a>lcd_set_page</STRONG> (Thumb, 34 bytes, Stack size 16 bytes, lcd.o(.text))
<BR><BR>[Stack]<UL><LI>Max Depth = 32<LI>Call Chain = lcd_set_page &rArr; spiTx
</UL>
<BR>[Calls]<UL><LI><a href="#[ce]">&gt;&gt;</a>&nbsp;&nbsp;&nbsp;spiTx
<LI><a href="#[cf]">&gt;&gt;</a>&nbsp;&nbsp;&nbsp;lcd_deassert_cmd_mode
<LI><a href="#[cd]">&gt;&gt;</a>&nbsp;&nbsp;&nbsp;lcd_assert_cmd_mode
</UL>
<BR>[Called By]<UL><LI><a href="#[aa]">&gt;&gt;</a>&nbsp;&nbsp;&nbsp;lcd_write_char_10pts
<LI><a href="#[ac]">&gt;&gt;</a>&nbsp;&nbsp;&nbsp;lcd_clear
</UL>

<P><STRONG><a name="[d0]"></a>lcd_set_column</STRONG> (Thumb, 52 bytes, Stack size 16 bytes, lcd.o(.text))
<BR><BR>[Stack]<UL><LI>Max Depth = 32<LI>Call Chain = lcd_set_column &rArr; spiTx
</UL>
<BR>[Calls]<UL><LI><a href="#[ce]">&gt;&gt;</a>&nbsp;&nbsp;&nbsp;spiTx
<LI><a href="#[cf]">&gt;&gt;</a>&nbsp;&nbsp;&nbsp;lcd_deassert_cmd_mode
<LI><a href="#[cd]">&gt;&gt;</a>&nbsp;&nbsp;&nbsp;lcd_assert_cmd_mode
</UL>
<BR>[Called By]<UL><LI><a href="#[aa]">&gt;&gt;</a>&nbsp;&nbsp;&nbsp;lcd_write_char_10pts
<LI><a href="#[ac]">&gt;&gt;</a>&nbsp;&nbsp;&nbsp;lcd_clear
</UL>

<P><STRONG><a name="[d1]"></a>lcd_write_data</STRONG> (Thumb, 22 bytes, Stack size 16 bytes, lcd.o(.text))
<BR><BR>[Stack]<UL><LI>Max Depth = 32<LI>Call Chain = lcd_write_data &rArr; spiTx
</UL>
<BR>[Calls]<UL><LI><a href="#[ce]">&gt;&gt;</a>&nbsp;&nbsp;&nbsp;spiTx
<LI><a href="#[cf]">&gt;&gt;</a>&nbsp;&nbsp;&nbsp;lcd_deassert_cmd_mode
</UL>
<BR>[Called By]<UL><LI><a href="#[aa]">&gt;&gt;</a>&nbsp;&nbsp;&nbsp;lcd_write_char_10pts
<LI><a href="#[ac]">&gt;&gt;</a>&nbsp;&nbsp;&nbsp;lcd_clear
</UL>

<P><STRONG><a name="[aa]"></a>lcd_write_char_10pts</STRONG> (Thumb, 192 bytes, Stack size 32 bytes, lcd.o(.text))
<BR><BR>[Stack]<UL><LI>Max Depth = 64<LI>Call Chain = lcd_write_char_10pts &rArr; lcd_write_data &rArr; spiTx
</UL>
<BR>[Calls]<UL><LI><a href="#[d1]">&gt;&gt;</a>&nbsp;&nbsp;&nbsp;lcd_write_data
<LI><a href="#[d0]">&gt;&gt;</a>&nbsp;&nbsp;&nbsp;lcd_set_column
<LI><a href="#[cc]">&gt;&gt;</a>&nbsp;&nbsp;&nbsp;lcd_set_page
</UL>
<BR>[Called By]<UL><LI><a href="#[76]">&gt;&gt;</a>&nbsp;&nbsp;&nbsp;main
<LI><a href="#[ab]">&gt;&gt;</a>&nbsp;&nbsp;&nbsp;test_lcd
<LI><a href="#[a9]">&gt;&gt;</a>&nbsp;&nbsp;&nbsp;score
</UL>

<P><STRONG><a name="[ac]"></a>lcd_clear</STRONG> (Thumb, 46 bytes, Stack size 16 bytes, lcd.o(.text))
<BR><BR>[Stack]<UL><LI>Max Depth = 48<LI>Call Chain = lcd_clear &rArr; lcd_write_data &rArr; spiTx
</UL>
<BR>[Calls]<UL><LI><a href="#[d1]">&gt;&gt;</a>&nbsp;&nbsp;&nbsp;lcd_write_data
<LI><a href="#[d0]">&gt;&gt;</a>&nbsp;&nbsp;&nbsp;lcd_set_column
<LI><a href="#[cc]">&gt;&gt;</a>&nbsp;&nbsp;&nbsp;lcd_set_page
</UL>
<BR>[Called By]<UL><LI><a href="#[76]">&gt;&gt;</a>&nbsp;&nbsp;&nbsp;main
<LI><a href="#[ae]">&gt;&gt;</a>&nbsp;&nbsp;&nbsp;start_game
<LI><a href="#[ab]">&gt;&gt;</a>&nbsp;&nbsp;&nbsp;test_lcd
</UL>

<P><STRONG><a name="[95]"></a>lcd_screen_init</STRONG> (Thumb, 238 bytes, Stack size 16 bytes, lcd.o(.text))
<BR><BR>[Stack]<UL><LI>Max Depth = 32<LI>Call Chain = lcd_screen_init &rArr; spiTx
</UL>
<BR>[Calls]<UL><LI><a href="#[ce]">&gt;&gt;</a>&nbsp;&nbsp;&nbsp;spiTx
<LI><a href="#[cf]">&gt;&gt;</a>&nbsp;&nbsp;&nbsp;lcd_deassert_cmd_mode
<LI><a href="#[cd]">&gt;&gt;</a>&nbsp;&nbsp;&nbsp;lcd_assert_cmd_mode
</UL>
<BR>[Called By]<UL><LI><a href="#[8c]">&gt;&gt;</a>&nbsp;&nbsp;&nbsp;initialize_board
</UL>

<P><STRONG><a name="[94]"></a>lcd_pins_init</STRONG> (Thumb, 180 bytes, Stack size 8 bytes, lcd.o(.text))
<BR><BR>[Stack]<UL><LI>Max Depth = 32<LI>Call Chain = lcd_pins_init &rArr; gpio_config_port_control
</UL>
<BR>[Calls]<UL><LI><a href="#[d2]">&gt;&gt;</a>&nbsp;&nbsp;&nbsp;initialize_spi
<LI><a href="#[b6]">&gt;&gt;</a>&nbsp;&nbsp;&nbsp;gpio_config_enable_output
<LI><a href="#[82]">&gt;&gt;</a>&nbsp;&nbsp;&nbsp;gpio_enable_port
<LI><a href="#[85]">&gt;&gt;</a>&nbsp;&nbsp;&nbsp;gpio_config_port_control
<LI><a href="#[83]">&gt;&gt;</a>&nbsp;&nbsp;&nbsp;gpio_config_digital_enable
<LI><a href="#[84]">&gt;&gt;</a>&nbsp;&nbsp;&nbsp;gpio_config_alternate_function
</UL>
<BR>[Called By]<UL><LI><a href="#[8c]">&gt;&gt;</a>&nbsp;&nbsp;&nbsp;initialize_board
</UL>

<P><STRONG><a name="[d3]"></a>pc_buffer_init</STRONG> (Thumb, 12 bytes, Stack size 0 bytes, pc_buffer.o(.text))
<BR><BR>[Called By]<UL><LI><a href="#[86]">&gt;&gt;</a>&nbsp;&nbsp;&nbsp;initialize_uart
</UL>

<P><STRONG><a name="[d9]"></a>pc_buffer_add</STRONG> (Thumb, 26 bytes, Stack size 8 bytes, pc_buffer.o(.text))
<BR><BR>[Stack]<UL><LI>Max Depth = 8<LI>Call Chain = pc_buffer_add
</UL>
<BR>[Called By]<UL><LI><a href="#[f]">&gt;&gt;</a>&nbsp;&nbsp;&nbsp;UART0_Handler
<LI><a href="#[d7]">&gt;&gt;</a>&nbsp;&nbsp;&nbsp;uartTx
</UL>

<P><STRONG><a name="[d6]"></a>pc_buffer_remove</STRONG> (Thumb, 28 bytes, Stack size 8 bytes, pc_buffer.o(.text))
<BR><BR>[Stack]<UL><LI>Max Depth = 8<LI>Call Chain = pc_buffer_remove
</UL>
<BR>[Called By]<UL><LI><a href="#[f]">&gt;&gt;</a>&nbsp;&nbsp;&nbsp;UART0_Handler
<LI><a href="#[d4]">&gt;&gt;</a>&nbsp;&nbsp;&nbsp;uartRx
</UL>

<P><STRONG><a name="[d5]"></a>pc_buffer_empty</STRONG> (Thumb, 18 bytes, Stack size 0 bytes, pc_buffer.o(.text))
<BR><BR>[Called By]<UL><LI><a href="#[f]">&gt;&gt;</a>&nbsp;&nbsp;&nbsp;UART0_Handler
<LI><a href="#[d7]">&gt;&gt;</a>&nbsp;&nbsp;&nbsp;uartTx
<LI><a href="#[d4]">&gt;&gt;</a>&nbsp;&nbsp;&nbsp;uartRx
</UL>

<P><STRONG><a name="[d8]"></a>pc_buffer_full</STRONG> (Thumb, 22 bytes, Stack size 0 bytes, pc_buffer.o(.text))
<BR><BR>[Called By]<UL><LI><a href="#[f]">&gt;&gt;</a>&nbsp;&nbsp;&nbsp;UART0_Handler
<LI><a href="#[d7]">&gt;&gt;</a>&nbsp;&nbsp;&nbsp;uartTx
</UL>

<P><STRONG><a name="[e2]"></a>spiVerifyBaseAddr</STRONG> (Thumb, 34 bytes, Stack size 0 bytes, spi.o(.text))
<BR><BR>[Called By]<UL><LI><a href="#[a5]">&gt;&gt;</a>&nbsp;&nbsp;&nbsp;wireless_send_32
<LI><a href="#[a7]">&gt;&gt;</a>&nbsp;&nbsp;&nbsp;wireless_get_32
<LI><a href="#[b0]">&gt;&gt;</a>&nbsp;&nbsp;&nbsp;wireless_configure_device
</UL>

<P><STRONG><a name="[d2]"></a>initialize_spi</STRONG> (Thumb, 240 bytes, Stack size 12 bytes, spi.o(.text))
<BR><BR>[Stack]<UL><LI>Max Depth = 12<LI>Call Chain = initialize_spi
</UL>
<BR>[Called By]<UL><LI><a href="#[96]">&gt;&gt;</a>&nbsp;&nbsp;&nbsp;wireless_initialize
<LI><a href="#[94]">&gt;&gt;</a>&nbsp;&nbsp;&nbsp;lcd_pins_init
</UL>

<P><STRONG><a name="[ce]"></a>spiTx</STRONG> (Thumb, 94 bytes, Stack size 16 bytes, spi.o(.text))
<BR><BR>[Stack]<UL><LI>Max Depth = 16<LI>Call Chain = spiTx
</UL>
<BR>[Called By]<UL><LI><a href="#[e6]">&gt;&gt;</a>&nbsp;&nbsp;&nbsp;wireless_flush_tx_fifo
<LI><a href="#[e1]">&gt;&gt;</a>&nbsp;&nbsp;&nbsp;wireless_get_status
<LI><a href="#[e0]">&gt;&gt;</a>&nbsp;&nbsp;&nbsp;wireless_set_rx_addr
<LI><a href="#[df]">&gt;&gt;</a>&nbsp;&nbsp;&nbsp;wireless_rx_data_payload
<LI><a href="#[de]">&gt;&gt;</a>&nbsp;&nbsp;&nbsp;wireless_reg_write
<LI><a href="#[db]">&gt;&gt;</a>&nbsp;&nbsp;&nbsp;wireless_reg_read
<LI><a href="#[d1]">&gt;&gt;</a>&nbsp;&nbsp;&nbsp;lcd_write_data
<LI><a href="#[d0]">&gt;&gt;</a>&nbsp;&nbsp;&nbsp;lcd_set_column
<LI><a href="#[cc]">&gt;&gt;</a>&nbsp;&nbsp;&nbsp;lcd_set_page
<LI><a href="#[a5]">&gt;&gt;</a>&nbsp;&nbsp;&nbsp;wireless_send_32
<LI><a href="#[b0]">&gt;&gt;</a>&nbsp;&nbsp;&nbsp;wireless_configure_device
<LI><a href="#[95]">&gt;&gt;</a>&nbsp;&nbsp;&nbsp;lcd_screen_init
</UL>

<P><STRONG><a name="[86]"></a>initialize_uart</STRONG> (Thumb, 146 bytes, Stack size 8 bytes, uart_irqs.o(.text))
<BR><BR>[Stack]<UL><LI>Max Depth = 8<LI>Call Chain = initialize_uart
</UL>
<BR>[Calls]<UL><LI><a href="#[d3]">&gt;&gt;</a>&nbsp;&nbsp;&nbsp;pc_buffer_init
</UL>
<BR>[Called By]<UL><LI><a href="#[81]">&gt;&gt;</a>&nbsp;&nbsp;&nbsp;serialDebugInit
</UL>

<P><STRONG><a name="[d4]"></a>uartRx</STRONG> (Thumb, 44 bytes, Stack size 16 bytes, uart_irqs.o(.text))
<BR><BR>[Stack]<UL><LI>Max Depth = 24<LI>Call Chain = uartRx &rArr; pc_buffer_remove
</UL>
<BR>[Calls]<UL><LI><a href="#[d5]">&gt;&gt;</a>&nbsp;&nbsp;&nbsp;pc_buffer_empty
<LI><a href="#[d6]">&gt;&gt;</a>&nbsp;&nbsp;&nbsp;pc_buffer_remove
<LI><a href="#[97]">&gt;&gt;</a>&nbsp;&nbsp;&nbsp;EnableInterrupts
<LI><a href="#[8d]">&gt;&gt;</a>&nbsp;&nbsp;&nbsp;DisableInterrupts
</UL>
<BR>[Called By]<UL><LI><a href="#[79]">&gt;&gt;</a>&nbsp;&nbsp;&nbsp;fgetc
</UL>

<P><STRONG><a name="[d7]"></a>uartTx</STRONG> (Thumb, 70 bytes, Stack size 8 bytes, uart_irqs.o(.text))
<BR><BR>[Stack]<UL><LI>Max Depth = 16<LI>Call Chain = uartTx &rArr; pc_buffer_add
</UL>
<BR>[Calls]<UL><LI><a href="#[d8]">&gt;&gt;</a>&nbsp;&nbsp;&nbsp;pc_buffer_full
<LI><a href="#[d5]">&gt;&gt;</a>&nbsp;&nbsp;&nbsp;pc_buffer_empty
<LI><a href="#[d9]">&gt;&gt;</a>&nbsp;&nbsp;&nbsp;pc_buffer_add
<LI><a href="#[97]">&gt;&gt;</a>&nbsp;&nbsp;&nbsp;EnableInterrupts
<LI><a href="#[8d]">&gt;&gt;</a>&nbsp;&nbsp;&nbsp;DisableInterrupts
</UL>
<BR>[Called By]<UL><LI><a href="#[7d]">&gt;&gt;</a>&nbsp;&nbsp;&nbsp;fputc
</UL>

<P><STRONG><a name="[7d]"></a>fputc</STRONG> (Thumb, 44 bytes, Stack size 16 bytes, uart_irqs.o(.text))
<BR><BR>[Stack]<UL><LI>Max Depth = 32<LI>Call Chain = fputc &rArr; uartTx &rArr; pc_buffer_add
</UL>
<BR>[Calls]<UL><LI><a href="#[d7]">&gt;&gt;</a>&nbsp;&nbsp;&nbsp;uartTx
<LI><a href="#[da]">&gt;&gt;</a>&nbsp;&nbsp;&nbsp;__aeabi_errno_addr
</UL>
<BR>[Called By]<UL><LI><a href="#[79]">&gt;&gt;</a>&nbsp;&nbsp;&nbsp;fgetc
</UL>
<BR>[Address Reference Count : 1]<UL><LI> printf8.o(i.__0printf$8)
</UL>
<P><STRONG><a name="[79]"></a>fgetc</STRONG> (Thumb, 48 bytes, Stack size 16 bytes, uart_irqs.o(.text))
<BR><BR>[Stack]<UL><LI>Max Depth = 48<LI>Call Chain = fgetc &rArr; fputc &rArr; uartTx &rArr; pc_buffer_add
</UL>
<BR>[Calls]<UL><LI><a href="#[7d]">&gt;&gt;</a>&nbsp;&nbsp;&nbsp;fputc
<LI><a href="#[d4]">&gt;&gt;</a>&nbsp;&nbsp;&nbsp;uartRx
<LI><a href="#[da]">&gt;&gt;</a>&nbsp;&nbsp;&nbsp;__aeabi_errno_addr
</UL>
<BR>[Address Reference Count : 1]<UL><LI> scanf_char_file.o(.text)
</UL>
<P><STRONG><a name="[e8]"></a>wait_uS_15</STRONG> (Thumb, 14 bytes, Stack size 0 bytes, wireless.o(.text))
<BR><BR>[Called By]<UL><LI><a href="#[a5]">&gt;&gt;</a>&nbsp;&nbsp;&nbsp;wireless_send_32
</UL>

<P><STRONG><a name="[a5]"></a>wireless_send_32</STRONG> (Thumb, 302 bytes, Stack size 40 bytes, wireless.o(.text))
<BR><BR>[Stack]<UL><LI>Max Depth = 88<LI>Call Chain = wireless_send_32 &rArr; wireless_clear_max_rt &rArr; wireless_reg_write &rArr; spiTx
</UL>
<BR>[Calls]<UL><LI><a href="#[e8]">&gt;&gt;</a>&nbsp;&nbsp;&nbsp;wait_uS_15
<LI><a href="#[e5]">&gt;&gt;</a>&nbsp;&nbsp;&nbsp;wireless_clear_max_rt
<LI><a href="#[e3]">&gt;&gt;</a>&nbsp;&nbsp;&nbsp;wireless_status_tx_full_asserted
<LI><a href="#[e9]">&gt;&gt;</a>&nbsp;&nbsp;&nbsp;wireless_status_tx_ds_asserted
<LI><a href="#[e6]">&gt;&gt;</a>&nbsp;&nbsp;&nbsp;wireless_flush_tx_fifo
<LI><a href="#[e7]">&gt;&gt;</a>&nbsp;&nbsp;&nbsp;wireless_CE_high
<LI><a href="#[e4]">&gt;&gt;</a>&nbsp;&nbsp;&nbsp;wireless_CE_low
<LI><a href="#[dd]">&gt;&gt;</a>&nbsp;&nbsp;&nbsp;wireless_CSN_high
<LI><a href="#[dc]">&gt;&gt;</a>&nbsp;&nbsp;&nbsp;wireless_CSN_low
<LI><a href="#[e1]">&gt;&gt;</a>&nbsp;&nbsp;&nbsp;wireless_get_status
<LI><a href="#[de]">&gt;&gt;</a>&nbsp;&nbsp;&nbsp;wireless_reg_write
<LI><a href="#[db]">&gt;&gt;</a>&nbsp;&nbsp;&nbsp;wireless_reg_read
<LI><a href="#[e2]">&gt;&gt;</a>&nbsp;&nbsp;&nbsp;spiVerifyBaseAddr
<LI><a href="#[ce]">&gt;&gt;</a>&nbsp;&nbsp;&nbsp;spiTx
</UL>
<BR>[Called By]<UL><LI><a href="#[eb]">&gt;&gt;</a>&nbsp;&nbsp;&nbsp;wireless_test
<LI><a href="#[a4]">&gt;&gt;</a>&nbsp;&nbsp;&nbsp;boardTX
</UL>

<P><STRONG><a name="[a7]"></a>wireless_get_32</STRONG> (Thumb, 130 bytes, Stack size 16 bytes, wireless.o(.text))
<BR><BR>[Stack]<UL><LI>Max Depth = 64<LI>Call Chain = wireless_get_32 &rArr; wireless_rx_fifo_empty &rArr; wireless_reg_read &rArr; spiTx
</UL>
<BR>[Calls]<UL><LI><a href="#[ea]">&gt;&gt;</a>&nbsp;&nbsp;&nbsp;wireless_rx_fifo_empty
<LI><a href="#[e1]">&gt;&gt;</a>&nbsp;&nbsp;&nbsp;wireless_get_status
<LI><a href="#[df]">&gt;&gt;</a>&nbsp;&nbsp;&nbsp;wireless_rx_data_payload
<LI><a href="#[de]">&gt;&gt;</a>&nbsp;&nbsp;&nbsp;wireless_reg_write
<LI><a href="#[e2]">&gt;&gt;</a>&nbsp;&nbsp;&nbsp;spiVerifyBaseAddr
</UL>
<BR>[Called By]<UL><LI><a href="#[eb]">&gt;&gt;</a>&nbsp;&nbsp;&nbsp;wireless_test
<LI><a href="#[a6]">&gt;&gt;</a>&nbsp;&nbsp;&nbsp;boardRX
</UL>

<P><STRONG><a name="[b0]"></a>wireless_configure_device</STRONG> (Thumb, 218 bytes, Stack size 32 bytes, wireless.o(.text))
<BR><BR>[Stack]<UL><LI>Max Depth = 80<LI>Call Chain = wireless_configure_device &rArr; wireless_set_rx_addr &rArr; spiTx
</UL>
<BR>[Calls]<UL><LI><a href="#[e6]">&gt;&gt;</a>&nbsp;&nbsp;&nbsp;wireless_flush_tx_fifo
<LI><a href="#[e7]">&gt;&gt;</a>&nbsp;&nbsp;&nbsp;wireless_CE_high
<LI><a href="#[e4]">&gt;&gt;</a>&nbsp;&nbsp;&nbsp;wireless_CE_low
<LI><a href="#[dd]">&gt;&gt;</a>&nbsp;&nbsp;&nbsp;wireless_CSN_high
<LI><a href="#[dc]">&gt;&gt;</a>&nbsp;&nbsp;&nbsp;wireless_CSN_low
<LI><a href="#[e0]">&gt;&gt;</a>&nbsp;&nbsp;&nbsp;wireless_set_rx_addr
<LI><a href="#[de]">&gt;&gt;</a>&nbsp;&nbsp;&nbsp;wireless_reg_write
<LI><a href="#[e2]">&gt;&gt;</a>&nbsp;&nbsp;&nbsp;spiVerifyBaseAddr
<LI><a href="#[ce]">&gt;&gt;</a>&nbsp;&nbsp;&nbsp;spiTx
</UL>
<BR>[Called By]<UL><LI><a href="#[eb]">&gt;&gt;</a>&nbsp;&nbsp;&nbsp;wireless_test
<LI><a href="#[76]">&gt;&gt;</a>&nbsp;&nbsp;&nbsp;main
</UL>

<P><STRONG><a name="[96]"></a>wireless_initialize</STRONG> (Thumb, 164 bytes, Stack size 8 bytes, wireless.o(.text))
<BR><BR>[Stack]<UL><LI>Max Depth = 32<LI>Call Chain = wireless_initialize &rArr; gpio_config_port_control
</UL>
<BR>[Calls]<UL><LI><a href="#[d2]">&gt;&gt;</a>&nbsp;&nbsp;&nbsp;initialize_spi
<LI><a href="#[b6]">&gt;&gt;</a>&nbsp;&nbsp;&nbsp;gpio_config_enable_output
<LI><a href="#[82]">&gt;&gt;</a>&nbsp;&nbsp;&nbsp;gpio_enable_port
<LI><a href="#[85]">&gt;&gt;</a>&nbsp;&nbsp;&nbsp;gpio_config_port_control
<LI><a href="#[83]">&gt;&gt;</a>&nbsp;&nbsp;&nbsp;gpio_config_digital_enable
<LI><a href="#[84]">&gt;&gt;</a>&nbsp;&nbsp;&nbsp;gpio_config_alternate_function
</UL>
<BR>[Called By]<UL><LI><a href="#[8c]">&gt;&gt;</a>&nbsp;&nbsp;&nbsp;initialize_board
</UL>

<P><STRONG><a name="[eb]"></a>wireless_test</STRONG> (Thumb, 156 bytes, Stack size 40 bytes, wireless.o(.text), UNUSED)
<BR><BR>[Calls]<UL><LI><a href="#[a5]">&gt;&gt;</a>&nbsp;&nbsp;&nbsp;wireless_send_32
<LI><a href="#[a7]">&gt;&gt;</a>&nbsp;&nbsp;&nbsp;wireless_get_32
<LI><a href="#[b0]">&gt;&gt;</a>&nbsp;&nbsp;&nbsp;wireless_configure_device
<LI><a href="#[9d]">&gt;&gt;</a>&nbsp;&nbsp;&nbsp;__2printf
</UL>

<P><STRONG><a name="[f]"></a>UART0_Handler</STRONG> (Thumb, 148 bytes, Stack size 16 bytes, interrupts.o(.text))
<BR><BR>[Stack]<UL><LI>Max Depth = 24<LI>Call Chain = UART0_Handler &rArr; pc_buffer_remove
</UL>
<BR>[Calls]<UL><LI><a href="#[d8]">&gt;&gt;</a>&nbsp;&nbsp;&nbsp;pc_buffer_full
<LI><a href="#[d5]">&gt;&gt;</a>&nbsp;&nbsp;&nbsp;pc_buffer_empty
<LI><a href="#[d6]">&gt;&gt;</a>&nbsp;&nbsp;&nbsp;pc_buffer_remove
<LI><a href="#[d9]">&gt;&gt;</a>&nbsp;&nbsp;&nbsp;pc_buffer_add
</UL>
<BR>[Address Reference Count : 1]<UL><LI> startup_tm4c123.o(RESET)
</UL>
<P><STRONG><a name="[9]"></a>SysTick_Handler</STRONG> (Thumb, 248 bytes, Stack size 12 bytes, interrupts.o(.text))
<BR><BR>[Stack]<UL><LI>Max Depth = 12<LI>Call Chain = SysTick_Handler
</UL>
<BR>[Address Reference Count : 1]<UL><LI> startup_tm4c123.o(RESET)
</UL>
<P><STRONG><a name="[1d]"></a>TIMER0A_Handler</STRONG> (Thumb, 32 bytes, Stack size 0 bytes, interrupts.o(.text))
<BR>[Address Reference Count : 1]<UL><LI> startup_tm4c123.o(RESET)
</UL>
<P><STRONG><a name="[1c]"></a>WDT0_Handler</STRONG> (Thumb, 24 bytes, Stack size 8 bytes, interrupts.o(.text))
<BR><BR>[Stack]<UL><LI>Max Depth = 32<LI>Call Chain = WDT0_Handler &rArr; __2printf
</UL>
<BR>[Calls]<UL><LI><a href="#[9d]">&gt;&gt;</a>&nbsp;&nbsp;&nbsp;__2printf
</UL>
<BR>[Address Reference Count : 1]<UL><LI> startup_tm4c123.o(RESET)
</UL>
<P><STRONG><a name="[1f]"></a>TIMER1A_Handler</STRONG> (Thumb, 22 bytes, Stack size 0 bytes, interrupts.o(.text))
<BR>[Address Reference Count : 1]<UL><LI> startup_tm4c123.o(RESET)
</UL>
<P><STRONG><a name="[18]"></a>ADC0SS0_Handler</STRONG> (Thumb, 86 bytes, Stack size 0 bytes, interrupts.o(.text))
<BR>[Address Reference Count : 1]<UL><LI> startup_tm4c123.o(RESET)
</UL>
<P><STRONG><a name="[d]"></a>GPIOD_Handler</STRONG> (Thumb, 28 bytes, Stack size 0 bytes, interrupts.o(.text))
<BR>[Address Reference Count : 1]<UL><LI> startup_tm4c123.o(RESET)
</UL>
<P><STRONG><a name="[3c]"></a>ADC1SS3_Handler</STRONG> (Thumb, 20 bytes, Stack size 0 bytes, interrupts.o(.text))
<BR>[Address Reference Count : 1]<UL><LI> startup_tm4c123.o(RESET)
</UL>
<P><STRONG><a name="[98]"></a>ioExpanderInit</STRONG> (Thumb, 56 bytes, Stack size 8 bytes, io.o(.text))
<BR><BR>[Stack]<UL><LI>Max Depth = 32<LI>Call Chain = ioExpanderInit &rArr; i2cSendByte &rArr; I2CMasterBusy
</UL>
<BR>[Calls]<UL><LI><a href="#[c3]">&gt;&gt;</a>&nbsp;&nbsp;&nbsp;i2cSetSlaveAddr
<LI><a href="#[c4]">&gt;&gt;</a>&nbsp;&nbsp;&nbsp;i2cSendByte
</UL>
<BR>[Called By]<UL><LI><a href="#[8c]">&gt;&gt;</a>&nbsp;&nbsp;&nbsp;initialize_board
</UL>

<P><STRONG><a name="[9a]"></a>ledMatrixWriteData</STRONG> (Thumb, 90 bytes, Stack size 16 bytes, io.o(.text))
<BR><BR>[Stack]<UL><LI>Max Depth = 40<LI>Call Chain = ledMatrixWriteData &rArr; i2cSendByte &rArr; I2CMasterBusy
</UL>
<BR>[Calls]<UL><LI><a href="#[c3]">&gt;&gt;</a>&nbsp;&nbsp;&nbsp;i2cSetSlaveAddr
<LI><a href="#[c4]">&gt;&gt;</a>&nbsp;&nbsp;&nbsp;i2cSendByte
</UL>
<BR>[Called By]<UL><LI><a href="#[99]">&gt;&gt;</a>&nbsp;&nbsp;&nbsp;write_image
</UL>

<P><STRONG><a name="[7e]"></a>Reset_Handler</STRONG> (Thumb, 8 bytes, Stack size 0 bytes, startup_tm4c123.o(.text))

<P><STRONG><a name="[1]"></a>NMI_Handler</STRONG> (Thumb, 2 bytes, Stack size 0 bytes, startup_tm4c123.o(.text))
<BR><BR>[Calls]<UL><LI><a href="#[1]">&gt;&gt;</a>&nbsp;&nbsp;&nbsp;NMI_Handler
</UL>
<BR>[Called By]<UL><LI><a href="#[1]">&gt;&gt;</a>&nbsp;&nbsp;&nbsp;NMI_Handler
</UL>
<BR>[Address Reference Count : 1]<UL><LI> startup_tm4c123.o(RESET)
</UL>
<P><STRONG><a name="[2]"></a>HardFault_Handler</STRONG> (Thumb, 2 bytes, Stack size 0 bytes, startup_tm4c123.o(.text))
<BR><BR>[Calls]<UL><LI><a href="#[2]">&gt;&gt;</a>&nbsp;&nbsp;&nbsp;HardFault_Handler
</UL>
<BR>[Called By]<UL><LI><a href="#[2]">&gt;&gt;</a>&nbsp;&nbsp;&nbsp;HardFault_Handler
</UL>
<BR>[Address Reference Count : 1]<UL><LI> startup_tm4c123.o(RESET)
</UL>
<P><STRONG><a name="[3]"></a>MemManage_Handler</STRONG> (Thumb, 2 bytes, Stack size 0 bytes, startup_tm4c123.o(.text))
<BR><BR>[Calls]<UL><LI><a href="#[3]">&gt;&gt;</a>&nbsp;&nbsp;&nbsp;MemManage_Handler
</UL>
<BR>[Called By]<UL><LI><a href="#[3]">&gt;&gt;</a>&nbsp;&nbsp;&nbsp;MemManage_Handler
</UL>
<BR>[Address Reference Count : 1]<UL><LI> startup_tm4c123.o(RESET)
</UL>
<P><STRONG><a name="[4]"></a>BusFault_Handler</STRONG> (Thumb, 2 bytes, Stack size 0 bytes, startup_tm4c123.o(.text))
<BR><BR>[Calls]<UL><LI><a href="#[4]">&gt;&gt;</a>&nbsp;&nbsp;&nbsp;BusFault_Handler
</UL>
<BR>[Called By]<UL><LI><a href="#[4]">&gt;&gt;</a>&nbsp;&nbsp;&nbsp;BusFault_Handler
</UL>
<BR>[Address Reference Count : 1]<UL><LI> startup_tm4c123.o(RESET)
</UL>
<P><STRONG><a name="[5]"></a>UsageFault_Handler</STRONG> (Thumb, 2 bytes, Stack size 0 bytes, startup_tm4c123.o(.text))
<BR><BR>[Calls]<UL><LI><a href="#[5]">&gt;&gt;</a>&nbsp;&nbsp;&nbsp;UsageFault_Handler
</UL>
<BR>[Called By]<UL><LI><a href="#[5]">&gt;&gt;</a>&nbsp;&nbsp;&nbsp;UsageFault_Handler
</UL>
<BR>[Address Reference Count : 1]<UL><LI> startup_tm4c123.o(RESET)
</UL>
<P><STRONG><a name="[6]"></a>SVC_Handler</STRONG> (Thumb, 2 bytes, Stack size 0 bytes, startup_tm4c123.o(.text))
<BR><BR>[Calls]<UL><LI><a href="#[6]">&gt;&gt;</a>&nbsp;&nbsp;&nbsp;SVC_Handler
</UL>
<BR>[Called By]<UL><LI><a href="#[6]">&gt;&gt;</a>&nbsp;&nbsp;&nbsp;SVC_Handler
</UL>
<BR>[Address Reference Count : 1]<UL><LI> startup_tm4c123.o(RESET)
</UL>
<P><STRONG><a name="[7]"></a>DebugMon_Handler</STRONG> (Thumb, 2 bytes, Stack size 0 bytes, startup_tm4c123.o(.text))
<BR><BR>[Calls]<UL><LI><a href="#[7]">&gt;&gt;</a>&nbsp;&nbsp;&nbsp;DebugMon_Handler
</UL>
<BR>[Called By]<UL><LI><a href="#[7]">&gt;&gt;</a>&nbsp;&nbsp;&nbsp;DebugMon_Handler
</UL>
<BR>[Address Reference Count : 1]<UL><LI> startup_tm4c123.o(RESET)
</UL>
<P><STRONG><a name="[8]"></a>PendSV_Handler</STRONG> (Thumb, 2 bytes, Stack size 0 bytes, startup_tm4c123.o(.text))
<BR><BR>[Calls]<UL><LI><a href="#[8]">&gt;&gt;</a>&nbsp;&nbsp;&nbsp;PendSV_Handler
</UL>
<BR>[Called By]<UL><LI><a href="#[8]">&gt;&gt;</a>&nbsp;&nbsp;&nbsp;PendSV_Handler
</UL>
<BR>[Address Reference Count : 1]<UL><LI> startup_tm4c123.o(RESET)
</UL>
<P><STRONG><a name="[a]"></a>GPIOA_Handler</STRONG> (Thumb, 2 bytes, Stack size 0 bytes, startup_tm4c123.o(.text))
<BR><BR>[Calls]<UL><LI><a href="#[a]">&gt;&gt;</a>&nbsp;&nbsp;&nbsp;GPIOA_Handler
</UL>
<BR>[Called By]<UL><LI><a href="#[a]">&gt;&gt;</a>&nbsp;&nbsp;&nbsp;GPIOA_Handler
</UL>
<BR>[Address Reference Count : 1]<UL><LI> startup_tm4c123.o(RESET)
</UL>
<P><STRONG><a name="[b]"></a>GPIOB_Handler</STRONG> (Thumb, 2 bytes, Stack size 0 bytes, startup_tm4c123.o(.text))
<BR><BR>[Calls]<UL><LI><a href="#[b]">&gt;&gt;</a>&nbsp;&nbsp;&nbsp;GPIOB_Handler
</UL>
<BR>[Called By]<UL><LI><a href="#[b]">&gt;&gt;</a>&nbsp;&nbsp;&nbsp;GPIOB_Handler
</UL>
<BR>[Address Reference Count : 1]<UL><LI> startup_tm4c123.o(RESET)
</UL>
<P><STRONG><a name="[c]"></a>GPIOC_Handler</STRONG> (Thumb, 2 bytes, Stack size 0 bytes, startup_tm4c123.o(.text))
<BR><BR>[Calls]<UL><LI><a href="#[c]">&gt;&gt;</a>&nbsp;&nbsp;&nbsp;GPIOC_Handler
</UL>
<BR>[Called By]<UL><LI><a href="#[c]">&gt;&gt;</a>&nbsp;&nbsp;&nbsp;GPIOC_Handler
</UL>
<BR>[Address Reference Count : 1]<UL><LI> startup_tm4c123.o(RESET)
</UL>
<P><STRONG><a name="[e]"></a>GPIOE_Handler</STRONG> (Thumb, 2 bytes, Stack size 0 bytes, startup_tm4c123.o(.text))
<BR><BR>[Calls]<UL><LI><a href="#[e]">&gt;&gt;</a>&nbsp;&nbsp;&nbsp;GPIOE_Handler
</UL>
<BR>[Called By]<UL><LI><a href="#[e]">&gt;&gt;</a>&nbsp;&nbsp;&nbsp;GPIOE_Handler
</UL>
<BR>[Address Reference Count : 1]<UL><LI> startup_tm4c123.o(RESET)
</UL>
<P><STRONG><a name="[10]"></a>UART1_Handler</STRONG> (Thumb, 2 bytes, Stack size 0 bytes, startup_tm4c123.o(.text))
<BR><BR>[Calls]<UL><LI><a href="#[10]">&gt;&gt;</a>&nbsp;&nbsp;&nbsp;UART1_Handler
</UL>
<BR>[Called By]<UL><LI><a href="#[10]">&gt;&gt;</a>&nbsp;&nbsp;&nbsp;UART1_Handler
</UL>
<BR>[Address Reference Count : 1]<UL><LI> startup_tm4c123.o(RESET)
</UL>
<P><STRONG><a name="[11]"></a>SSI0_Handler</STRONG> (Thumb, 2 bytes, Stack size 0 bytes, startup_tm4c123.o(.text))
<BR><BR>[Calls]<UL><LI><a href="#[11]">&gt;&gt;</a>&nbsp;&nbsp;&nbsp;SSI0_Handler
</UL>
<BR>[Called By]<UL><LI><a href="#[11]">&gt;&gt;</a>&nbsp;&nbsp;&nbsp;SSI0_Handler
</UL>
<BR>[Address Reference Count : 1]<UL><LI> startup_tm4c123.o(RESET)
</UL>
<P><STRONG><a name="[12]"></a>I2C0_Handler</STRONG> (Thumb, 2 bytes, Stack size 0 bytes, startup_tm4c123.o(.text))
<BR><BR>[Calls]<UL><LI><a href="#[12]">&gt;&gt;</a>&nbsp;&nbsp;&nbsp;I2C0_Handler
</UL>
<BR>[Called By]<UL><LI><a href="#[12]">&gt;&gt;</a>&nbsp;&nbsp;&nbsp;I2C0_Handler
</UL>
[...]
</UL>
<BR>[Called By]<UL><LI><a href="#[75]">&gt;&gt;</a>&nbsp;&nbsp;&nbsp;PWM1_FAULT_Handler
</UL>
<BR>[Address Reference Count : 1]<UL><LI> startup_tm4c123.o(RESET)
</UL>
<P><STRONG><a name="[ec]"></a>SystemCoreClockUpdate</STRONG> (Thumb, 184 bytes, Stack size 16 bytes, system_tm4c123.o(.text), UNUSED)
<BR><BR>[Calls]<UL><LI><a href="#[ed]">&gt;&gt;</a>&nbsp;&nbsp;&nbsp;getOscClk
</UL>

<P><STRONG><a name="[77]"></a>SystemInit</STRONG> (Thumb, 112 bytes, Stack size 0 bytes, system_tm4c123.o(.text))
<BR>[Address Reference Count : 1]<UL><LI> startup_tm4c123.o(.text)
</UL>
<P><STRONG><a name="[102]"></a>__aeabi_memcpy</STRONG> (Thumb, 36 bytes, Stack size 0 bytes, memcpya.o(.text), UNUSED)

<P><STRONG><a name="[c9]"></a>__aeabi_memcpy4</STRONG> (Thumb, 0 bytes, Stack size 0 bytes, memcpya.o(.text))
<BR><BR>[Called By]<UL><LI><a href="#[af]">&gt;&gt;</a>&nbsp;&nbsp;&nbsp;setup_eeprom
</UL>

<P><STRONG><a name="[103]"></a>__aeabi_memcpy8</STRONG> (Thumb, 0 bytes, Stack size 0 bytes, memcpya.o(.text), UNUSED)

<P><STRONG><a name="[9f]"></a>__0scanf</STRONG> (Thumb, 26 bytes, Stack size 56 bytes, __0scanf.o(.text))
<BR><BR>[Stack]<UL><LI>Max Depth = 200<LI>Call Chain = __0scanf &rArr; __vfscanf_char_file &rArr; __vfscanf_char &rArr; __vfscanf &rArr; _scanf_string
</UL>
<BR>[Calls]<UL><LI><a href="#[ee]">&gt;&gt;</a>&nbsp;&nbsp;&nbsp;__vfscanf_char_file
</UL>
<BR>[Called By]<UL><LI><a href="#[a2]">&gt;&gt;</a>&nbsp;&nbsp;&nbsp;prompt3
<LI><a href="#[a1]">&gt;&gt;</a>&nbsp;&nbsp;&nbsp;prompt2
<LI><a href="#[9e]">&gt;&gt;</a>&nbsp;&nbsp;&nbsp;prompt1
</UL>

<P><STRONG><a name="[f6]"></a>_scanf_string</STRONG> (Thumb, 218 bytes, Stack size 56 bytes, _scanf_str.o(.text))
<BR><BR>[Stack]<UL><LI>Max Depth = 56<LI>Call Chain = _scanf_string
</UL>
<BR>[Called By]<UL><LI><a href="#[f4]">&gt;&gt;</a>&nbsp;&nbsp;&nbsp;__vfscanf
</UL>

<P><STRONG><a name="[ef]"></a>__aeabi_uldivmod</STRONG> (Thumb, 98 bytes, Stack size 40 bytes, uldiv.o(.text), UNUSED)
<BR><BR>[Calls]<UL><LI><a href="#[f0]">&gt;&gt;</a>&nbsp;&nbsp;&nbsp;__aeabi_llsr
<LI><a href="#[f1]">&gt;&gt;</a>&nbsp;&nbsp;&nbsp;__aeabi_llsl
</UL>
<BR>[Called By]<UL><LI><a href="#[f8]">&gt;&gt;</a>&nbsp;&nbsp;&nbsp;_printf_core
</UL>

<P><STRONG><a name="[ee]"></a>__vfscanf_char_file</STRONG> (Thumb, 12 bytes, Stack size 0 bytes, scanf_char_file.o(.text))
<BR><BR>[Stack]<UL><LI>Max Depth = 144<LI>Call Chain = __vfscanf_char_file &rArr; __vfscanf_char &rArr; __vfscanf &rArr; _scanf_string
</UL>
<BR>[Calls]<UL><LI><a href="#[f2]">&gt;&gt;</a>&nbsp;&nbsp;&nbsp;__vfscanf_char
</UL>
<BR>[Called By]<UL><LI><a href="#[9f]">&gt;&gt;</a>&nbsp;&nbsp;&nbsp;__0scanf
</UL>

<P><STRONG><a name="[80]"></a>__scatterload</STRONG> (Thumb, 28 bytes, Stack size 0 bytes, init.o(.text))
<BR><BR>[Calls]<UL><LI><a href="#[f3]">&gt;&gt;</a>&nbsp;&nbsp;&nbsp;__main_after_scatterload
</UL>
<BR>[Called By]<UL><LI><a href="#[7f]">&gt;&gt;</a>&nbsp;&nbsp;&nbsp;_main_scatterload
</UL>

<P><STRONG><a name="[104]"></a>__scatterload_rt2</STRONG> (Thumb, 0 bytes, Stack size 0 bytes, init.o(.text), UNUSED)

<P><STRONG><a name="[105]"></a>_fgetc$bs</STRONG> (Thumb, 28 bytes, Stack size 8 bytes, fgetc_b.o(.text), UNUSED)

<P><STRONG><a name="[7a]"></a>__backspace</STRONG> (Thumb, 10 bytes, Stack size 0 bytes, fgetc_b.o(.text))
<BR>[Address Reference Count : 1]<UL><LI> scanf_char_file.o(.text)
</UL>
<P><STRONG><a name="[f1]"></a>__aeabi_llsl</STRONG> (Thumb, 30 bytes, Stack size 0 bytes, llshl.o(.text), UNUSED)
<BR><BR>[Called By]<UL><LI><a href="#[ef]">&gt;&gt;</a>&nbsp;&nbsp;&nbsp;__aeabi_uldivmod
</UL>

<P><STRONG><a name="[106]"></a>_ll_shift_l</STRONG> (Thumb, 0 bytes, Stack size 0 bytes, llshl.o(.text), UNUSED)

<P><STRONG><a name="[f0]"></a>__aeabi_llsr</STRONG> (Thumb, 32 bytes, Stack size 0 bytes, llushr.o(.text), UNUSED)
<BR><BR>[Called By]<UL><LI><a href="#[ef]">&gt;&gt;</a>&nbsp;&nbsp;&nbsp;__aeabi_uldivmod
</UL>

<P><STRONG><a name="[107]"></a>_ll_ushift_r</STRONG> (Thumb, 0 bytes, Stack size 0 bytes, llushr.o(.text), UNUSED)

<P><STRONG><a name="[f2]"></a>__vfscanf_char</STRONG> (Thumb, 20 bytes, Stack size 0 bytes, scanf_char.o(.text))
<BR><BR>[Stack]<UL><LI>Max Depth = 144<LI>Call Chain = __vfscanf_char &rArr; __vfscanf &rArr; _scanf_string
</UL>
<BR>[Calls]<UL><LI><a href="#[f4]">&gt;&gt;</a>&nbsp;&nbsp;&nbsp;__vfscanf
</UL>
<BR>[Called By]<UL><LI><a href="#[ee]">&gt;&gt;</a>&nbsp;&nbsp;&nbsp;__vfscanf_char_file
</UL>

<P><STRONG><a name="[108]"></a>__semihosting_library_function</STRONG> (Thumb, 0 bytes, Stack size 0 bytes, semi.o(.text), UNUSED)

<P><STRONG><a name="[7c]"></a>isspace</STRONG> (Thumb, 10 bytes, Stack size 0 bytes, isspace_c.o(.text))
<BR><BR>[Calls]<UL><LI><a href="#[f5]">&gt;&gt;</a>&nbsp;&nbsp;&nbsp;__ctype_lookup
</UL>
<BR>[Address Reference Count : 1]<UL><LI> scanf_char.o(.text)
</UL>
<P><STRONG><a name="[f4]"></a>__vfscanf</STRONG> (Thumb, 802 bytes, Stack size 88 bytes, _scanf.o(.text))
<BR><BR>[Stack]<UL><LI>Max Depth = 144<LI>Call Chain = __vfscanf &rArr; _scanf_string
</UL>
<BR>[Calls]<UL><LI><a href="#[f6]">&gt;&gt;</a>&nbsp;&nbsp;&nbsp;_scanf_string
</UL>
<BR>[Called By]<UL><LI><a href="#[f2]">&gt;&gt;</a>&nbsp;&nbsp;&nbsp;__vfscanf_char
</UL>

<P><STRONG><a name="[109]"></a>__I$use$semihosting$fgetc</STRONG> (Thumb, 0 bytes, Stack size 0 bytes, iusesemig.o(.text), UNUSED)

<P><STRONG><a name="[f5]"></a>__ctype_lookup</STRONG> (Thumb, 34 bytes, Stack size 0 bytes, ctype_c.o(.text))
<BR><BR>[Called By]<UL><LI><a href="#[7c]">&gt;&gt;</a>&nbsp;&nbsp;&nbsp;isspace
</UL>

<P><STRONG><a name="[f7]"></a>__0printf$8</STRONG> (Thumb, 22 bytes, Stack size 24 bytes, printf8.o(i.__0printf$8), UNUSED)
<BR><BR>[Calls]<UL><LI><a href="#[f8]">&gt;&gt;</a>&nbsp;&nbsp;&nbsp;_printf_core
</UL>

<P><STRONG><a name="[10a]"></a>__1printf$8</STRONG> (Thumb, 0 bytes, Stack size 24 bytes, printf8.o(i.__0printf$8), UNUSED)

<P><STRONG><a name="[9d]"></a>__2printf</STRONG> (Thumb, 0 bytes, Stack size 24 bytes, printf8.o(i.__0printf$8))
<BR><BR>[Stack]<UL><LI>Max Depth = 24<LI>Call Chain = __2printf
</UL>
<BR>[Called By]<UL><LI><a href="#[1c]">&gt;&gt;</a>&nbsp;&nbsp;&nbsp;WDT0_Handler
<LI><a href="#[eb]">&gt;&gt;</a>&nbsp;&nbsp;&nbsp;wireless_test
<LI><a href="#[c8]">&gt;&gt;</a>&nbsp;&nbsp;&nbsp;test_eeprom
<LI><a href="#[ae]">&gt;&gt;</a>&nbsp;&nbsp;&nbsp;start_game
<LI><a href="#[a8]">&gt;&gt;</a>&nbsp;&nbsp;&nbsp;end_game
<LI><a href="#[a3]">&gt;&gt;</a>&nbsp;&nbsp;&nbsp;dwn_pressed
<LI><a href="#[a2]">&gt;&gt;</a>&nbsp;&nbsp;&nbsp;prompt3
<LI><a href="#[a1]">&gt;&gt;</a>&nbsp;&nbsp;&nbsp;prompt2
<LI><a href="#[9e]">&gt;&gt;</a>&nbsp;&nbsp;&nbsp;prompt1
<LI><a href="#[9b]">&gt;&gt;</a>&nbsp;&nbsp;&nbsp;start_board
</UL>

<P><STRONG><a name="[da]"></a>__aeabi_errno_addr</STRONG> (Thumb, 4 bytes, Stack size 0 bytes, errno.o(i.__aeabi_errno_addr))
<BR><BR>[Called By]<UL><LI><a href="#[79]">&gt;&gt;</a>&nbsp;&nbsp;&nbsp;fgetc
<LI><a href="#[7d]">&gt;&gt;</a>&nbsp;&nbsp;&nbsp;fputc
</UL>

<P><STRONG><a name="[10b]"></a>__rt_errno_addr</STRONG> (Thumb, 0 bytes, Stack size 0 bytes, errno.o(i.__aeabi_errno_addr), UNUSED)

<P><STRONG><a name="[10c]"></a>__scatterload_copy</STRONG> (Thumb, 14 bytes, Stack size unknown bytes, handlers.o(i.__scatterload_copy), UNUSED)

<P><STRONG><a name="[10d]"></a>__scatterload_null</STRONG> (Thumb, 2 bytes, Stack size unknown bytes, handlers.o(i.__scatterload_null), UNUSED)

<P><STRONG><a name="[10e]"></a>__scatterload_zeroinit</STRONG> (Thumb, 14 bytes, Stack size unknown bytes, handlers.o(i.__scatterload_zeroinit), UNUSED)
<P>
<H3>
Local Symbols
</H3>
<P><STRONG><a name="[b2]"></a>NVIC_SetPriority</STRONG> (Thumb, 32 bytes, Stack size 8 bytes, adc.o(.text))
<BR><BR>[Stack]<UL><LI>Max Depth = 8<LI>Call Chain = NVIC_SetPriority
</UL>
<BR>[Called By]<UL><LI><a href="#[b4]">&gt;&gt;</a>&nbsp;&nbsp;&nbsp;initializeADC1
<LI><a href="#[b1]">&gt;&gt;</a>&nbsp;&nbsp;&nbsp;initializeADC
</UL>

<P><STRONG><a name="[b3]"></a>NVIC_EnableIRQ</STRONG> (Thumb, 22 bytes, Stack size 0 bytes, adc.o(.text))
<BR><BR>[Called By]<UL><LI><a href="#[b4]">&gt;&gt;</a>&nbsp;&nbsp;&nbsp;initializeADC1
<LI><a href="#[b1]">&gt;&gt;</a>&nbsp;&nbsp;&nbsp;initializeADC
</UL>

<P><STRONG><a name="[b5]"></a>verifyBaseAddr</STRONG> (Thumb, 64 bytes, Stack size 0 bytes, gpio_port.o(.text))
<BR><BR>[Called By]<UL><LI><a href="#[b8]">&gt;&gt;</a>&nbsp;&nbsp;&nbsp;gpio_config_enable_pulldown
<LI><a href="#[b7]">&gt;&gt;</a>&nbsp;&nbsp;&nbsp;gpio_config_enable_pullup
<LI><a href="#[b6]">&gt;&gt;</a>&nbsp;&nbsp;&nbsp;gpio_config_enable_output
<LI><a href="#[85]">&gt;&gt;</a>&nbsp;&nbsp;&nbsp;gpio_config_port_control
<LI><a href="#[8a]">&gt;&gt;</a>&nbsp;&nbsp;&nbsp;gpio_config_enable_input
<LI><a href="#[83]">&gt;&gt;</a>&nbsp;&nbsp;&nbsp;gpio_config_digital_enable
</UL>

<P><STRONG><a name="[c0]"></a>NVIC_SetPriority</STRONG> (Thumb, 32 bytes, Stack size 8 bytes, timers.o(.text))
<BR><BR>[Stack]<UL><LI>Max Depth = 8<LI>Call Chain = NVIC_SetPriority
</UL>
<BR>[Called By]<UL><LI><a href="#[92]">&gt;&gt;</a>&nbsp;&nbsp;&nbsp;initializeWatchDog
<LI><a href="#[91]">&gt;&gt;</a>&nbsp;&nbsp;&nbsp;initializeTimer1A
<LI><a href="#[90]">&gt;&gt;</a>&nbsp;&nbsp;&nbsp;initializeTimer0A
<LI><a href="#[93]">&gt;&gt;</a>&nbsp;&nbsp;&nbsp;initializeSystickTimer
</UL>

<P><STRONG><a name="[bb]"></a>verify_base_addr</STRONG> (Thumb, 64 bytes, Stack size 0 bytes, timers.o(.text))
<BR><BR>[Called By]<UL><LI><a href="#[be]">&gt;&gt;</a>&nbsp;&nbsp;&nbsp;gp_timer_config_16
<LI><a href="#[bc]">&gt;&gt;</a>&nbsp;&nbsp;&nbsp;gp_timer_config_32
<LI><a href="#[ba]">&gt;&gt;</a>&nbsp;&nbsp;&nbsp;gp_timer_wait
</UL>

<P><STRONG><a name="[bd]"></a>get_clock_masks</STRONG> (Thumb, 106 bytes, Stack size 8 bytes, timers.o(.text))
<BR><BR>[Stack]<UL><LI>Max Depth = 8<LI>Call Chain = get_clock_masks
</UL>
<BR>[Called By]<UL><LI><a href="#[be]">&gt;&gt;</a>&nbsp;&nbsp;&nbsp;gp_timer_config_16
<LI><a href="#[bc]">&gt;&gt;</a>&nbsp;&nbsp;&nbsp;gp_timer_config_32
</UL>

<P><STRONG><a name="[bf]"></a>NVIC_EnableIRQ</STRONG> (Thumb, 22 bytes, Stack size 0 bytes, timers.o(.text))
<BR><BR>[Called By]<UL><LI><a href="#[92]">&gt;&gt;</a>&nbsp;&nbsp;&nbsp;initializeWatchDog
<LI><a href="#[91]">&gt;&gt;</a>&nbsp;&nbsp;&nbsp;initializeTimer1A
<LI><a href="#[90]">&gt;&gt;</a>&nbsp;&nbsp;&nbsp;initializeTimer0A
</UL>

<P><STRONG><a name="[c1]"></a>eeprom_wait_for_write</STRONG> (Thumb, 68 bytes, Stack size 16 bytes, eeprom.o(.text))
<BR><BR>[Stack]<UL><LI>Max Depth = 40<LI>Call Chain = eeprom_wait_for_write &rArr; i2cSendByte &rArr; I2CMasterBusy
</UL>
<BR>[Calls]<UL><LI><a href="#[c2]">&gt;&gt;</a>&nbsp;&nbsp;&nbsp;i2cVerifyBaseAddr
<LI><a href="#[c3]">&gt;&gt;</a>&nbsp;&nbsp;&nbsp;i2cSetSlaveAddr
<LI><a href="#[c4]">&gt;&gt;</a>&nbsp;&nbsp;&nbsp;i2cSendByte
<LI><a href="#[c5]">&gt;&gt;</a>&nbsp;&nbsp;&nbsp;I2CMasterBusy
<LI><a href="#[c6]">&gt;&gt;</a>&nbsp;&nbsp;&nbsp;I2CMasterAdrAck
</UL>
<BR>[Called By]<UL><LI><a href="#[a0]">&gt;&gt;</a>&nbsp;&nbsp;&nbsp;eeprom_byte_write
<LI><a href="#[9c]">&gt;&gt;</a>&nbsp;&nbsp;&nbsp;eeprom_byte_read
</UL>

<P><STRONG><a name="[cd]"></a>lcd_assert_cmd_mode</STRONG> (Thumb, 18 bytes, Stack size 0 bytes, lcd.o(.text))
<BR><BR>[Called By]<UL><LI><a href="#[d0]">&gt;&gt;</a>&nbsp;&nbsp;&nbsp;lcd_set_column
<LI><a href="#[cc]">&gt;&gt;</a>&nbsp;&nbsp;&nbsp;lcd_set_page
<LI><a href="#[95]">&gt;&gt;</a>&nbsp;&nbsp;&nbsp;lcd_screen_init
</UL>

<P><STRONG><a name="[cf]"></a>lcd_deassert_cmd_mode</STRONG> (Thumb, 18 bytes, Stack size 0 bytes, lcd.o(.text))
<BR><BR>[Called By]<UL><LI><a href="#[d1]">&gt;&gt;</a>&nbsp;&nbsp;&nbsp;lcd_write_data
<LI><a href="#[d0]">&gt;&gt;</a>&nbsp;&nbsp;&nbsp;lcd_set_column
<LI><a href="#[cc]">&gt;&gt;</a>&nbsp;&nbsp;&nbsp;lcd_set_page
<LI><a href="#[95]">&gt;&gt;</a>&nbsp;&nbsp;&nbsp;lcd_screen_init
</UL>

<P><STRONG><a name="[db]"></a>wireless_reg_read</STRONG> (Thumb, 50 bytes, Stack size 24 bytes, wireless.o(.text))
<BR><BR>[Stack]<UL><LI>Max Depth = 40<LI>Call Chain = wireless_reg_read &rArr; spiTx
</UL>
<BR>[Calls]<UL><LI><a href="#[dd]">&gt;&gt;</a>&nbsp;&nbsp;&nbsp;wireless_CSN_high
<LI><a href="#[dc]">&gt;&gt;</a>&nbsp;&nbsp;&nbsp;wireless_CSN_low
<LI><a href="#[ce]">&gt;&gt;</a>&nbsp;&nbsp;&nbsp;spiTx
</UL>
<BR>[Called By]<UL><LI><a href="#[ea]">&gt;&gt;</a>&nbsp;&nbsp;&nbsp;wireless_rx_fifo_empty
<LI><a href="#[a5]">&gt;&gt;</a>&nbsp;&nbsp;&nbsp;wireless_send_32
</UL>

<P><STRONG><a name="[de]"></a>wireless_reg_write</STRONG> (Thumb, 44 bytes, Stack size 24 bytes, wireless.o(.text))
<BR><BR>[Stack]<UL><LI>Max Depth = 40<LI>Call Chain = wireless_reg_write &rArr; spiTx
</UL>
<BR>[Calls]<UL><LI><a href="#[dd]">&gt;&gt;</a>&nbsp;&nbsp;&nbsp;wireless_CSN_high
<LI><a href="#[dc]">&gt;&gt;</a>&nbsp;&nbsp;&nbsp;wireless_CSN_low
<LI><a href="#[ce]">&gt;&gt;</a>&nbsp;&nbsp;&nbsp;spiTx
</UL>
<BR>[Called By]<UL><LI><a href="#[e5]">&gt;&gt;</a>&nbsp;&nbsp;&nbsp;wireless_clear_max_rt
<LI><a href="#[a5]">&gt;&gt;</a>&nbsp;&nbsp;&nbsp;wireless_send_32
<LI><a href="#[a7]">&gt;&gt;</a>&nbsp;&nbsp;&nbsp;wireless_get_32
<LI><a href="#[b0]">&gt;&gt;</a>&nbsp;&nbsp;&nbsp;wireless_configure_device
</UL>

<P><STRONG><a name="[df]"></a>wireless_rx_data_payload</STRONG> (Thumb, 62 bytes, Stack size 24 bytes, wireless.o(.text))
<BR><BR>[Stack]<UL><LI>Max Depth = 40<LI>Call Chain = wireless_rx_data_payload &rArr; spiTx
</UL>
<BR>[Calls]<UL><LI><a href="#[dd]">&gt;&gt;</a>&nbsp;&nbsp;&nbsp;wireless_CSN_high
<LI><a href="#[dc]">&gt;&gt;</a>&nbsp;&nbsp;&nbsp;wireless_CSN_low
<LI><a href="#[ce]">&gt;&gt;</a>&nbsp;&nbsp;&nbsp;spiTx
</UL>
<BR>[Called By]<UL><LI><a href="#[a7]">&gt;&gt;</a>&nbsp;&nbsp;&nbsp;wireless_get_32
</UL>

<P><STRONG><a name="[e0]"></a>wireless_set_rx_addr</STRONG> (Thumb, 118 bytes, Stack size 32 bytes, wireless.o(.text))
<BR><BR>[Stack]<UL><LI>Max Depth = 48<LI>Call Chain = wireless_set_rx_addr &rArr; spiTx
</UL>
<BR>[Calls]<UL><LI><a href="#[dd]">&gt;&gt;</a>&nbsp;&nbsp;&nbsp;wireless_CSN_high
<LI><a href="#[dc]">&gt;&gt;</a>&nbsp;&nbsp;&nbsp;wireless_CSN_low
<LI><a href="#[ce]">&gt;&gt;</a>&nbsp;&nbsp;&nbsp;spiTx
</UL>
<BR>[Called By]<UL><LI><a href="#[b0]">&gt;&gt;</a>&nbsp;&nbsp;&nbsp;wireless_configure_device
</UL>

<P><STRONG><a name="[e1]"></a>wireless_get_status</STRONG> (Thumb, 32 bytes, Stack size 16 bytes, wireless.o(.text))
<BR><BR>[Stack]<UL><LI>Max Depth = 32<LI>Call Chain = wireless_get_status &rArr; spiTx
</UL>
<BR>[Calls]<UL><LI><a href="#[dd]">&gt;&gt;</a>&nbsp;&nbsp;&nbsp;wireless_CSN_high
<LI><a href="#[dc]">&gt;&gt;</a>&nbsp;&nbsp;&nbsp;wireless_CSN_low
<LI><a href="#[ce]">&gt;&gt;</a>&nbsp;&nbsp;&nbsp;spiTx
</UL>
<BR>[Called By]<UL><LI><a href="#[a5]">&gt;&gt;</a>&nbsp;&nbsp;&nbsp;wireless_send_32
<LI><a href="#[a7]">&gt;&gt;</a>&nbsp;&nbsp;&nbsp;wireless_get_32
</UL>

<P><STRONG><a name="[dc]"></a>wireless_CSN_low</STRONG> (Thumb, 16 bytes, Stack size 0 bytes, wireless.o(.text))
<BR><BR>[Called By]<UL><LI><a href="#[e6]">&gt;&gt;</a>&nbsp;&nbsp;&nbsp;wireless_flush_tx_fifo
<LI><a href="#[e1]">&gt;&gt;</a>&nbsp;&nbsp;&nbsp;wireless_get_status
<LI><a href="#[e0]">&gt;&gt;</a>&nbsp;&nbsp;&nbsp;wireless_set_rx_addr
<LI><a href="#[df]">&gt;&gt;</a>&nbsp;&nbsp;&nbsp;wireless_rx_data_payload
<LI><a href="#[de]">&gt;&gt;</a>&nbsp;&nbsp;&nbsp;wireless_reg_write
<LI><a href="#[db]">&gt;&gt;</a>&nbsp;&nbsp;&nbsp;wireless_reg_read
<LI><a href="#[a5]">&gt;&gt;</a>&nbsp;&nbsp;&nbsp;wireless_send_32
<LI><a href="#[b0]">&gt;&gt;</a>&nbsp;&nbsp;&nbsp;wireless_configure_device
</UL>

<P><STRONG><a name="[dd]"></a>wireless_CSN_high</STRONG> (Thumb, 16 bytes, Stack size 0 bytes, wireless.o(.text))
<BR><BR>[Called By]<UL><LI><a href="#[e6]">&gt;&gt;</a>&nbsp;&nbsp;&nbsp;wireless_flush_tx_fifo
<LI><a href="#[e1]">&gt;&gt;</a>&nbsp;&nbsp;&nbsp;wireless_get_status
<LI><a href="#[e0]">&gt;&gt;</a>&nbsp;&nbsp;&nbsp;wireless_set_rx_addr
<LI><a href="#[df]">&gt;&gt;</a>&nbsp;&nbsp;&nbsp;wireless_rx_data_payload
<LI><a href="#[de]">&gt;&gt;</a>&nbsp;&nbsp;&nbsp;wireless_reg_write
<LI><a href="#[db]">&gt;&gt;</a>&nbsp;&nbsp;&nbsp;wireless_reg_read
<LI><a href="#[a5]">&gt;&gt;</a>&nbsp;&nbsp;&nbsp;wireless_send_32
<LI><a href="#[b0]">&gt;&gt;</a>&nbsp;&nbsp;&nbsp;wireless_configure_device
</UL>

<P><STRONG><a name="[e4]"></a>wireless_CE_low</STRONG> (Thumb, 16 bytes, Stack size 0 bytes, wireless.o(.text))
<BR><BR>[Called By]<UL><LI><a href="#[a5]">&gt;&gt;</a>&nbsp;&nbsp;&nbsp;wireless_send_32
<LI><a href="#[b0]">&gt;&gt;</a>&nbsp;&nbsp;&nbsp;wireless_configure_device
</UL>

<P><STRONG><a name="[e7]"></a>wireless_CE_high</STRONG> (Thumb, 16 bytes, Stack size 0 bytes, wireless.o(.text))
<BR><BR>[Called By]<UL><LI><a href="#[a5]">&gt;&gt;</a>&nbsp;&nbsp;&nbsp;wireless_send_32
<LI><a href="#[b0]">&gt;&gt;</a>&nbsp;&nbsp;&nbsp;wireless_configure_device
</UL>

<P><STRONG><a name="[e6]"></a>wireless_flush_tx_fifo</STRONG> (Thumb, 28 bytes, Stack size 16 bytes, wireless.o(.text))
<BR><BR>[Stack]<UL><LI>Max Depth = 32<LI>Call Chain = wireless_flush_tx_fifo &rArr; spiTx
</UL>
<BR>[Calls]<UL><LI><a href="#[dd]">&gt;&gt;</a>&nbsp;&nbsp;&nbsp;wireless_CSN_high
<LI><a href="#[dc]">&gt;&gt;</a>&nbsp;&nbsp;&nbsp;wireless_CSN_low
<LI><a href="#[ce]">&gt;&gt;</a>&nbsp;&nbsp;&nbsp;spiTx
</UL>
<BR>[Called By]<UL><LI><a href="#[a5]">&gt;&gt;</a>&nbsp;&nbsp;&nbsp;wireless_send_32
<LI><a href="#[b0]">&gt;&gt;</a>&nbsp;&nbsp;&nbsp;wireless_configure_device
</UL>

<P><STRONG><a name="[ea]"></a>wireless_rx_fifo_empty</STRONG> (Thumb, 24 bytes, Stack size 8 bytes, wireless.o(.text))
<BR><BR>[Stack]<UL><LI>Max Depth = 48<LI>Call Chain = wireless_rx_fifo_empty &rArr; wireless_reg_read &rArr; spiTx
</UL>
<BR>[Calls]<UL><LI><a href="#[db]">&gt;&gt;</a>&nbsp;&nbsp;&nbsp;wireless_reg_read
</UL>
<BR>[Called By]<UL><LI><a href="#[a7]">&gt;&gt;</a>&nbsp;&nbsp;&nbsp;wireless_get_32
</UL>

<P><STRONG><a name="[e9]"></a>wireless_status_tx_ds_asserted</STRONG> (Thumb, 16 bytes, Stack size 0 bytes, wireless.o(.text))
<BR><BR>[Called By]<UL><LI><a href="#[a5]">&gt;&gt;</a>&nbsp;&nbsp;&nbsp;wireless_send_32
</UL>

<P><STRONG><a name="[e3]"></a>wireless_status_tx_full_asserted</STRONG> (Thumb, 16 bytes, Stack size 0 bytes, wireless.o(.text))
<BR><BR>[Called By]<UL><LI><a href="#[a5]">&gt;&gt;</a>&nbsp;&nbsp;&nbsp;wireless_send_32
</UL>

<P><STRONG><a name="[e5]"></a>wireless_clear_max_rt</STRONG> (Thumb, 12 bytes, Stack size 8 bytes, wireless.o(.text))
<BR><BR>[Stack]<UL><LI>Max Depth = 48<LI>Call Chain = wireless_clear_max_rt &rArr; wireless_reg_write &rArr; spiTx
</UL>
<BR>[Calls]<UL><LI><a href="#[de]">&gt;&gt;</a>&nbsp;&nbsp;&nbsp;wireless_reg_write
</UL>
<BR>[Called By]<UL><LI><a href="#[a5]">&gt;&gt;</a>&nbsp;&nbsp;&nbsp;wireless_send_32
</UL>

<P><STRONG><a name="[ed]"></a>getOscClk</STRONG> (Thumb, 182 bytes, Stack size 0 bytes, system_tm4c123.o(.text), UNUSED)
<BR><BR>[Called By]<UL><LI><a href="#[ec]">&gt;&gt;</a>&nbsp;&nbsp;&nbsp;SystemCoreClockUpdate
</UL>

<P><STRONG><a name="[f8]"></a>_printf_core</STRONG> (Thumb, 988 bytes, Stack size 104 bytes, printf8.o(i._printf_core), UNUSED)
<BR><BR>[Calls]<UL><LI><a href="#[ef]">&gt;&gt;</a>&nbsp;&nbsp;&nbsp;__aeabi_uldivmod
<LI><a href="#[f9]">&gt;&gt;</a>&nbsp;&nbsp;&nbsp;_printf_pre_padding
<LI><a href="#[fa]">&gt;&gt;</a>&nbsp;&nbsp;&nbsp;_printf_post_padding
</UL>
<BR>[Called By]<UL><LI><a href="#[f7]">&gt;&gt;</a>&nbsp;&nbsp;&nbsp;__0printf$8
</UL>

<P><STRONG><a name="[fa]"></a>_printf_post_padding</STRONG> (Thumb, 36 bytes, Stack size 24 bytes, printf8.o(i._printf_post_padding), UNUSED)
<BR><BR>[Called By]<UL><LI><a href="#[f8]">&gt;&gt;</a>&nbsp;&nbsp;&nbsp;_printf_core
</UL>

<P><STRONG><a name="[f9]"></a>_printf_pre_padding</STRONG> (Thumb, 46 bytes, Stack size 24 bytes, printf8.o(i._printf_pre_padding), UNUSED)
<BR><BR>[Called By]<UL><LI><a href="#[f8]">&gt;&gt;</a>&nbsp;&nbsp;&nbsp;_printf_core
</UL>

<P><STRONG><a name="[7b]"></a>_scanf_char_input</STRONG> (Thumb, 12 bytes, Stack size 0 bytes, scanf_char.o(.text))
<BR>[Address Reference Count : 1]<UL><LI> scanf_char.o(.text)
</UL><P>
<H3>
Undefined Global Symbols
</H3><HR></body></html>
