Product: MDK-ARM Lite 5.10
Component: ARM Compiler 5.04 update 1 (build 49)
Tool: armlink [5040049]

==============================================================================

Section Cross References

    main.o(.text) refers to _scanf_str.o(.text) for _scanf_string
    main.o(.text) refers to gpio_port.o(.text) for gpio_enable_port
    main.o(.text) refers to uart_irqs.o(.text) for initialize_uart
    main.o(.text) refers to i2c.o(.text) for initializeI2CMaster
    main.o(.text) refers to adc.o(.text) for hw3_adc_init
    main.o(.text) refers to timers.o(.text) for initializeTimer0A
    main.o(.text) refers to lcd.o(.text) for lcd_pins_init
    main.o(.text) refers to wireless.o(.text) for wireless_initialize
    main.o(.text) refers to io.o(.text) for ioExpanderInit
    main.o(.text) refers to eeprom.o(.text) for eeprom_byte_read
    main.o(.text) refers to printf8.o(i.__0printf$8) for __2printf
    main.o(.text) refers to __0scanf.o(.text) for __0scanf
    main.o(.text) refers to main.o(.bss) for data0
    main.o(.text) refers to main.o(.data) for nums2
    main.o(.text) refers to interrupts.o(.data) for stats
    timers.o(.text) refers to timers.o(.data) for gp_timer0
    eeprom.o(.text) refers to i2c.o(.text) for i2cVerifyBaseAddr
    eeprom.o(.text) refers to printf8.o(i.__0printf$8) for __2printf
    eeprom.o(.text) refers to memcpya.o(.text) for __aeabi_memcpy4
    eeprom.o(.text) refers to eeprom.o(.constdata) for .constdata
    lcd.o(.text) refers to spi.o(.text) for spiTx
    lcd.o(.text) refers to gpio_port.o(.text) for gpio_enable_port
    lcd.o(.text) refers to fonts.o(.constdata) for courierNew_10ptBitmaps
    uart_irqs.o(.text) refers to pc_buffer.o(.text) for pc_buffer_init
    uart_irqs.o(.text) refers to main.o(.text) for DisableInterrupts
    uart_irqs.o(.text) refers to errno.o(i.__aeabi_errno_addr) for __aeabi_errno_addr
    uart_irqs.o(.text) refers to main.o(.bss) for Tx_Buff_Arr
    uart_irqs.o(.text) refers to stdout.o(.data) for __stdout
    uart_irqs.o(.text) refers to stdin.o(.data) for __stdin
    wireless.o(.text) refers to spi.o(.text) for spiTx
    wireless.o(.text) refers to gpio_port.o(.text) for gpio_enable_port
    wireless.o(.text) refers to printf8.o(i.__0printf$8) for __2printf
    interrupts.o(.text) refers to pc_buffer.o(.text) for pc_buffer_full
    interrupts.o(.text) refers to printf8.o(i.__0printf$8) for __2printf
    interrupts.o(.text) refers to main.o(.bss) for UART0_Rx_Buffer
    interrupts.o(.text) refers to interrupts.o(.data) for numa
    io.o(.text) refers to i2c.o(.text) for i2cSetSlaveAddr
    startup_tm4c123.o(RESET) refers to startup_tm4c123.o(STACK) for __initial_sp
    startup_tm4c123.o(RESET) refers to startup_tm4c123.o(.text) for Reset_Handler
    startup_tm4c123.o(RESET) refers to interrupts.o(.text) for SysTick_Handler
    startup_tm4c123.o(.text) refers to system_tm4c123.o(.text) for SystemInit
    startup_tm4c123.o(.text) refers to entry.o(.ARM.Collect$$$$00000000) for __main
    system_tm4c123.o(.text) refers to system_tm4c123.o(.data) for SystemCoreClock
    entry.o(.ARM.Collect$$$$00000000) refers (Special) to entry10a.o(.ARM.Collect$$$$0000000D) for __rt_final_cpp
    entry.o(.ARM.Collect$$$$00000000) refers (Special) to entry11a.o(.ARM.Collect$$$$0000000F) for __rt_final_exit
    entry.o(.ARM.Collect$$$$00000000) refers (Special) to entry7b.o(.ARM.Collect$$$$00000008) for _main_clock
    entry.o(.ARM.Collect$$$$00000000) refers (Special) to entry8b.o(.ARM.Collect$$$$0000000A) for _main_cpp_init
    entry.o(.ARM.Collect$$$$00000000) refers (Special) to entry9a.o(.ARM.Collect$$$$0000000B) for _main_init
    entry.o(.ARM.Collect$$$$00000000) refers (Special) to entry5.o(.ARM.Collect$$$$00000004) for _main_scatterload
    entry.o(.ARM.Collect$$$$00000000) refers (Special) to entry2.o(.ARM.Collect$$$$00000001) for _main_stk
    printfb.o(i.__0fprintf$bare) refers to printfb.o(i._printf_core) for _printf_core
    printfb.o(i.__0fprintf$bare) refers to uart_irqs.o(.text) for fputc
    printfb.o(i.__0printf$bare) refers to printfb.o(i._printf_core) for _printf_core
    printfb.o(i.__0printf$bare) refers to uart_irqs.o(.text) for fputc
    printfb.o(i.__0printf$bare) refers to stdout.o(.data) for __stdout
    printfb.o(i.__0snprintf$bare) refers to printfb.o(i._printf_core) for _printf_core
    printfb.o(i.__0snprintf$bare) refers to printfb.o(i._snputc) for _snputc
    printfb.o(i.__0sprintf$bare) refers to printfb.o(i._printf_core) for _printf_core
    printfb.o(i.__0sprintf$bare) refers to printfb.o(i._sputc) for _sputc
    printfb.o(i.__0vfprintf$bare) refers to printfb.o(i._printf_core) for _printf_core
    printfb.o(i.__0vfprintf$bare) refers to uart_irqs.o(.text) for fputc
    printfb.o(i.__0vprintf$bare) refers to printfb.o(i._printf_core) for _printf_core
    printfb.o(i.__0vprintf$bare) refers to uart_irqs.o(.text) for fputc
    printfb.o(i.__0vprintf$bare) refers to stdout.o(.data) for __stdout
    printfb.o(i.__0vsnprintf$bare) refers to printfb.o(i._printf_core) for _printf_core
    printfb.o(i.__0vsnprintf$bare) refers to printfb.o(i._snputc) for _snputc
    printfb.o(i.__0vsprintf$bare) refers to printfb.o(i._printf_core) for _printf_core
    printfb.o(i.__0vsprintf$bare) refers to printfb.o(i._sputc) for _sputc
    printf0.o(i.__0fprintf$0) refers to printf0.o(i._printf_core) for _printf_core
    printf0.o(i.__0fprintf$0) refers to uart_irqs.o(.text) for fputc
    printf0.o(i.__0printf$0) refers to printf0.o(i._printf_core) for _printf_core
    printf0.o(i.__0printf$0) refers to uart_irqs.o(.text) for fputc
    printf0.o(i.__0printf$0) refers to stdout.o(.data) for __stdout
    printf0.o(i.__0snprintf$0) refers to printf0.o(i._printf_core) for _printf_core
    printf0.o(i.__0snprintf$0) refers to printf0.o(i._snputc) for _snputc
    printf0.o(i.__0sprintf$0) refers to printf0.o(i._printf_core) for _printf_core
    printf0.o(i.__0sprintf$0) refers to printf0.o(i._sputc) for _sputc
    printf0.o(i.__0vfprintf$0) refers to printf0.o(i._printf_core) for _printf_core
    printf0.o(i.__0vfprintf$0) refers to uart_irqs.o(.text) for fputc
    printf0.o(i.__0vprintf$0) refers to printf0.o(i._printf_core) for _printf_core
    printf0.o(i.__0vprintf$0) refers to uart_irqs.o(.text) for fputc
    printf0.o(i.__0vprintf$0) refers to stdout.o(.data) for __stdout
    printf0.o(i.__0vsnprintf$0) refers to printf0.o(i._printf_core) for _printf_core
    printf0.o(i.__0vsnprintf$0) refers to printf0.o(i._snputc) for _snputc
    printf0.o(i.__0vsprintf$0) refers to printf0.o(i._printf_core) for _printf_core
    printf0.o(i.__0vsprintf$0) refers to printf0.o(i._sputc) for _sputc
    printf1.o(i.__0fprintf$1) refers to printf1.o(i._printf_core) for _printf_core
    printf1.o(i.__0fprintf$1) refers to uart_irqs.o(.text) for fputc
    printf1.o(i.__0printf$1) refers to printf1.o(i._printf_core) for _printf_core
    printf1.o(i.__0printf$1) refers to uart_irqs.o(.text) for fputc
    printf1.o(i.__0printf$1) refers to stdout.o(.data) for __stdout
    printf1.o(i.__0snprintf$1) refers to printf1.o(i._printf_core) for _printf_core
    printf1.o(i.__0snprintf$1) refers to printf1.o(i._snputc) for _snputc
    printf1.o(i.__0sprintf$1) refers to printf1.o(i._printf_core) for _printf_core
    printf1.o(i.__0sprintf$1) refers to printf1.o(i._sputc) for _sputc
    printf1.o(i.__0vfprintf$1) refers to printf1.o(i._printf_core) for _printf_core
    printf1.o(i.__0vfprintf$1) refers to uart_irqs.o(.text) for fputc
    printf1.o(i.__0vprintf$1) refers to printf1.o(i._printf_core) for _printf_core
    printf1.o(i.__0vprintf$1) refers to uart_irqs.o(.text) for fputc
    printf1.o(i.__0vprintf$1) refers to stdout.o(.data) for __stdout
    printf1.o(i.__0vsnprintf$1) refers to printf1.o(i._printf_core) for _printf_core
    printf1.o(i.__0vsnprintf$1) refers to printf1.o(i._snputc) for _snputc
    printf1.o(i.__0vsprintf$1) refers to printf1.o(i._printf_core) for _printf_core
    printf1.o(i.__0vsprintf$1) refers to printf1.o(i._sputc) for _sputc
    printf1.o(i._printf_core) refers to uidiv.o(.text) for __aeabi_uidivmod
    printf2.o(i.__0fprintf$2) refers to printf2.o(i._printf_core) for _printf_core
    printf2.o(i.__0fprintf$2) refers to uart_irqs.o(.text) for fputc
    printf2.o(i.__0printf$2) refers to printf2.o(i._printf_core) for _printf_core
    printf2.o(i.__0printf$2) refers to uart_irqs.o(.text) for fputc
    printf2.o(i.__0printf$2) refers to stdout.o(.data) for __stdout
    printf2.o(i.__0snprintf$2) refers to printf2.o(i._printf_core) for _printf_core
    printf2.o(i.__0snprintf$2) refers to printf2.o(i._snputc) for _snputc
    printf2.o(i.__0sprintf$2) refers to printf2.o(i._printf_core) for _printf_core
    printf2.o(i.__0sprintf$2) refers to printf2.o(i._sputc) for _sputc
    printf2.o(i.__0vfprintf$2) refers to printf2.o(i._printf_core) for _printf_core
    printf2.o(i.__0vfprintf$2) refers to uart_irqs.o(.text) for fputc
    printf2.o(i.__0vprintf$2) refers to printf2.o(i._printf_core) for _printf_core
    printf2.o(i.__0vprintf$2) refers to uart_irqs.o(.text) for fputc
    printf2.o(i.__0vprintf$2) refers to stdout.o(.data) for __stdout
    printf2.o(i.__0vsnprintf$2) refers to printf2.o(i._printf_core) for _printf_core
    printf2.o(i.__0vsnprintf$2) refers to printf2.o(i._snputc) for _snputc
    printf2.o(i.__0vsprintf$2) refers to printf2.o(i._printf_core) for _printf_core
    printf2.o(i.__0vsprintf$2) refers to printf2.o(i._sputc) for _sputc
    printf3.o(i.__0fprintf$3) refers to printf3.o(i._printf_core) for _printf_core
    printf3.o(i.__0fprintf$3) refers to uart_irqs.o(.text) for fputc
    printf3.o(i.__0printf$3) refers to printf3.o(i._printf_core) for _printf_core
    printf3.o(i.__0printf$3) refers to uart_irqs.o(.text) for fputc
    printf3.o(i.__0printf$3) refers to stdout.o(.data) for __stdout
    printf3.o(i.__0snprintf$3) refers to printf3.o(i._printf_core) for _printf_core
    printf3.o(i.__0snprintf$3) refers to printf3.o(i._snputc) for _snputc
    printf3.o(i.__0sprintf$3) refers to printf3.o(i._printf_core) for _printf_core
    printf3.o(i.__0sprintf$3) refers to printf3.o(i._sputc) for _sputc
    printf3.o(i.__0vfprintf$3) refers to printf3.o(i._printf_core) for _printf_core
    printf3.o(i.__0vfprintf$3) refers to uart_irqs.o(.text) for fputc
    printf3.o(i.__0vprintf$3) refers to printf3.o(i._printf_core) for _printf_core
    printf3.o(i.__0vprintf$3) refers to uart_irqs.o(.text) for fputc
    printf3.o(i.__0vprintf$3) refers to stdout.o(.data) for __stdout
    printf3.o(i.__0vsnprintf$3) refers to printf3.o(i._printf_core) for _printf_core
    printf3.o(i.__0vsnprintf$3) refers to printf3.o(i._snputc) for _snputc
    printf3.o(i.__0vsprintf$3) refers to printf3.o(i._printf_core) for _printf_core
    printf3.o(i.__0vsprintf$3) refers to printf3.o(i._sputc) for _sputc
    printf3.o(i._printf_core) refers to uidiv.o(.text) for __aeabi_uidivmod
    printf4.o(i.__0fprintf$4) refers to printf4.o(i._printf_core) for _printf_core
    printf4.o(i.__0fprintf$4) refers to uart_irqs.o(.text) for fputc
    printf4.o(i.__0printf$4) refers to printf4.o(i._printf_core) for _printf_core
    printf4.o(i.__0printf$4) refers to uart_irqs.o(.text) for fputc
    printf4.o(i.__0printf$4) refers to stdout.o(.data) for __stdout
    printf4.o(i.__0snprintf$4) refers to printf4.o(i._printf_core) for _printf_core
    printf4.o(i.__0snprintf$4) refers to printf4.o(i._snputc) for _snputc
    printf4.o(i.__0sprintf$4) refers to printf4.o(i._printf_core) for _printf_core
    printf4.o(i.__0sprintf$4) refers to printf4.o(i._sputc) for _sputc
    printf4.o(i.__0vfprintf$4) refers to printf4.o(i._printf_core) for _printf_core
    printf4.o(i.__0vfprintf$4) refers to uart_irqs.o(.text) for fputc
    printf4.o(i.__0vprintf$4) refers to printf4.o(i._printf_core) for _printf_core
    printf4.o(i.__0vprintf$4) refers to uart_irqs.o(.text) for fputc
    printf4.o(i.__0vprintf$4) refers to stdout.o(.data) for __stdout
    printf4.o(i.__0vsnprintf$4) refers to printf4.o(i._printf_core) for _printf_core
    printf4.o(i.__0vsnprintf$4) refers to printf4.o(i._snputc) for _snputc
    printf4.o(i.__0vsprintf$4) refers to printf4.o(i._printf_core) for _printf_core
    printf4.o(i.__0vsprintf$4) refers to printf4.o(i._sputc) for _sputc
    printf4.o(i._printf_core) refers to uldiv.o(.text) for __aeabi_uldivmod
    printf5.o(i.__0fprintf$5) refers to printf5.o(i._printf_core) for _printf_core
    printf5.o(i.__0fprintf$5) refers to uart_irqs.o(.text) for fputc
    printf5.o(i.__0printf$5) refers to printf5.o(i._printf_core) for _printf_core
    printf5.o(i.__0printf$5) refers to uart_irqs.o(.text) for fputc
    printf5.o(i.__0printf$5) refers to stdout.o(.data) for __stdout
    printf5.o(i.__0snprintf$5) refers to printf5.o(i._printf_core) for _printf_core
    printf5.o(i.__0snprintf$5) refers to printf5.o(i._snputc) for _snputc
    printf5.o(i.__0sprintf$5) refers to printf5.o(i._printf_core) for _printf_core
    printf5.o(i.__0sprintf$5) refers to printf5.o(i._sputc) for _sputc
    printf5.o(i.__0vfprintf$5) refers to printf5.o(i._printf_core) for _printf_core
    printf5.o(i.__0vfprintf$5) refers to uart_irqs.o(.text) for fputc
    printf5.o(i.__0vprintf$5) refers to printf5.o(i._printf_core) for _printf_core
    printf5.o(i.__0vprintf$5) refers to uart_irqs.o(.text) for fputc
    printf5.o(i.__0vprintf$5) refers to stdout.o(.data) for __stdout
    printf5.o(i.__0vsnprintf$5) refers to printf5.o(i._printf_core) for _printf_core
    printf5.o(i.__0vsnprintf$5) refers to printf5.o(i._snputc) for _snputc
    printf5.o(i.__0vsprintf$5) refers to printf5.o(i._printf_core) for _printf_core
    printf5.o(i.__0vsprintf$5) refers to printf5.o(i._sputc) for _sputc
    printf5.o(i._printf_core) refers to uldiv.o(.text) for __aeabi_uldivmod
    printf6.o(i.__0fprintf$6) refers to printf6.o(i._printf_core) for _printf_core
    printf6.o(i.__0fprintf$6) refers to uart_irqs.o(.text) for fputc
    printf6.o(i.__0printf$6) refers to printf6.o(i._printf_core) for _printf_core
    printf6.o(i.__0printf$6) refers to uart_irqs.o(.text) for fputc
    printf6.o(i.__0printf$6) refers to stdout.o(.data) for __stdout
    printf6.o(i.__0snprintf$6) refers to printf6.o(i._printf_core) for _printf_core
    printf6.o(i.__0snprintf$6) refers to printf6.o(i._snputc) for _snputc
    printf6.o(i.__0sprintf$6) refers to printf6.o(i._printf_core) for _printf_core
    printf6.o(i.__0sprintf$6) refers to printf6.o(i._sputc) for _sputc
    printf6.o(i.__0vfprintf$6) refers to printf6.o(i._printf_core) for _printf_core
    printf6.o(i.__0vfprintf$6) refers to uart_irqs.o(.text) for fputc
    printf6.o(i.__0vprintf$6) refers to printf6.o(i._printf_core) for _printf_core
    printf6.o(i.__0vprintf$6) refers to uart_irqs.o(.text) for fputc
    printf6.o(i.__0vprintf$6) refers to stdout.o(.data) for __stdout
    printf6.o(i.__0vsnprintf$6) refers to printf6.o(i._printf_core) for _printf_core
    printf6.o(i.__0vsnprintf$6) refers to printf6.o(i._snputc) for _snputc
    printf6.o(i.__0vsprintf$6) refers to printf6.o(i._printf_core) for _printf_core
    printf6.o(i.__0vsprintf$6) refers to printf6.o(i._sputc) for _sputc
    printf6.o(i._printf_core) refers to printf6.o(i._printf_pre_padding) for _printf_pre_padding
    printf6.o(i._printf_core) refers to uidiv.o(.text) for __aeabi_uidivmod
    printf6.o(i._printf_core) refers to printf6.o(i._printf_post_padding) for _printf_post_padding
    printf7.o(i.__0fprintf$7) refers to printf7.o(i._printf_core) for _printf_core
    printf7.o(i.__0fprintf$7) refers to uart_irqs.o(.text) for fputc
    printf7.o(i.__0printf$7) refers to printf7.o(i._printf_core) for _printf_core
    printf7.o(i.__0printf$7) refers to uart_irqs.o(.text) for fputc
    printf7.o(i.__0printf$7) refers to stdout.o(.data) for __stdout
    printf7.o(i.__0snprintf$7) refers to printf7.o(i._printf_core) for _printf_core
    printf7.o(i.__0snprintf$7) refers to printf7.o(i._snputc) for _snputc
    printf7.o(i.__0sprintf$7) refers to printf7.o(i._printf_core) for _printf_core
    printf7.o(i.__0sprintf$7) refers to printf7.o(i._sputc) for _sputc
    printf7.o(i.__0vfprintf$7) refers to printf7.o(i._printf_core) for _printf_core
    printf7.o(i.__0vfprintf$7) refers to uart_irqs.o(.text) for fputc
    printf7.o(i.__0vprintf$7) refers to printf7.o(i._printf_core) for _printf_core
    printf7.o(i.__0vprintf$7) refers to uart_irqs.o(.text) for fputc
    printf7.o(i.__0vprintf$7) refers to stdout.o(.data) for __stdout
    printf7.o(i.__0vsnprintf$7) refers to printf7.o(i._printf_core) for _printf_core
    printf7.o(i.__0vsnprintf$7) refers to printf7.o(i._snputc) for _snputc
    printf7.o(i.__0vsprintf$7) refers to printf7.o(i._printf_core) for _printf_core
    printf7.o(i.__0vsprintf$7) refers to printf7.o(i._sputc) for _sputc
    printf7.o(i._printf_core) refers to printf7.o(i._printf_pre_padding) for _printf_pre_padding
    printf7.o(i._printf_core) refers to uldiv.o(.text) for __aeabi_uldivmod
    printf7.o(i._printf_core) refers to printf7.o(i._printf_post_padding) for _printf_post_padding
    printf8.o(i.__0fprintf$8) refers to printf8.o(i._printf_core) for _printf_core
    printf8.o(i.__0fprintf$8) refers to uart_irqs.o(.text) for fputc
    printf8.o(i.__0printf$8) refers to printf8.o(i._printf_core) for _printf_core
    printf8.o(i.__0printf$8) refers to uart_irqs.o(.text) for fputc
    printf8.o(i.__0printf$8) refers to stdout.o(.data) for __stdout
    printf8.o(i.__0snprintf$8) refers to printf8.o(i._printf_core) for _printf_core
    printf8.o(i.__0snprintf$8) refers to printf8.o(i._snputc) for _snputc
    printf8.o(i.__0sprintf$8) refers to printf8.o(i._printf_core) for _printf_core
    printf8.o(i.__0sprintf$8) refers to printf8.o(i._sputc) for _sputc
    printf8.o(i.__0vfprintf$8) refers to printf8.o(i._printf_core) for _printf_core
    printf8.o(i.__0vfprintf$8) refers to uart_irqs.o(.text) for fputc
    printf8.o(i.__0vprintf$8) refers to printf8.o(i._printf_core) for _printf_core
    printf8.o(i.__0vprintf$8) refers to uart_irqs.o(.text) for fputc
    printf8.o(i.__0vprintf$8) refers to stdout.o(.data) for __stdout
    printf8.o(i.__0vsnprintf$8) refers to printf8.o(i._printf_core) for _printf_core
    printf8.o(i.__0vsnprintf$8) refers to printf8.o(i._snputc) for _snputc
    printf8.o(i.__0vsprintf$8) refers to printf8.o(i._printf_core) for _printf_core
    printf8.o(i.__0vsprintf$8) refers to printf8.o(i._sputc) for _sputc
    printf8.o(i._printf_core) refers to printf8.o(i._printf_pre_padding) for _printf_pre_padding
    printf8.o(i._printf_core) refers to uldiv.o(.text) for __aeabi_uldivmod
    printf8.o(i._printf_core) refers to printf8.o(i._printf_post_padding) for _printf_post_padding
    printfa.o(i.__0fprintf) refers (Special) to iusefp.o(.text) for __I$use$fp
    printfa.o(i.__0fprintf) refers to printfa.o(i._printf_core) for _printf_core
    printfa.o(i.__0fprintf) refers to uart_irqs.o(.text) for fputc
    printfa.o(i.__0printf) refers (Special) to iusefp.o(.text) for __I$use$fp
    printfa.o(i.__0printf) refers to printfa.o(i._printf_core) for _printf_core
    printfa.o(i.__0printf) refers to uart_irqs.o(.text) for fputc
    printfa.o(i.__0printf) refers to stdout.o(.data) for __stdout
    printfa.o(i.__0snprintf) refers (Special) to iusefp.o(.text) for __I$use$fp
    printfa.o(i.__0snprintf) refers to printfa.o(i._printf_core) for _printf_core
    printfa.o(i.__0snprintf) refers to printfa.o(i._snputc) for _snputc
    printfa.o(i.__0sprintf) refers (Special) to iusefp.o(.text) for __I$use$fp
    printfa.o(i.__0sprintf) refers to printfa.o(i._printf_core) for _printf_core
    printfa.o(i.__0sprintf) refers to printfa.o(i._sputc) for _sputc
    printfa.o(i.__0vfprintf) refers (Special) to iusefp.o(.text) for __I$use$fp
    printfa.o(i.__0vfprintf) refers to printfa.o(i._printf_core) for _printf_core
    printfa.o(i.__0vfprintf) refers to uart_irqs.o(.text) for fputc
    printfa.o(i.__0vprintf) refers (Special) to iusefp.o(.text) for __I$use$fp
    printfa.o(i.__0vprintf) refers to printfa.o(i._printf_core) for _printf_core
    printfa.o(i.__0vprintf) refers to uart_irqs.o(.text) for fputc
    printfa.o(i.__0vprintf) refers to stdout.o(.data) for __stdout
    printfa.o(i.__0vsnprintf) refers (Special) to iusefp.o(.text) for __I$use$fp
    printfa.o(i.__0vsnprintf) refers to printfa.o(i._printf_core) for _printf_core
    printfa.o(i.__0vsnprintf) refers to printfa.o(i._snputc) for _snputc
    printfa.o(i.__0vsprintf) refers (Special) to iusefp.o(.text) for __I$use$fp
    printfa.o(i.__0vsprintf) refers to printfa.o(i._printf_core) for _printf_core
    printfa.o(i.__0vsprintf) refers to printfa.o(i._sputc) for _sputc
    printfa.o(i._fp_digits) refers (Special) to iusefp.o(.text) for __I$use$fp
    printfa.o(i._fp_digits) refers to dmul.o(.text) for __aeabi_dmul
    printfa.o(i._fp_digits) refers to ddiv.o(.text) for __aeabi_ddiv
    printfa.o(i._fp_digits) refers to cdrcmple.o(.text) for __aeabi_cdrcmple
    printfa.o(i._fp_digits) refers to dadd.o(.text) for __aeabi_dadd
    printfa.o(i._fp_digits) refers to dfixul.o(.text) for __aeabi_d2ulz
    printfa.o(i._fp_digits) refers to uldiv.o(.text) for __aeabi_uldivmod
    printfa.o(i._printf_core) refers (Special) to iusefp.o(.text) for __I$use$fp
    printfa.o(i._printf_core) refers to printfa.o(i._printf_pre_padding) for _printf_pre_padding
    printfa.o(i._printf_core) refers to uldiv.o(.text) for __aeabi_uldivmod
    printfa.o(i._printf_core) refers to printfa.o(i._printf_post_padding) for _printf_post_padding
    printfa.o(i._printf_core) refers to printfa.o(i._fp_digits) for _fp_digits
    printfa.o(i._printf_core) refers to uidiv.o(.text) for __aeabi_uidivmod
    printfa.o(i._printf_post_padding) refers (Special) to iusefp.o(.text) for __I$use$fp
    printfa.o(i._printf_pre_padding) refers (Special) to iusefp.o(.text) for __I$use$fp
    printfa.o(i._snputc) refers (Special) to iusefp.o(.text) for __I$use$fp
    printfa.o(i._sputc) refers (Special) to iusefp.o(.text) for __I$use$fp
    errno.o(i.__aeabi_errno_addr) refers to errno.o(.data) for .data
    errno.o(i.__read_errno) refers to errno.o(.data) for .data
    errno.o(i.__set_errno) refers to errno.o(.data) for .data
    __0scanf.o(.text) refers to scanf_char_file.o(.text) for __vfscanf_char_file
    __0scanf.o(.text) refers to stdin.o(.data) for __stdin
    entry2.o(.ARM.Collect$$$$00000001) refers to entry2.o(.ARM.Collect$$$$00002712) for __lit__00000000
    entry2.o(.ARM.Collect$$$$00002712) refers to startup_tm4c123.o(STACK) for __initial_sp
    entry2.o(__vectab_stack_and_reset_area) refers to startup_tm4c123.o(STACK) for __initial_sp
    entry2.o(__vectab_stack_and_reset_area) refers to entry.o(.ARM.Collect$$$$00000000) for __main
    entry5.o(.ARM.Collect$$$$00000004) refers to init.o(.text) for __scatterload
    entry9a.o(.ARM.Collect$$$$0000000B) refers to main.o(.text) for main
    entry9b.o(.ARM.Collect$$$$0000000C) refers to main.o(.text) for main
    uldiv.o(.text) refers to llushr.o(.text) for __aeabi_llsr
    uldiv.o(.text) refers to llshl.o(.text) for __aeabi_llsl
    scanf_char_file.o(.text) refers to scanf_char.o(.text) for __vfscanf_char
    scanf_char_file.o(.text) refers to uart_irqs.o(.text) for fgetc
    scanf_char_file.o(.text) refers to fgetc_b.o(.text) for __backspace
    dadd.o(.text) refers to llshl.o(.text) for __aeabi_llsl
    dadd.o(.text) refers to llsshr.o(.text) for __aeabi_lasr
    dadd.o(.text) refers to depilogue.o(.text) for _double_epilogue
    dmul.o(.text) refers to depilogue.o(.text) for _double_epilogue
    ddiv.o(.text) refers to depilogue.o(.text) for _double_round
    dfixul.o(.text) refers to llushr.o(.text) for __aeabi_llsr
    dfixul.o(.text) refers to llshl.o(.text) for __aeabi_llsl
    init.o(.text) refers to entry5.o(.ARM.Collect$$$$00000004) for __main_after_scatterload
    fgetc_b.o(.text) refers (Special) to iusesemig.o(.text) for __I$use$semihosting$fgetc
    fgetc_b.o(.text) refers (Special) to semi.o(.text) for __semihosting_library_function
    fgetc_b.o(.text) refers to fgetc_b.o(.data) for .data
    fgetc_b.o(.data) refers (Special) to iusesemig.o(.text) for __I$use$semihosting$fgetc
    fgetc_b.o(.data) refers (Special) to semi.o(.text) for __semihosting_library_function
    scanf_char.o(.text) refers to _scanf.o(.text) for __vfscanf
    scanf_char.o(.text) refers to isspace_c.o(.text) for isspace
    depilogue.o(.text) refers to llshl.o(.text) for __aeabi_llsl
    depilogue.o(.text) refers to llushr.o(.text) for __aeabi_llsr
    isspace_c.o(.text) refers to ctype_c.o(.text) for __ctype_lookup
    _scanf.o(.text) refers (Weak) to _scanf_str.o(.text) for _scanf_string
    ctype_c.o(.text) refers to ctype_c.o(.constdata) for .constdata


==============================================================================

Removing Unused input sections from the image.

    Removing main.o(.rev16_text), (4 bytes).
    Removing main.o(.revsh_text), (4 bytes).
    Removing adc.o(.rev16_text), (4 bytes).
    Removing adc.o(.revsh_text), (4 bytes).
    Removing gpio_port.o(.rev16_text), (4 bytes).
    Removing gpio_port.o(.revsh_text), (4 bytes).
    Removing gpio_port.o(.data), (5 bytes).
    Removing timers.o(.rev16_text), (4 bytes).
    Removing timers.o(.revsh_text), (4 bytes).
    Removing eeprom.o(.rev16_text), (4 bytes).
    Removing eeprom.o(.revsh_text), (4 bytes).
    Removing i2c.o(.rev16_text), (4 bytes).
    Removing i2c.o(.revsh_text), (4 bytes).
    Removing lcd.o(.rev16_text), (4 bytes).
    Removing lcd.o(.revsh_text), (4 bytes).
    Removing lcd.o(.constdata), (392 bytes).
    Removing spi.o(.rev16_text), (4 bytes).
    Removing spi.o(.revsh_text), (4 bytes).
    Removing uart.o(.rev16_text), (4 bytes).
    Removing uart.o(.revsh_text), (4 bytes).
    Removing uart.o(.text), (304 bytes).
    Removing uart_irqs.o(.rev16_text), (4 bytes).
    Removing uart_irqs.o(.revsh_text), (4 bytes).
    Removing wireless.o(.rev16_text), (4 bytes).
    Removing wireless.o(.revsh_text), (4 bytes).
    Removing interrupts.o(.rev16_text), (4 bytes).
    Removing interrupts.o(.revsh_text), (4 bytes).
    Removing io.o(.rev16_text), (4 bytes).
    Removing io.o(.revsh_text), (4 bytes).
    Removing startup_tm4c123.o(HEAP), (0 bytes).
    Removing system_tm4c123.o(.rev16_text), (4 bytes).
    Removing system_tm4c123.o(.revsh_text), (4 bytes).
    Removing dadd.o(.text), (334 bytes).
    Removing dmul.o(.text), (228 bytes).
    Removing ddiv.o(.text), (222 bytes).
    Removing dfixul.o(.text), (48 bytes).
    Removing cdrcmple.o(.text), (40 bytes).
    Removing depilogue.o(.text), (182 bytes).

38 unused section(s) (total 1867 bytes) removed from the image.

==============================================================================

Image Symbol Table

    Local Symbols

    Symbol Name                              Value     Ov Type        Size  Object(Section)

    RESET                                    0x00000000   Section      620  startup_tm4c123.o(RESET)
    ../clib/microlib/ctype/ctype.c           0x00000000   Number         0  isspace_c.o ABSOLUTE
    ../clib/microlib/ctype/ctype.c           0x00000000   Number         0  ctype_c.o ABSOLUTE
    ../clib/microlib/division.c              0x00000000   Number         0  uidiv.o ABSOLUTE
    ../clib/microlib/division.c              0x00000000   Number         0  uldiv.o ABSOLUTE
    ../clib/microlib/errno.c                 0x00000000   Number         0  errno.o ABSOLUTE
    ../clib/microlib/init/entry.s            0x00000000   Number         0  entry11a.o ABSOLUTE
    ../clib/microlib/init/entry.s            0x00000000   Number         0  entry8a.o ABSOLUTE
    ../clib/microlib/init/entry.s            0x00000000   Number         0  entry11b.o ABSOLUTE
    ../clib/microlib/init/entry.s            0x00000000   Number         0  entry2.o ABSOLUTE
    ../clib/microlib/init/entry.s            0x00000000   Number         0  entry5.o ABSOLUTE
    ../clib/microlib/init/entry.s            0x00000000   Number         0  entry7a.o ABSOLUTE
    ../clib/microlib/init/entry.s            0x00000000   Number         0  entry7b.o ABSOLUTE
    ../clib/microlib/init/entry.s            0x00000000   Number         0  entry8b.o ABSOLUTE
    ../clib/microlib/init/entry.s            0x00000000   Number         0  entry9a.o ABSOLUTE
    ../clib/microlib/init/entry.s            0x00000000   Number         0  entry9b.o ABSOLUTE
    ../clib/microlib/init/entry.s            0x00000000   Number         0  entry.o ABSOLUTE
    ../clib/microlib/init/entry.s            0x00000000   Number         0  entry10a.o ABSOLUTE
    ../clib/microlib/init/entry.s            0x00000000   Number         0  entry10b.o ABSOLUTE
    ../clib/microlib/longlong.c              0x00000000   Number         0  llushr.o ABSOLUTE
    ../clib/microlib/longlong.c              0x00000000   Number         0  llsshr.o ABSOLUTE
    ../clib/microlib/longlong.c              0x00000000   Number         0  llshl.o ABSOLUTE
    ../clib/microlib/printf/printf.c         0x00000000   Number         0  printfb.o ABSOLUTE
    ../clib/microlib/printf/printf.c         0x00000000   Number         0  printf4.o ABSOLUTE
    ../clib/microlib/printf/printf.c         0x00000000   Number         0  printfa.o ABSOLUTE
    ../clib/microlib/printf/printf.c         0x00000000   Number         0  printf8.o ABSOLUTE
    ../clib/microlib/printf/printf.c         0x00000000   Number         0  printf7.o ABSOLUTE
    ../clib/microlib/printf/printf.c         0x00000000   Number         0  printf6.o ABSOLUTE
    ../clib/microlib/printf/printf.c         0x00000000   Number         0  printf5.o ABSOLUTE
    ../clib/microlib/printf/printf.c         0x00000000   Number         0  printf3.o ABSOLUTE
    ../clib/microlib/printf/printf.c         0x00000000   Number         0  printf2.o ABSOLUTE
    ../clib/microlib/printf/printf.c         0x00000000   Number         0  printf1.o ABSOLUTE
    ../clib/microlib/printf/printf.c         0x00000000   Number         0  printf0.o ABSOLUTE
    ../clib/microlib/printf/stubs.s          0x00000000   Number         0  stubs.o ABSOLUTE
    ../clib/microlib/stdio/fgetc.c           0x00000000   Number         0  fgetc_b.o ABSOLUTE
    ../clib/microlib/stdio/semi.s            0x00000000   Number         0  semi.o ABSOLUTE
    ../clib/microlib/stdio/streams.c         0x00000000   Number         0  stdin.o ABSOLUTE
    ../clib/microlib/stdio/streams.c         0x00000000   Number         0  stdout.o ABSOLUTE
    ../clib/microlib/string/memcpy.c         0x00000000   Number         0  memcpyb.o ABSOLUTE
    ../clib/microlib/string/memcpy.c         0x00000000   Number         0  memcpya.o ABSOLUTE
    ../clib/microlib/stubs.s                 0x00000000   Number         0  iusesemig.o ABSOLUTE
    ../clib/microlib/stubs.s                 0x00000000   Number         0  iusefp.o ABSOLUTE
    ../clib/scanf.c                          0x00000000   Number         0  scanf_char.o ABSOLUTE
    ../clib/scanf.c                          0x00000000   Number         0  _scanf.o ABSOLUTE
    ../clib/scanf.c                          0x00000000   Number         0  scanf_char_file.o ABSOLUTE
    ../clib/scanf.c                          0x00000000   Number         0  _scanf_str.o ABSOLUTE
    ../clib/scanf.c                          0x00000000   Number         0  __0scanf.o ABSOLUTE
    ../fplib/microlib/fpadd.c                0x00000000   Number         0  dadd.o ABSOLUTE
    ../fplib/microlib/fpdiv.c                0x00000000   Number         0  ddiv.o ABSOLUTE
    ../fplib/microlib/fpepilogue.c           0x00000000   Number         0  depilogue.o ABSOLUTE
    ../fplib/microlib/fpfix.c                0x00000000   Number         0  dfixul.o ABSOLUTE
    ../fplib/microlib/fpmul.c                0x00000000   Number         0  dmul.o ABSOLUTE
    RTE\Device\TM4C123GH6PM\startup_TM4C123.s 0x00000000   Number         0  startup_tm4c123.o ABSOLUTE
    RTE\Device\TM4C123GH6PM\system_TM4C123.c 0x00000000   Number         0  system_tm4c123.o ABSOLUTE
    RTE\\Device\\TM4C123GH6PM\\system_TM4C123.c 0x00000000   Number         0  system_tm4c123.o ABSOLUTE
    cdrcmple.s                               0x00000000   Number         0  cdrcmple.o ABSOLUTE
    dc.s                                     0x00000000   Number         0  dc.o ABSOLUTE
    drivers\Io.c                             0x00000000   Number         0  io.o ABSOLUTE
    drivers\\Io.c                            0x00000000   Number         0  io.o ABSOLUTE
    drivers\\adc.c                           0x00000000   Number         0  adc.o ABSOLUTE
    drivers\\eeprom.c                        0x00000000   Number         0  eeprom.o ABSOLUTE
    drivers\\gpio_port.c                     0x00000000   Number         0  gpio_port.o ABSOLUTE
    drivers\\i2c.c                           0x00000000   Number         0  i2c.o ABSOLUTE
    drivers\\interrupts.c                    0x00000000   Number         0  interrupts.o ABSOLUTE
    drivers\\lcd.c                           0x00000000   Number         0  lcd.o ABSOLUTE
    drivers\\spi.c                           0x00000000   Number         0  spi.o ABSOLUTE
    drivers\\timers.c                        0x00000000   Number         0  timers.o ABSOLUTE
    drivers\\uart.c                          0x00000000   Number         0  uart.o ABSOLUTE
    drivers\\uart_irqs.c                     0x00000000   Number         0  uart_irqs.o ABSOLUTE
    drivers\\wireless.c                      0x00000000   Number         0  wireless.o ABSOLUTE
    drivers\adc.c                            0x00000000   Number         0  adc.o ABSOLUTE
    drivers\eeprom.c                         0x00000000   Number         0  eeprom.o ABSOLUTE
    drivers\fonts.c                          0x00000000   Number         0  fonts.o ABSOLUTE
    drivers\gpio_port.c                      0x00000000   Number         0  gpio_port.o ABSOLUTE
    drivers\i2c.c                            0x00000000   Number         0  i2c.o ABSOLUTE
    drivers\interrupts.c                     0x00000000   Number         0  interrupts.o ABSOLUTE
    drivers\lcd.c                            0x00000000   Number         0  lcd.o ABSOLUTE
    drivers\pc_buffer.c                      0x00000000   Number         0  pc_buffer.o ABSOLUTE
    drivers\spi.c                            0x00000000   Number         0  spi.o ABSOLUTE
    drivers\timers.c                         0x00000000   Number         0  timers.o ABSOLUTE
    drivers\uart.c                           0x00000000   Number         0  uart.o ABSOLUTE
    drivers\uart_irqs.c                      0x00000000   Number         0  uart_irqs.o ABSOLUTE
    drivers\wireless.c                       0x00000000   Number         0  wireless.o ABSOLUTE
    handlers.s                               0x00000000   Number         0  handlers.o ABSOLUTE
    init.s                                   0x00000000   Number         0  init.o ABSOLUTE
    main.c                                   0x00000000   Number         0  main.o ABSOLUTE
    main.c                                   0x00000000   Number         0  main.o ABSOLUTE
    .ARM.Collect$$$$00000000                 0x0000026c   Section        0  entry.o(.ARM.Collect$$$$00000000)
    .ARM.Collect$$$$00000001                 0x0000026c   Section        4  entry2.o(.ARM.Collect$$$$00000001)
    .ARM.Collect$$$$00000004                 0x00000270   Section        4  entry5.o(.ARM.Collect$$$$00000004)
    .ARM.Collect$$$$00000008                 0x00000274   Section        0  entry7b.o(.ARM.Collect$$$$00000008)
    .ARM.Collect$$$$0000000A                 0x00000274   Section        0  entry8b.o(.ARM.Collect$$$$0000000A)
    .ARM.Collect$$$$0000000B                 0x00000274   Section        8  entry9a.o(.ARM.Collect$$$$0000000B)
    .ARM.Collect$$$$0000000D                 0x0000027c   Section        0  entry10a.o(.ARM.Collect$$$$0000000D)
    .ARM.Collect$$$$0000000F                 0x0000027c   Section        0  entry11a.o(.ARM.Collect$$$$0000000F)
    .ARM.Collect$$$$00002712                 0x0000027c   Section        4  entry2.o(.ARM.Collect$$$$00002712)
    __lit__00000000                          0x0000027c   Data           4  entry2.o(.ARM.Collect$$$$00002712)
    .text                                    0x00000280   Section        0  main.o(.text)
    .text                                    0x000009ac   Section        0  adc.o(.text)
    NVIC_SetPriority                         0x000009ad   Thumb Code    32  adc.o(.text)
    NVIC_EnableIRQ                           0x00000bd1   Thumb Code    22  adc.o(.text)
    .text                                    0x00000c0c   Section        0  gpio_port.o(.text)
    verifyBaseAddr                           0x00000c0d   Thumb Code    64  gpio_port.o(.text)
    .text                                    0x00000f2c   Section        0  timers.o(.text)
    NVIC_SetPriority                         0x00000f2d   Thumb Code    32  timers.o(.text)
    verify_base_addr                         0x00000f4d   Thumb Code    64  timers.o(.text)
    get_clock_masks                          0x00000f8d   Thumb Code   106  timers.o(.text)
    NVIC_EnableIRQ                           0x00001257   Thumb Code    22  timers.o(.text)
    .text                                    0x0000129c   Section        0  eeprom.o(.text)
    eeprom_wait_for_write                    0x0000129d   Thumb Code    68  eeprom.o(.text)
    .text                                    0x0000152c   Section        0  i2c.o(.text)
    .text                                    0x00001734   Section        0  lcd.o(.text)
    lcd_assert_cmd_mode                      0x00001a31   Thumb Code    18  lcd.o(.text)
    lcd_deassert_cmd_mode                    0x00001a43   Thumb Code    18  lcd.o(.text)
    .text                                    0x00001a68   Section        0  pc_buffer.o(.text)
    .text                                    0x00001ad4   Section        0  spi.o(.text)
    .text                                    0x00001c5c   Section        0  uart_irqs.o(.text)
    .text                                    0x00001de8   Section        0  wireless.o(.text)
    wireless_reg_read                        0x00001df7   Thumb Code    50  wireless.o(.text)
    wireless_reg_write                       0x00001e29   Thumb Code    44  wireless.o(.text)
    wireless_rx_data_payload                 0x00001e55   Thumb Code    62  wireless.o(.text)
    wireless_set_rx_addr                     0x00001e93   Thumb Code   118  wireless.o(.text)
    wireless_get_status                      0x00001f09   Thumb Code    32  wireless.o(.text)
    wireless_CSN_low                         0x000022f3   Thumb Code    16  wireless.o(.text)
    wireless_CSN_high                        0x00002303   Thumb Code    16  wireless.o(.text)
    wireless_CE_low                          0x00002313   Thumb Code    16  wireless.o(.text)
    wireless_CE_high                         0x00002323   Thumb Code    16  wireless.o(.text)
    wireless_flush_tx_fifo                   0x00002333   Thumb Code    28  wireless.o(.text)
    wireless_rx_fifo_empty                   0x0000234f   Thumb Code    24  wireless.o(.text)
    wireless_status_tx_ds_asserted           0x00002367   Thumb Code    16  wireless.o(.text)
    wireless_status_tx_full_asserted         0x00002377   Thumb Code    16  wireless.o(.text)
    wireless_clear_max_rt                    0x00002387   Thumb Code    12  wireless.o(.text)
    .text                                    0x00002448   Section        0  interrupts.o(.text)
    .text                                    0x00002724   Section        0  io.o(.text)
    .text                                    0x000027b8   Section      252  startup_tm4c123.o(.text)
    $v0                                      0x000027b8   Number         0  startup_tm4c123.o(.text)
    .text                                    0x000028b4   Section        0  system_tm4c123.o(.text)
    getOscClk                                0x000028b5   Thumb Code   182  system_tm4c123.o(.text)
    .text                                    0x00002b00   Section        0  memcpya.o(.text)
    .text                                    0x00002b24   Section        0  __0scanf.o(.text)
    .text                                    0x00002b44   Section        0  _scanf_str.o(.text)
    .text                                    0x00002c1e   Section        0  uldiv.o(.text)
    .text                                    0x00002c80   Section        0  scanf_char_file.o(.text)
    .text                                    0x00002c94   Section       36  init.o(.text)
    .text                                    0x00002cb8   Section        0  fgetc_b.o(.text)
    .text                                    0x00002ce4   Section        0  llshl.o(.text)
    .text                                    0x00002d02   Section        0  llushr.o(.text)
    .text                                    0x00002d24   Section        0  scanf_char.o(.text)
    _scanf_char_input                        0x00002d25   Thumb Code    12  scanf_char.o(.text)
    .text                                    0x00002d4c   Section        0  semi.o(.text)
    .text                                    0x00002d4c   Section        0  isspace_c.o(.text)
    .text                                    0x00002d58   Section        0  _scanf.o(.text)
    .text                                    0x00003080   Section        0  ctype_c.o(.text)
    .text                                    0x00003080   Section        0  iusesemig.o(.text)
    i.__0printf$8                            0x000030a8   Section        0  printf8.o(i.__0printf$8)
    i.__aeabi_errno_addr                     0x000030c8   Section        0  errno.o(i.__aeabi_errno_addr)
    i.__scatterload_copy                     0x000030d0   Section       14  handlers.o(i.__scatterload_copy)
    i.__scatterload_null                     0x000030de   Section        2  handlers.o(i.__scatterload_null)
    i.__scatterload_zeroinit                 0x000030e0   Section       14  handlers.o(i.__scatterload_zeroinit)
    i._printf_core                           0x000030f0   Section        0  printf8.o(i._printf_core)
    _printf_core                             0x000030f1   Thumb Code   988  printf8.o(i._printf_core)
    i._printf_post_padding                   0x000034f8   Section        0  printf8.o(i._printf_post_padding)
    _printf_post_padding                     0x000034f9   Thumb Code    36  printf8.o(i._printf_post_padding)
    i._printf_pre_padding                    0x0000351c   Section        0  printf8.o(i._printf_pre_padding)
    _printf_pre_padding                      0x0000351d   Thumb Code    46  printf8.o(i._printf_pre_padding)
    .constdata                               0x0000354c   Section      160  eeprom.o(.constdata)
    .constdata                               0x000035ec   Section     3101  fonts.o(.constdata)
    .constdata                               0x00004209   Section       64  ctype_c.o(.constdata)
    .data                                    0x20000000   Section       54  main.o(.data)
    .data                                    0x20000038   Section        8  timers.o(.data)
    .data                                    0x20000040   Section       52  interrupts.o(.data)
    counter                                  0x20000070   Data           4  interrupts.o(.data)
    .data                                    0x20000074   Section        4  system_tm4c123.o(.data)
    .data                                    0x20000078   Section        4  stdin.o(.data)
    .data                                    0x2000007c   Section        4  stdout.o(.data)
    .data                                    0x20000080   Section        4  errno.o(.data)
    _errno                                   0x20000080   Data           4  errno.o(.data)
    .data                                    0x20000084   Section        3  fgetc_b.o(.data)
    ungetc_sp                                0x20000084   Data           1  fgetc_b.o(.data)
    ungetc_stack                             0x20000085   Data           2  fgetc_b.o(.data)
    .bss                                     0x20000088   Section      352  main.o(.bss)
    STACK                                    0x200001e8   Section     4096  startup_tm4c123.o(STACK)

    Global Symbols

    Symbol Name                              Value     Ov Type        Size  Object(Section)

    BuildAttributes$$THM_ISAv4$E$P$D$K$B$S$7EM$VFPi3$EXTD16$VFPS$VFMA$PE$A:L22UL41UL21$X:L11$S22US41US21$IEEE1$IW$USESV6$~STKCKD$USESV7$~SHL$OSPACE$ROPI$EBA8$MICROLIB$REQ8$PRES8$EABIv2 0x00000000   Number         0  anon$$obj.o ABSOLUTE
    __ARM_use_no_argv                        0x00000000   Number         0  main.o ABSOLUTE
    __Vectors                                0x00000000   Data           4  startup_tm4c123.o(RESET)
    _printf_a                                0x00000000   Number         0  stubs.o ABSOLUTE
    _printf_c                                0x00000000   Number         0  stubs.o ABSOLUTE
    _printf_charcount                        0x00000000   Number         0  stubs.o ABSOLUTE
    _printf_d                                0x00000000   Number         0  stubs.o ABSOLUTE
    _printf_e                                0x00000000   Number         0  stubs.o ABSOLUTE
    _printf_f                                0x00000000   Number         0  stubs.o ABSOLUTE
    _printf_flags                            0x00000000   Number         0  stubs.o ABSOLUTE
    _printf_fp_dec                           0x00000000   Number         0  stubs.o ABSOLUTE
    _printf_fp_hex                           0x00000000   Number         0  stubs.o ABSOLUTE
    _printf_g                                0x00000000   Number         0  stubs.o ABSOLUTE
    _printf_i                                0x00000000   Number         0  stubs.o ABSOLUTE
    _printf_int_dec                          0x00000000   Number         0  stubs.o ABSOLUTE
    _printf_l                                0x00000000   Number         0  stubs.o ABSOLUTE
    _printf_lc                               0x00000000   Number         0  stubs.o ABSOLUTE
    _printf_ll                               0x00000000   Number         0  stubs.o ABSOLUTE
    _printf_lld                              0x00000000   Number         0  stubs.o ABSOLUTE
    _printf_lli                              0x00000000   Number         0  stubs.o ABSOLUTE
    _printf_llo                              0x00000000   Number         0  stubs.o ABSOLUTE
    _printf_llu                              0x00000000   Number         0  stubs.o ABSOLUTE
    _printf_llx                              0x00000000   Number         0  stubs.o ABSOLUTE
    _printf_longlong_dec                     0x00000000   Number         0  stubs.o ABSOLUTE
    _printf_longlong_hex                     0x00000000   Number         0  stubs.o ABSOLUTE
    _printf_longlong_oct                     0x00000000   Number         0  stubs.o ABSOLUTE
    _printf_ls                               0x00000000   Number         0  stubs.o ABSOLUTE
    _printf_mbtowc                           0x00000000   Number         0  stubs.o ABSOLUTE
    _printf_n                                0x00000000   Number         0  stubs.o ABSOLUTE
    _printf_o                                0x00000000   Number         0  stubs.o ABSOLUTE
    _printf_p                                0x00000000   Number         0  stubs.o ABSOLUTE
    _printf_percent                          0x00000000   Number         0  stubs.o ABSOLUTE
    _printf_pre_padding                      0x00000000   Number         0  stubs.o ABSOLUTE
    _printf_return_value                     0x00000000   Number         0  stubs.o ABSOLUTE
    _printf_s                                0x00000000   Number         0  stubs.o ABSOLUTE
    _printf_sizespec                         0x00000000   Number         0  stubs.o ABSOLUTE
    _printf_str                              0x00000000   Number         0  stubs.o ABSOLUTE
    _printf_truncate_signed                  0x00000000   Number         0  stubs.o ABSOLUTE
    _printf_truncate_unsigned                0x00000000   Number         0  stubs.o ABSOLUTE
    _printf_u                                0x00000000   Number         0  stubs.o ABSOLUTE
    _printf_wc                               0x00000000   Number         0  stubs.o ABSOLUTE
    _printf_wctomb                           0x00000000   Number         0  stubs.o ABSOLUTE
    _printf_widthprec                        0x00000000   Number         0  stubs.o ABSOLUTE
    _printf_x                                0x00000000   Number         0  stubs.o ABSOLUTE
    __cpp_initialize__aeabi_                  - Undefined Weak Reference
    __cxa_finalize                            - Undefined Weak Reference
    __decompress                              - Undefined Weak Reference
    _clock_init                               - Undefined Weak Reference
    _microlib_exit                            - Undefined Weak Reference
    _scanf_int                                - Undefined Weak Reference
    _scanf_longlong                           - Undefined Weak Reference
    _scanf_real                               - Undefined Weak Reference
    __Vectors_End                            0x0000026c   Data           0  startup_tm4c123.o(RESET)
    __Vectors_Size                           0x0000026c   Number         0  startup_tm4c123.o ABSOLUTE
    __main                                   0x0000026d   Thumb Code     0  entry.o(.ARM.Collect$$$$00000000)
    _main_stk                                0x0000026d   Thumb Code     0  entry2.o(.ARM.Collect$$$$00000001)
    _main_scatterload                        0x00000271   Thumb Code     0  entry5.o(.ARM.Collect$$$$00000004)
    __main_after_scatterload                 0x00000275   Thumb Code     0  entry5.o(.ARM.Collect$$$$00000004)
    _main_clock                              0x00000275   Thumb Code     0  entry7b.o(.ARM.Collect$$$$00000008)
    _main_cpp_init                           0x00000275   Thumb Code     0  entry8b.o(.ARM.Collect$$$$0000000A)
    _main_init                               0x00000275   Thumb Code     0  entry9a.o(.ARM.Collect$$$$0000000B)
    __rt_final_cpp                           0x0000027d   Thumb Code     0  entry10a.o(.ARM.Collect$$$$0000000D)
    __rt_final_exit                          0x0000027d   Thumb Code     0  entry11a.o(.ARM.Collect$$$$0000000F)
    DisableInterrupts                        0x00000281   Thumb Code     4  main.o(.text)
    EnableInterrupts                         0x00000285   Thumb Code     4  main.o(.text)
    serialDebugInit                          0x00000289   Thumb Code    48  main.o(.text)
    i2c_init                                 0x000002b9   Thumb Code   130  main.o(.text)
    initialize_board                         0x0000033b   Thumb Code    62  main.o(.text)
    write_image                              0x00000379   Thumb Code    24  main.o(.text)
    start_board                              0x00000391   Thumb Code   140  main.o(.text)
    prompt1                                  0x0000041d   Thumb Code    54  main.o(.text)
    prompt2                                  0x00000453   Thumb Code    58  main.o(.text)
    prompt3                                  0x0000048d   Thumb Code    58  main.o(.text)
    dwn_pressed                              0x000004c7   Thumb Code   150  main.o(.text)
    boardTX                                  0x0000055d   Thumb Code    36  main.o(.text)
    boardRX                                  0x00000581   Thumb Code    28  main.o(.text)
    end_game                                 0x0000059d   Thumb Code    14  main.o(.text)
    score                                    0x000005ab   Thumb Code    28  main.o(.text)
    test_lcd                                 0x000005c7   Thumb Code    66  main.o(.text)
    check_board                              0x00000609   Thumb Code    52  main.o(.text)
    start_game                               0x0000063d   Thumb Code   720  main.o(.text)
    main                                     0x0000090d   Thumb Code    62  main.o(.text)
    initializeADC                            0x000009cd   Thumb Code   316  adc.o(.text)
    initializeADC1                           0x00000b09   Thumb Code   128  adc.o(.text)
    getADCValue                              0x00000b89   Thumb Code    54  adc.o(.text)
    hw3_adc_init                             0x00000bbf   Thumb Code    18  adc.o(.text)
    gpio_enable_port                         0x00000c4d   Thumb Code   156  gpio_port.o(.text)
    gpio_config_digital_enable               0x00000ce9   Thumb Code    34  gpio_port.o(.text)
    gpio_config_enable_output                0x00000d0b   Thumb Code    34  gpio_port.o(.text)
    gpio_config_enable_input                 0x00000d2d   Thumb Code    34  gpio_port.o(.text)
    gpio_config_enable_pullup                0x00000d4f   Thumb Code    34  gpio_port.o(.text)
    gpio_config_enable_pulldown              0x00000d71   Thumb Code    34  gpio_port.o(.text)
    gpio_config_analog_enable                0x00000d93   Thumb Code    16  gpio_port.o(.text)
    gpio_config_alternate_function           0x00000da3   Thumb Code    16  gpio_port.o(.text)
    gpio_config_port_control                 0x00000db3   Thumb Code    50  gpio_port.o(.text)
    gpio_config_open_drain                   0x00000de5   Thumb Code    18  gpio_port.o(.text)
    gpio_config_falling_edge_irq             0x00000df7   Thumb Code    82  gpio_port.o(.text)
    hw3_gpio_init                            0x00000e49   Thumb Code   184  gpio_port.o(.text)
    gp_timer_wait                            0x00000ff7   Thumb Code    74  timers.o(.text)
    gp_timer_config_32                       0x00001041   Thumb Code   146  timers.o(.text)
    gp_timer_config_16                       0x000010d3   Thumb Code   106  timers.o(.text)
    initializeTimer0A                        0x0000113d   Thumb Code    90  timers.o(.text)
    initializeTimer1A                        0x00001197   Thumb Code    74  timers.o(.text)
    initializeWatchDog                       0x000011e1   Thumb Code    70  timers.o(.text)
    initializeSystickTimer                   0x00001227   Thumb Code    48  timers.o(.text)
    eeprom_byte_write                        0x000012e1   Thumb Code    82  eeprom.o(.text)
    eeprom_byte_read                         0x00001333   Thumb Code    94  eeprom.o(.text)
    test_eeprom                              0x00001391   Thumb Code   124  eeprom.o(.text)
    setup_eeprom                             0x0000140d   Thumb Code   110  eeprom.o(.text)
    initializeI2CMaster                      0x0000152d   Thumb Code   160  i2c.o(.text)
    i2cVerifyBaseAddr                        0x000015cd   Thumb Code    36  i2c.o(.text)
    i2cSetSlaveAddr                          0x000015f1   Thumb Code    30  i2c.o(.text)
    i2cStop                                  0x0000160f   Thumb Code    26  i2c.o(.text)
    I2CMasterBusy                            0x00001629   Thumb Code    34  i2c.o(.text)
    I2CMasterAdrAck                          0x0000164b   Thumb Code    34  i2c.o(.text)
    I2CMasterDatAck                          0x0000166d   Thumb Code    34  i2c.o(.text)
    i2cSendByte                              0x0000168f   Thumb Code    82  i2c.o(.text)
    i2cGetByte                               0x000016e1   Thumb Code    60  i2c.o(.text)
    lcd_set_page                             0x00001735   Thumb Code    34  lcd.o(.text)
    lcd_set_column                           0x00001757   Thumb Code    52  lcd.o(.text)
    lcd_write_data                           0x0000178b   Thumb Code    22  lcd.o(.text)
    lcd_write_char_10pts                     0x000017a1   Thumb Code   192  lcd.o(.text)
    lcd_clear                                0x00001861   Thumb Code    46  lcd.o(.text)
    lcd_screen_init                          0x0000188f   Thumb Code   238  lcd.o(.text)
    lcd_pins_init                            0x0000197d   Thumb Code   180  lcd.o(.text)
    pc_buffer_init                           0x00001a69   Thumb Code    12  pc_buffer.o(.text)
    pc_buffer_add                            0x00001a75   Thumb Code    26  pc_buffer.o(.text)
    pc_buffer_remove                         0x00001a8f   Thumb Code    28  pc_buffer.o(.text)
    pc_buffer_empty                          0x00001aab   Thumb Code    18  pc_buffer.o(.text)
    pc_buffer_full                           0x00001abd   Thumb Code    22  pc_buffer.o(.text)
    spiVerifyBaseAddr                        0x00001ad5   Thumb Code    34  spi.o(.text)
    initialize_spi                           0x00001af7   Thumb Code   240  spi.o(.text)
    spiTx                                    0x00001be7   Thumb Code    94  spi.o(.text)
    initialize_uart                          0x00001c5d   Thumb Code   146  uart_irqs.o(.text)
    uartRx                                   0x00001cef   Thumb Code    44  uart_irqs.o(.text)
    uartTx                                   0x00001d1b   Thumb Code    70  uart_irqs.o(.text)
    fputc                                    0x00001d61   Thumb Code    44  uart_irqs.o(.text)
    fgetc                                    0x00001d8d   Thumb Code    48  uart_irqs.o(.text)
    wait_uS_15                               0x00001de9   Thumb Code    14  wireless.o(.text)
    wireless_send_32                         0x00001f29   Thumb Code   302  wireless.o(.text)
    wireless_get_32                          0x00002057   Thumb Code   130  wireless.o(.text)
    wireless_configure_device                0x000020d9   Thumb Code   218  wireless.o(.text)
    wireless_initialize                      0x000021b3   Thumb Code   164  wireless.o(.text)
    wireless_test                            0x00002257   Thumb Code   156  wireless.o(.text)
    UART0_Handler                            0x00002449   Thumb Code   148  interrupts.o(.text)
    SysTick_Handler                          0x000024dd   Thumb Code   248  interrupts.o(.text)
    TIMER0A_Handler                          0x000025d5   Thumb Code    32  interrupts.o(.text)
    WDT0_Handler                             0x000025f5   Thumb Code    24  interrupts.o(.text)
    TIMER1A_Handler                          0x0000260d   Thumb Code    22  interrupts.o(.text)
    ADC0SS0_Handler                          0x00002623   Thumb Code    86  interrupts.o(.text)
    GPIOD_Handler                            0x00002679   Thumb Code    28  interrupts.o(.text)
    ADC1SS3_Handler                          0x00002695   Thumb Code    20  interrupts.o(.text)
    ioExpanderInit                           0x00002725   Thumb Code    56  io.o(.text)
    ledMatrixWriteData                       0x0000275d   Thumb Code    90  io.o(.text)
    Reset_Handler                            0x000027b9   Thumb Code     8  startup_tm4c123.o(.text)
    NMI_Handler                              0x000027c1   Thumb Code     2  startup_tm4c123.o(.text)
    HardFault_Handler                        0x000027c3   Thumb Code     2  startup_tm4c123.o(.text)
    MemManage_Handler                        0x000027c5   Thumb Code     2  startup_tm4c123.o(.text)
    BusFault_Handler                         0x000027c7   Thumb Code     2  startup_tm4c123.o(.text)
    UsageFault_Handler                       0x000027c9   Thumb Code     2  startup_tm4c123.o(.text)
    SVC_Handler                              0x000027cb   Thumb Code     2  startup_tm4c123.o(.text)
    DebugMon_Handler                         0x000027cd   Thumb Code     2  startup_tm4c123.o(.text)
    PendSV_Handler                           0x000027cf   Thumb Code     2  startup_tm4c123.o(.text)
    GPIOA_Handler                            0x000027d3   Thumb Code     2  startup_tm4c123.o(.text)
    GPIOB_Handler                            0x000027d5   Thumb Code     2  startup_tm4c123.o(.text)
    GPIOC_Handler                            0x000027d7   Thumb Code     2  startup_tm4c123.o(.text)
    GPIOE_Handler                            0x000027db   Thumb Code     2  startup_tm4c123.o(.text)
    UART1_Handler                            0x000027df   Thumb Code     2  startup_tm4c123.o(.text)
    SSI0_Handler                             0x000027e1   Thumb Code     2  startup_tm4c123.o(.text)
    I2C0_Handler                             0x000027e3   Thumb Code     2  startup_tm4c123.o(.text)
    PMW0_FAULT_Handler                       0x000027e5   Thumb Code     2  startup_tm4c123.o(.text)
    PWM0_0_Handler                           0x000027e7   Thumb Code     2  startup_tm4c123.o(.text)
    PWM0_1_Handler                           0x000027e9   Thumb Code     2  startup_tm4c123.o(.text)
    PWM0_2_Handler                           0x000027eb   Thumb Code     2  startup_tm4c123.o(.text)
    QEI0_Handler                             0x000027ed   Thumb Code     2  startup_tm4c123.o(.text)
    ADC0SS1_Handler                          0x000027f1   Thumb Code     2  startup_tm4c123.o(.text)
    ADC0SS2_Handler                          0x000027f3   Thumb Code     2  startup_tm4c123.o(.text)
    ADC0SS3_Handler                          0x000027f5   Thumb Code     2  startup_tm4c123.o(.text)
    TIMER0B_Handler                          0x000027fb   Thumb Code     2  startup_tm4c123.o(.text)
    TIMER1B_Handler                          0x000027ff   Thumb Code     2  startup_tm4c123.o(.text)
    TIMER2A_Handler                          0x00002801   Thumb Code     2  startup_tm4c123.o(.text)
    TIMER2B_Handler                          0x00002803   Thumb Code     2  startup_tm4c123.o(.text)
    COMP0_Handler                            0x00002805   Thumb Code     2  startup_tm4c123.o(.text)
    COMP1_Handler                            0x00002807   Thumb Code     2  startup_tm4c123.o(.text)
    COMP2_Handler                            0x00002809   Thumb Code     2  startup_tm4c123.o(.text)
    SYSCTL_Handler                           0x0000280b   Thumb Code     2  startup_tm4c123.o(.text)
    FLASH_Handler                            0x0000280d   Thumb Code     2  startup_tm4c123.o(.text)
    GPIOF_Handler                            0x0000280f   Thumb Code     2  startup_tm4c123.o(.text)
    GPIOG_Handler                            0x00002811   Thumb Code     2  startup_tm4c123.o(.text)
    GPIOH_Handler                            0x00002813   Thumb Code     2  startup_tm4c123.o(.text)
    UART2_Handler                            0x00002815   Thumb Code     2  startup_tm4c123.o(.text)
    SSI1_Handler                             0x00002817   Thumb Code     2  startup_tm4c123.o(.text)
    TIMER3A_Handler                          0x00002819   Thumb Code     2  startup_tm4c123.o(.text)
    TIMER3B_Handler                          0x0000281b   Thumb Code     2  startup_tm4c123.o(.text)
    I2C1_Handler                             0x0000281d   Thumb Code     2  startup_tm4c123.o(.text)
    QEI1_Handler                             0x0000281f   Thumb Code     2  startup_tm4c123.o(.text)
    CAN0_Handler                             0x00002821   Thumb Code     2  startup_tm4c123.o(.text)
    CAN1_Handler                             0x00002823   Thumb Code     2  startup_tm4c123.o(.text)
    CAN2_Handler                             0x00002825   Thumb Code     2  startup_tm4c123.o(.text)
    HIB_Handler                              0x00002827   Thumb Code     2  startup_tm4c123.o(.text)
    USB0_Handler                             0x00002829   Thumb Code     2  startup_tm4c123.o(.text)
    PWM0_3_Handler                           0x0000282b   Thumb Code     2  startup_tm4c123.o(.text)
    UDMA_Handler                             0x0000282d   Thumb Code     2  startup_tm4c123.o(.text)
    UDMAERR_Handler                          0x0000282f   Thumb Code     2  startup_tm4c123.o(.text)
    ADC1SS0_Handler                          0x00002831   Thumb Code     2  startup_tm4c123.o(.text)
    ADC1SS1_Handler                          0x00002833   Thumb Code     2  startup_tm4c123.o(.text)
    ADC1SS2_Handler                          0x00002835   Thumb Code     2  startup_tm4c123.o(.text)
    GPIOJ_Handler                            0x00002839   Thumb Code     2  startup_tm4c123.o(.text)
    GPIOK_Handler                            0x0000283b   Thumb Code     2  startup_tm4c123.o(.text)
    GPIOL_Handler                            0x0000283d   Thumb Code     2  startup_tm4c123.o(.text)
    SSI2_Handler                             0x0000283f   Thumb Code     2  startup_tm4c123.o(.text)
    SSI3_Handler                             0x00002841   Thumb Code     2  startup_tm4c123.o(.text)
    UART3_Handler                            0x00002843   Thumb Code     2  startup_tm4c123.o(.text)
    UART4_Handler                            0x00002845   Thumb Code     2  startup_tm4c123.o(.text)
    UART5_Handler                            0x00002847   Thumb Code     2  startup_tm4c123.o(.text)
    UART6_Handler                            0x00002849   Thumb Code     2  startup_tm4c123.o(.text)
    UART7_Handler                            0x0000284b   Thumb Code     2  startup_tm4c123.o(.text)
    I2C2_Handler                             0x0000284d   Thumb Code     2  startup_tm4c123.o(.text)
    I2C3_Handler                             0x0000284f   Thumb Code     2  startup_tm4c123.o(.text)
    TIMER4A_Handler                          0x00002851   Thumb Code     2  startup_tm4c123.o(.text)
    TIMER4B_Handler                          0x00002853   Thumb Code     2  startup_tm4c123.o(.text)
    TIMER5A_Handler                          0x00002855   Thumb Code     2  startup_tm4c123.o(.text)
    TIMER5B_Handler                          0x00002857   Thumb Code     2  startup_tm4c123.o(.text)
    WTIMER0A_Handler                         0x00002859   Thumb Code     2  startup_tm4c123.o(.text)
    WTIMER0B_Handler                         0x0000285b   Thumb Code     2  startup_tm4c123.o(.text)
    WTIMER1A_Handler                         0x0000285d   Thumb Code     2  startup_tm4c123.o(.text)
    WTIMER1B_Handler                         0x0000285f   Thumb Code     2  startup_tm4c123.o(.text)
    WTIMER2A_Handler                         0x00002861   Thumb Code     2  startup_tm4c123.o(.text)
    WTIMER2B_Handler                         0x00002863   Thumb Code     2  startup_tm4c123.o(.text)
    WTIMER3A_Handler                         0x00002865   Thumb Code     2  startup_tm4c123.o(.text)
    WTIMER3B_Handler                         0x00002867   Thumb Code     2  startup_tm4c123.o(.text)
    WTIMER4A_Handler                         0x00002869   Thumb Code     2  startup_tm4c123.o(.text)
    WTIMER4B_Handler                         0x0000286b   Thumb Code     2  startup_tm4c123.o(.text)
    WTIMER5A_Handler                         0x0000286d   Thumb Code     2  startup_tm4c123.o(.text)
    WTIMER5B_Handler                         0x0000286f   Thumb Code     2  startup_tm4c123.o(.text)
    FPU_Handler                              0x00002871   Thumb Code     2  startup_tm4c123.o(.text)
    I2C4_Handler                             0x00002873   Thumb Code     2  startup_tm4c123.o(.text)
    I2C5_Handler                             0x00002875   Thumb Code     2  startup_tm4c123.o(.text)
    GPIOM_Handler                            0x00002877   Thumb Code     2  startup_tm4c123.o(.text)
    GPION_Handler                            0x00002879   Thumb Code     2  startup_tm4c123.o(.text)
    QEI2_Handler                             0x0000287b   Thumb Code     2  startup_tm4c123.o(.text)
    GPIOP0_Handler                           0x0000287d   Thumb Code     2  startup_tm4c123.o(.text)
    GPIOP1_Handler                           0x0000287f   Thumb Code     2  startup_tm4c123.o(.text)
    GPIOP2_Handler                           0x00002881   Thumb Code     2  startup_tm4c123.o(.text)
    GPIOP3_Handler                           0x00002883   Thumb Code     2  startup_tm4c123.o(.text)
    GPIOP4_Handler                           0x00002885   Thumb Code     2  startup_tm4c123.o(.text)
    GPIOP5_Handler                           0x00002887   Thumb Code     2  startup_tm4c123.o(.text)
    GPIOP6_Handler                           0x00002889   Thumb Code     2  startup_tm4c123.o(.text)
    GPIOP7_Handler                           0x0000288b   Thumb Code     2  startup_tm4c123.o(.text)
    GPIOQ0_Handler                           0x0000288d   Thumb Code     2  startup_tm4c123.o(.text)
    GPIOQ1_Handler                           0x0000288f   Thumb Code     2  startup_tm4c123.o(.text)
    GPIOQ2_Handler                           0x00002891   Thumb Code     2  startup_tm4c123.o(.text)
    GPIOQ3_Handler                           0x00002893   Thumb Code     2  startup_tm4c123.o(.text)
    GPIOQ4_Handler                           0x00002895   Thumb Code     2  startup_tm4c123.o(.text)
    GPIOQ5_Handler                           0x00002897   Thumb Code     2  startup_tm4c123.o(.text)
    GPIOQ6_Handler                           0x00002899   Thumb Code     2  startup_tm4c123.o(.text)
    GPIOQ7_Handler                           0x0000289b   Thumb Code     2  startup_tm4c123.o(.text)
    GPIOR_Handler                            0x0000289d   Thumb Code     2  startup_tm4c123.o(.text)
    GPIOS_Handler                            0x0000289f   Thumb Code     2  startup_tm4c123.o(.text)
    PMW1_0_Handler                           0x000028a1   Thumb Code     2  startup_tm4c123.o(.text)
    PWM1_1_Handler                           0x000028a3   Thumb Code     2  startup_tm4c123.o(.text)
    PWM1_2_Handler                           0x000028a5   Thumb Code     2  startup_tm4c123.o(.text)
    PWM1_3_Handler                           0x000028a7   Thumb Code     2  startup_tm4c123.o(.text)
    PWM1_FAULT_Handler                       0x000028a9   Thumb Code     2  startup_tm4c123.o(.text)
    SystemCoreClockUpdate                    0x0000296b   Thumb Code   184  system_tm4c123.o(.text)
    SystemInit                               0x00002a23   Thumb Code   112  system_tm4c123.o(.text)
    __aeabi_memcpy                           0x00002b01   Thumb Code    36  memcpya.o(.text)
    __aeabi_memcpy4                          0x00002b01   Thumb Code     0  memcpya.o(.text)
    __aeabi_memcpy8                          0x00002b01   Thumb Code     0  memcpya.o(.text)
    __0scanf                                 0x00002b25   Thumb Code    26  __0scanf.o(.text)
    _scanf_string                            0x00002b45   Thumb Code   218  _scanf_str.o(.text)
    __aeabi_uldivmod                         0x00002c1f   Thumb Code    98  uldiv.o(.text)
    __vfscanf_char_file                      0x00002c81   Thumb Code    12  scanf_char_file.o(.text)
    __scatterload                            0x00002c95   Thumb Code    28  init.o(.text)
    __scatterload_rt2                        0x00002c95   Thumb Code     0  init.o(.text)
    _fgetc$bs                                0x00002cb9   Thumb Code    28  fgetc_b.o(.text)
    __backspace                              0x00002cd5   Thumb Code    10  fgetc_b.o(.text)
    __aeabi_llsl                             0x00002ce5   Thumb Code    30  llshl.o(.text)
    _ll_shift_l                              0x00002ce5   Thumb Code     0  llshl.o(.text)
    __aeabi_llsr                             0x00002d03   Thumb Code    32  llushr.o(.text)
    _ll_ushift_r                             0x00002d03   Thumb Code     0  llushr.o(.text)
    __vfscanf_char                           0x00002d31   Thumb Code    20  scanf_char.o(.text)
    __semihosting_library_function           0x00002d4d   Thumb Code     0  semi.o(.text)
    isspace                                  0x00002d4d   Thumb Code    10  isspace_c.o(.text)
    __vfscanf                                0x00002d59   Thumb Code   802  _scanf.o(.text)
    __I$use$semihosting$fgetc                0x00003081   Thumb Code     0  iusesemig.o(.text)
    __ctype_lookup                           0x00003081   Thumb Code    34  ctype_c.o(.text)
    __0printf$8                              0x000030a9   Thumb Code    22  printf8.o(i.__0printf$8)
    __1printf$8                              0x000030a9   Thumb Code     0  printf8.o(i.__0printf$8)
    __2printf                                0x000030a9   Thumb Code     0  printf8.o(i.__0printf$8)
    __aeabi_errno_addr                       0x000030c9   Thumb Code     4  errno.o(i.__aeabi_errno_addr)
    __rt_errno_addr                          0x000030c9   Thumb Code     0  errno.o(i.__aeabi_errno_addr)
    __scatterload_copy                       0x000030d1   Thumb Code    14  handlers.o(i.__scatterload_copy)
    __scatterload_null                       0x000030df   Thumb Code     2  handlers.o(i.__scatterload_null)
    __scatterload_zeroinit                   0x000030e1   Thumb Code    14  handlers.o(i.__scatterload_zeroinit)
    arialNarrow_8ptBitmaps                   0x000035ec   Data          50  fonts.o(.constdata)
    courierNew_10ptBitmaps                   0x0000361e   Data        1900  fonts.o(.constdata)
    buckyBadger                              0x00003d8a   Data         759  fonts.o(.constdata)
    motionW                                  0x00004081   Data         392  fonts.o(.constdata)
    __ctype_categories                       0x00004209   Data          64  ctype_c.o(.constdata)
    Region$$Table$$Base                      0x0000424c   Number         0  anon$$obj.o(Region$$Table)
    Region$$Table$$Limit                     0x0000426c   Number         0  anon$$obj.o(Region$$Table)
    myID                                     0x20000000   Data           5  main.o(.data)
    remoteID                                 0x20000005   Data           5  main.o(.data)
    nums2                                    0x2000000a   Data           2  main.o(.data)
    y1                                       0x2000000c   Data           4  main.o(.data)
    y2                                       0x20000010   Data           4  main.o(.data)
    y3                                       0x20000014   Data           4  main.o(.data)
    x1                                       0x20000018   Data           4  main.o(.data)
    x2                                       0x2000001c   Data           4  main.o(.data)
    x3                                       0x20000020   Data           4  main.o(.data)
    player1                                  0x20000024   Data           4  main.o(.data)
    player2                                  0x20000028   Data           4  main.o(.data)
    c1                                       0x2000002c   Data           1  main.o(.data)
    c2                                       0x2000002d   Data           1  main.o(.data)
    lastvalue                                0x20000030   Data           4  main.o(.data)
    right                                    0x20000034   Data           1  main.o(.data)
    left                                     0x20000035   Data           1  main.o(.data)
    gp_timer0                                0x20000038   Data           4  timers.o(.data)
    gp_timer1                                0x2000003c   Data           4  timers.o(.data)
    ALERT_2_SEC                              0x20000040   Data           1  interrupts.o(.data)
    UP                                       0x20000041   Data           1  interrupts.o(.data)
    DOWN                                     0x20000042   Data           1  interrupts.o(.data)
    RIGHT                                    0x20000043   Data           1  interrupts.o(.data)
    LEFT                                     0x20000044   Data           1  interrupts.o(.data)
    BTN_A                                    0x20000045   Data           1  interrupts.o(.data)
    BTN_B                                    0x20000046   Data           1  interrupts.o(.data)
    BTN_START                                0x20000047   Data           1  interrupts.o(.data)
    BTN_Z                                    0x20000048   Data           1  interrupts.o(.data)
    result                                   0x2000004c   Data           4  interrupts.o(.data)
    stats                                    0x20000050   Data           4  interrupts.o(.data)
    PACKSENT                                 0x20000054   Data           1  interrupts.o(.data)
    PACKREC                                  0x20000055   Data           1  interrupts.o(.data)
    DRUPT                                    0x20000056   Data           1  interrupts.o(.data)
    WATCHD                                   0x20000057   Data           1  interrupts.o(.data)
    numb                                     0x20000058   Data           4  interrupts.o(.data)
    numa                                     0x2000005c   Data           4  interrupts.o(.data)
    nums                                     0x20000060   Data           4  interrupts.o(.data)
    numz                                     0x20000064   Data           4  interrupts.o(.data)
    count                                    0x20000068   Data           4  interrupts.o(.data)
    lastmove                                 0x2000006c   Data           4  interrupts.o(.data)
    SystemCoreClock                          0x20000074   Data           4  system_tm4c123.o(.data)
    __stdin                                  0x20000078   Data           4  stdin.o(.data)
    __stdout                                 0x2000007c   Data           4  stdout.o(.data)
    UART0_Rx_Buffer                          0x20000088   Data          16  main.o(.bss)
    UART0_Tx_Buffer                          0x20000098   Data          16  main.o(.bss)
    Rx_Buff_Arr                              0x200000a8   Data          80  main.o(.bss)
    Tx_Buff_Arr                              0x200000f8   Data          80  main.o(.bss)
    data0                                    0x20000148   Data          80  main.o(.bss)
    data1                                    0x20000198   Data          80  main.o(.bss)
    __initial_sp                             0x200011e8   Data           0  startup_tm4c123.o(STACK)



==============================================================================

Memory Map of the image

  Image Entry point : 0x000027b9

  Load Region LR_1 (Base: 0x00000000, Size: 0x000042f4, Max: 0xffffffff, ABSOLUTE)

    Execution Region ER_RO (Base: 0x00000000, Size: 0x0000426c, Max: 0xffffffff, ABSOLUTE)

    Base Addr    Size         Type   Attr      Idx    E Section Name        Object

    0x00000000   0x0000026c   Data   RO          426    RESET               startup_tm4c123.o
    0x0000026c   0x00000000   Code   RO          457  * .ARM.Collect$$$$00000000  mc_w.l(entry.o)
    0x0000026c   0x00000004   Code   RO          738    .ARM.Collect$$$$00000001  mc_w.l(entry2.o)
    0x00000270   0x00000004   Code   RO          741    .ARM.Collect$$$$00000004  mc_w.l(entry5.o)
    0x00000274   0x00000000   Code   RO          743    .ARM.Collect$$$$00000008  mc_w.l(entry7b.o)
    0x00000274   0x00000000   Code   RO          745    .ARM.Collect$$$$0000000A  mc_w.l(entry8b.o)
    0x00000274   0x00000008   Code   RO          746    .ARM.Collect$$$$0000000B  mc_w.l(entry9a.o)
    0x0000027c   0x00000000   Code   RO          748    .ARM.Collect$$$$0000000D  mc_w.l(entry10a.o)
    0x0000027c   0x00000000   Code   RO          750    .ARM.Collect$$$$0000000F  mc_w.l(entry11a.o)
    0x0000027c   0x00000004   Code   RO          739    .ARM.Collect$$$$00002712  mc_w.l(entry2.o)
    0x00000280   0x0000072c   Code   RO            3    .text               main.o
    0x000009ac   0x00000260   Code   RO          120    .text               adc.o
    0x00000c0c   0x00000320   Code   RO          144    .text               gpio_port.o
    0x00000f2c   0x00000370   Code   RO          171    .text               timers.o
    0x0000129c   0x00000290   Code   RO          198    .text               eeprom.o
    0x0000152c   0x00000208   Code   RO          232    .text               i2c.o
    0x00001734   0x00000334   Code   RO          252    .text               lcd.o
    0x00001a68   0x0000006a   Code   RO          276    .text               pc_buffer.o
    0x00001ad2   0x00000002   PAD
    0x00001ad4   0x00000188   Code   RO          293    .text               spi.o
    0x00001c5c   0x0000018c   Code   RO          336    .text               uart_irqs.o
    0x00001de8   0x00000660   Code   RO          360    .text               wireless.o
    0x00002448   0x000002dc   Code   RO          380    .text               interrupts.o
    0x00002724   0x00000092   Code   RO          406    .text               io.o
    0x000027b6   0x00000002   PAD
    0x000027b8   0x000000fc   Code   RO          427  * .text               startup_tm4c123.o
    0x000028b4   0x0000024c   Code   RO          433    .text               system_tm4c123.o
    0x00002b00   0x00000024   Code   RO          462    .text               mc_w.l(memcpya.o)
    0x00002b24   0x00000020   Code   RO          734    .text               mc_w.l(__0scanf.o)
    0x00002b44   0x000000da   Code   RO          736    .text               mc_w.l(_scanf_str.o)
    0x00002c1e   0x00000062   Code   RO          754    .text               mc_w.l(uldiv.o)
    0x00002c80   0x00000014   Code   RO          756    .text               mc_w.l(scanf_char_file.o)
    0x00002c94   0x00000024   Code   RO          769    .text               mc_w.l(init.o)
    0x00002cb8   0x0000002c   Code   RO          771    .text               mc_w.l(fgetc_b.o)
    0x00002ce4   0x0000001e   Code   RO          774    .text               mc_w.l(llshl.o)
    0x00002d02   0x00000020   Code   RO          776    .text               mc_w.l(llushr.o)
    0x00002d22   0x00000002   PAD
    0x00002d24   0x00000028   Code   RO          780    .text               mc_w.l(scanf_char.o)
    0x00002d4c   0x00000000   Code   RO          784    .text               mc_w.l(semi.o)
    0x00002d4c   0x0000000a   Code   RO          785    .text               mc_w.l(isspace_c.o)
    0x00002d56   0x00000002   PAD
    0x00002d58   0x00000328   Code   RO          787    .text               mc_w.l(_scanf.o)
    0x00003080   0x00000000   Code   RO          789    .text               mc_w.l(iusesemig.o)
    0x00003080   0x00000028   Code   RO          790    .text               mc_w.l(ctype_c.o)
    0x000030a8   0x00000020   Code   RO          673    i.__0printf$8       mc_w.l(printf8.o)
    0x000030c8   0x00000008   Code   RO          727    i.__aeabi_errno_addr  mc_w.l(errno.o)
    0x000030d0   0x0000000e   Code   RO          795    i.__scatterload_copy  mc_w.l(handlers.o)
    0x000030de   0x00000002   Code   RO          796    i.__scatterload_null  mc_w.l(handlers.o)
    0x000030e0   0x0000000e   Code   RO          797    i.__scatterload_zeroinit  mc_w.l(handlers.o)
    0x000030ee   0x00000002   PAD
    0x000030f0   0x00000408   Code   RO          680    i._printf_core      mc_w.l(printf8.o)
    0x000034f8   0x00000024   Code   RO          681    i._printf_post_padding  mc_w.l(printf8.o)
    0x0000351c   0x0000002e   Code   RO          682    i._printf_pre_padding  mc_w.l(printf8.o)
    0x0000354a   0x00000002   PAD
    0x0000354c   0x000000a0   Data   RO          199    .constdata          eeprom.o
    0x000035ec   0x00000c1d   Data   RO          217    .constdata          fonts.o
    0x00004209   0x00000040   Data   RO          791    .constdata          mc_w.l(ctype_c.o)
    0x00004249   0x00000003   PAD
    0x0000424c   0x00000020   Data   RO          793    Region$$Table       anon$$obj.o


    Execution Region ER_RW (Base: 0x20000000, Size: 0x00000088, Max: 0xffffffff, ABSOLUTE)

    Base Addr    Size         Type   Attr      Idx    E Section Name        Object

    0x20000000   0x00000036   Data   RW            5    .data               main.o
    0x20000036   0x00000002   PAD
    0x20000038   0x00000008   Data   RW          172    .data               timers.o
    0x20000040   0x00000034   Data   RW          381    .data               interrupts.o
    0x20000074   0x00000004   Data   RW          434    .data               system_tm4c123.o
    0x20000078   0x00000004   Data   RW          460    .data               mc_w.l(stdin.o)
    0x2000007c   0x00000004   Data   RW          461    .data               mc_w.l(stdout.o)
    0x20000080   0x00000004   Data   RW          730    .data               mc_w.l(errno.o)
    0x20000084   0x00000003   Data   RW          772    .data               mc_w.l(fgetc_b.o)


    Execution Region ER_ZI (Base: 0x20000088, Size: 0x00001160, Max: 0xffffffff, ABSOLUTE)

    Base Addr    Size         Type   Attr      Idx    E Section Name        Object

    0x20000088   0x00000160   Zero   RW            4    .bss                main.o
    0x200001e8   0x00001000   Zero   RW          424    STACK               startup_tm4c123.o


==============================================================================

Image component sizes


      Code (inc. data)   RO Data    RW Data    ZI Data      Debug   Object Name

       608         38          0          0          0      29083   adc.o
       656        178        160          0          0       2262   eeprom.o
         0          0       3101          0          0        672   fonts.o
       800         44          0          0          0      31402   gpio_port.o
       520         24          0          0          0       3473   i2c.o
       732        124          0         52          0       3834   interrupts.o
       146          0          0          0          0        796   io.o
       820         20          0          0          0       2662   lcd.o
      1836        268          0         54        352      40954   main.o
       106          0          0          0          0       1755   pc_buffer.o
       392         24          0          0          0       1773   spi.o
       252         10        620          0       4096       5432   startup_tm4c123.o
       588        134          0          4          0       1521   system_tm4c123.o
       880         48          0          8          0      30409   timers.o
       396         44          0          0          0       1732   uart_irqs.o
      1632        200          0          0          0       6926   wireless.o

    ----------------------------------------------------------------------
     10368       1156       3913        120       4448     164686   Object Totals
         0          0         32          0          0          0   (incl. Generated)
         4          0          0          2          0          0   (incl. Padding)

    ----------------------------------------------------------------------

      Code (inc. data)   RO Data    RW Data    ZI Data      Debug   Library Member Name

        32          6          0          0          0         84   __0scanf.o
       808          6          0          0          0        112   _scanf.o
       218          0          0          0          0         96   _scanf_str.o
        40          6         64          0          0         68   ctype_c.o
         0          0          0          0          0          0   entry.o
         0          0          0          0          0          0   entry10a.o
         0          0          0          0          0          0   entry11a.o
         8          4          0          0          0          0   entry2.o
         4          0          0          0          0          0   entry5.o
         0          0          0          0          0          0   entry7b.o
         0          0          0          0          0          0   entry8b.o
         8          4          0          0          0          0   entry9a.o
         8          4          0          4          0         68   errno.o
        44          6          0          3          0        144   fgetc_b.o
        30          0          0          0          0          0   handlers.o
        36          8          0          0          0         68   init.o
        10          0          0          0          0         68   isspace_c.o
         0          0          0          0          0          0   iusesemig.o
        30          0          0          0          0         68   llshl.o
        32          0          0          0          0         68   llushr.o
        36          0          0          0          0         68   memcpya.o
      1146         54          0          0          0        352   printf8.o
        40          8          0          0          0         84   scanf_char.o
        20          8          0          0          0         68   scanf_char_file.o
         0          0          0          0          0          0   semi.o
         0          0          0          4          0          0   stdin.o
         0          0          0          4          0          0   stdout.o
        98          0          0          0          0         92   uldiv.o

    ----------------------------------------------------------------------
      2656        114         67         16          0       1508   Library Totals
         8          0          3          1          0          0   (incl. Padding)

    ----------------------------------------------------------------------

      Code (inc. data)   RO Data    RW Data    ZI Data      Debug   Library Name

      2648        114         64         15          0       1508   mc_w.l

    ----------------------------------------------------------------------
      2656        114         67         16          0       1508   Library Totals

    ----------------------------------------------------------------------

==============================================================================


      Code (inc. data)   RO Data    RW Data    ZI Data      Debug   

     13024       1270       3980        136       4448     163670   Grand Totals
     13024       1270       3980        136       4448     163670   ELF Image Totals
     13024       1270       3980        136          0          0   ROM Totals

==============================================================================

    Total RO  Size (Code + RO Data)                17004 (  16.61kB)
    Total RW  Size (RW Data + ZI Data)              4584 (   4.48kB)
    Total ROM Size (Code + RO Data + RW Data)      17140 (  16.74kB)

==============================================================================

